Sat May 25 12:09:01 +03 2024: 
Sat May 25 12:09:01 +03 2024: preloaded_modules
Sat May 25 12:09:01 +03 2024: Currently Loaded Modulefiles:
Sat May 25 12:09:02 +03 2024: 1) intel-oneapi-compilers/2021.4.0/gcc-7.5.0-sqbobre   2) ncurses/6.2/intel-20.0.4-utqf7mb   3) zlib/1.2.11/intel-20.0.4-y7c2i3c   4) openssl/1.1.1l/intel-20.0.4-bqezj56   5) cmake/3.21.4/intel-20.0.4-vuy5v7i
Sat May 25 12:09:02 +03 2024: Currently Loaded Modulefiles:
Sat May 25 12:09:02 +03 2024: 1) intel-oneapi-compilers/2021.4.0/gcc-7.5.0-sqbobre   2) ncurses/6.2/intel-20.0.4-utqf7mb   3) zlib/1.2.11/intel-20.0.4-y7c2i3c   4) openssl/1.1.1l/intel-20.0.4-bqezj56   5) cmake/3.21.4/intel-20.0.4-vuy5v7i
Sat May 25 12:09:02 +03 2024: -- Found OpenMP_C: -qopenmp (found version "5.0")
Sat May 25 12:09:02 +03 2024: -- Found OpenMP_C: -qopenmp (found version "5.0")
Sat May 25 12:09:02 +03 2024: -- Configuring done
Sat May 25 12:09:02 +03 2024: -- Generating done
Sat May 25 12:09:02 +03 2024: -- Build files have been written to: /home/plotnips/Dropbox/PhD_proposal/work_with_david/Exawave_3_handover/stencil_rtm
Sat May 25 12:09:02 +03 2024: /sw/workstations/apps/linux-ubuntu18.04-ivybridge/cmake/3.21.4/intel-20.0.4/vuy5v7it5f5hqrqa65ibf6uttrx2d3oj/bin/cmake -S/home/plotnips/Dropbox/PhD_proposal/work_with_david/Exawave_3_handover/stencil_rtm -B/home/plotnips/Dropbox/PhD_proposal/work_with_david/Exawave_3_handover/stencil_rtm --check-build-system CMakeFiles/Makefile.cmake 0
Sat May 25 12:09:02 +03 2024: /sw/workstations/apps/linux-ubuntu18.04-ivybridge/cmake/3.21.4/intel-20.0.4/vuy5v7it5f5hqrqa65ibf6uttrx2d3oj/bin/cmake -E cmake_progress_start /home/plotnips/Dropbox/PhD_proposal/work_with_david/Exawave_3_handover/stencil_rtm/CMakeFiles /home/plotnips/Dropbox/PhD_proposal/work_with_david/Exawave_3_handover/stencil_rtm//CMakeFiles/progress.marks
Sat May 25 12:09:02 +03 2024: make  -f CMakeFiles/Makefile2 all
Sat May 25 12:09:02 +03 2024: make[1]: Entering directory '/home/plotnips/Dropbox/PhD_proposal/work_with_david/Exawave_3_handover/stencil_rtm'
Sat May 25 12:09:02 +03 2024: make  -f src/CMakeFiles/simwave.dir/build.make src/CMakeFiles/simwave.dir/depend
Sat May 25 12:09:02 +03 2024: make[2]: Entering directory '/home/plotnips/Dropbox/PhD_proposal/work_with_david/Exawave_3_handover/stencil_rtm'
Sat May 25 12:09:02 +03 2024: cd /home/plotnips/Dropbox/PhD_proposal/work_with_david/Exawave_3_handover/stencil_rtm && /sw/workstations/apps/linux-ubuntu18.04-ivybridge/cmake/3.21.4/intel-20.0.4/vuy5v7it5f5hqrqa65ibf6uttrx2d3oj/bin/cmake -E cmake_depends "Unix Makefiles" /home/plotnips/Dropbox/PhD_proposal/work_with_david/Exawave_3_handover/stencil_rtm /home/plotnips/Dropbox/PhD_proposal/work_with_david/Exawave_3_handover/stencil_rtm/src /home/plotnips/Dropbox/PhD_proposal/work_with_david/Exawave_3_handover/stencil_rtm /home/plotnips/Dropbox/PhD_proposal/work_with_david/Exawave_3_handover/stencil_rtm/src /home/plotnips/Dropbox/PhD_proposal/work_with_david/Exawave_3_handover/stencil_rtm/src/CMakeFiles/simwave.dir/DependInfo.cmake --color=
Sat May 25 12:09:02 +03 2024: make[2]: Leaving directory '/home/plotnips/Dropbox/PhD_proposal/work_with_david/Exawave_3_handover/stencil_rtm'
Sat May 25 12:09:02 +03 2024: make  -f src/CMakeFiles/simwave.dir/build.make src/CMakeFiles/simwave.dir/build
Sat May 25 12:09:02 +03 2024: make[2]: Entering directory '/home/plotnips/Dropbox/PhD_proposal/work_with_david/Exawave_3_handover/stencil_rtm'
Sat May 25 12:09:02 +03 2024: [  4%] Building C object src/CMakeFiles/simwave.dir/bwriter.c.o
Sat May 25 12:09:02 +03 2024: cd /home/plotnips/Dropbox/PhD_proposal/work_with_david/Exawave_3_handover/stencil_rtm/src && /sw/workstations/apps/linux-ubuntu18.04-ivybridge/intel-oneapi-compilers/2021.4.0/gcc-7.5.0/sqbobreknfie6u3gabzli6kfi3yox7as/compiler/2021.4.0/linux/bin/intel64/icc  -I/home/plotnips/Dropbox/PhD_proposal/work_with_david/Exawave_3_handover/stencil_rtm/include -xHost -qopenmp -qopenmp -O3 -DNDEBUG -O3 -fno-fnalias -fno-alias -g -std=gnu99  -MD -MT src/CMakeFiles/simwave.dir/bwriter.c.o -MF CMakeFiles/simwave.dir/bwriter.c.o.d -o CMakeFiles/simwave.dir/bwriter.c.o -c /home/plotnips/Dropbox/PhD_proposal/work_with_david/Exawave_3_handover/stencil_rtm/src/bwriter.c
Sat May 25 12:09:03 +03 2024: [  8%] Building C object src/CMakeFiles/simwave.dir/interp.c.o
Sat May 25 12:09:03 +03 2024: cd /home/plotnips/Dropbox/PhD_proposal/work_with_david/Exawave_3_handover/stencil_rtm/src && /sw/workstations/apps/linux-ubuntu18.04-ivybridge/intel-oneapi-compilers/2021.4.0/gcc-7.5.0/sqbobreknfie6u3gabzli6kfi3yox7as/compiler/2021.4.0/linux/bin/intel64/icc  -I/home/plotnips/Dropbox/PhD_proposal/work_with_david/Exawave_3_handover/stencil_rtm/include -xHost -qopenmp -qopenmp -O3 -DNDEBUG -O3 -fno-fnalias -fno-alias -g -std=gnu99  -MD -MT src/CMakeFiles/simwave.dir/interp.c.o -MF CMakeFiles/simwave.dir/interp.c.o.d -o CMakeFiles/simwave.dir/interp.c.o -c /home/plotnips/Dropbox/PhD_proposal/work_with_david/Exawave_3_handover/stencil_rtm/src/interp.c
Sat May 25 12:09:03 +03 2024: [ 12%] Building C object src/CMakeFiles/simwave.dir/mlbs.c.o
Sat May 25 12:09:03 +03 2024: cd /home/plotnips/Dropbox/PhD_proposal/work_with_david/Exawave_3_handover/stencil_rtm/src && /sw/workstations/apps/linux-ubuntu18.04-ivybridge/intel-oneapi-compilers/2021.4.0/gcc-7.5.0/sqbobreknfie6u3gabzli6kfi3yox7as/compiler/2021.4.0/linux/bin/intel64/icc  -I/home/plotnips/Dropbox/PhD_proposal/work_with_david/Exawave_3_handover/stencil_rtm/include -xHost -qopenmp -qopenmp -O3 -DNDEBUG -O3 -fno-fnalias -fno-alias -g -std=gnu99  -MD -MT src/CMakeFiles/simwave.dir/mlbs.c.o -MF CMakeFiles/simwave.dir/mlbs.c.o.d -o CMakeFiles/simwave.dir/mlbs.c.o -c /home/plotnips/Dropbox/PhD_proposal/work_with_david/Exawave_3_handover/stencil_rtm/src/mlbs.c
Sat May 25 12:09:03 +03 2024: [ 16%] Building C object src/CMakeFiles/simwave.dir/parser.c.o
Sat May 25 12:09:03 +03 2024: cd /home/plotnips/Dropbox/PhD_proposal/work_with_david/Exawave_3_handover/stencil_rtm/src && /sw/workstations/apps/linux-ubuntu18.04-ivybridge/intel-oneapi-compilers/2021.4.0/gcc-7.5.0/sqbobreknfie6u3gabzli6kfi3yox7as/compiler/2021.4.0/linux/bin/intel64/icc  -I/home/plotnips/Dropbox/PhD_proposal/work_with_david/Exawave_3_handover/stencil_rtm/include -xHost -qopenmp -qopenmp -O3 -DNDEBUG -O3 -fno-fnalias -fno-alias -g -std=gnu99  -MD -MT src/CMakeFiles/simwave.dir/parser.c.o -MF CMakeFiles/simwave.dir/parser.c.o.d -o CMakeFiles/simwave.dir/parser.c.o -c /home/plotnips/Dropbox/PhD_proposal/work_with_david/Exawave_3_handover/stencil_rtm/src/parser.c
Sat May 25 12:09:04 +03 2024: [ 20%] Building C object src/CMakeFiles/simwave.dir/pml.c.o
Sat May 25 12:09:04 +03 2024: cd /home/plotnips/Dropbox/PhD_proposal/work_with_david/Exawave_3_handover/stencil_rtm/src && /sw/workstations/apps/linux-ubuntu18.04-ivybridge/intel-oneapi-compilers/2021.4.0/gcc-7.5.0/sqbobreknfie6u3gabzli6kfi3yox7as/compiler/2021.4.0/linux/bin/intel64/icc  -I/home/plotnips/Dropbox/PhD_proposal/work_with_david/Exawave_3_handover/stencil_rtm/include -xHost -qopenmp -qopenmp -O3 -DNDEBUG -O3 -fno-fnalias -fno-alias -g -std=gnu99  -MD -MT src/CMakeFiles/simwave.dir/pml.c.o -MF CMakeFiles/simwave.dir/pml.c.o.d -o CMakeFiles/simwave.dir/pml.c.o -c /home/plotnips/Dropbox/PhD_proposal/work_with_david/Exawave_3_handover/stencil_rtm/src/pml.c
Sat May 25 12:09:04 +03 2024: [ 25%] Building C object src/CMakeFiles/simwave.dir/shot.c.o
Sat May 25 12:09:04 +03 2024: cd /home/plotnips/Dropbox/PhD_proposal/work_with_david/Exawave_3_handover/stencil_rtm/src && /sw/workstations/apps/linux-ubuntu18.04-ivybridge/intel-oneapi-compilers/2021.4.0/gcc-7.5.0/sqbobreknfie6u3gabzli6kfi3yox7as/compiler/2021.4.0/linux/bin/intel64/icc  -I/home/plotnips/Dropbox/PhD_proposal/work_with_david/Exawave_3_handover/stencil_rtm/include -xHost -qopenmp -qopenmp -O3 -DNDEBUG -O3 -fno-fnalias -fno-alias -g -std=gnu99  -MD -MT src/CMakeFiles/simwave.dir/shot.c.o -MF CMakeFiles/simwave.dir/shot.c.o.d -o CMakeFiles/simwave.dir/shot.c.o -c /home/plotnips/Dropbox/PhD_proposal/work_with_david/Exawave_3_handover/stencil_rtm/src/shot.c
Sat May 25 12:09:04 +03 2024: [ 29%] Building C object src/CMakeFiles/simwave.dir/source.c.o
Sat May 25 12:09:04 +03 2024: cd /home/plotnips/Dropbox/PhD_proposal/work_with_david/Exawave_3_handover/stencil_rtm/src && /sw/workstations/apps/linux-ubuntu18.04-ivybridge/intel-oneapi-compilers/2021.4.0/gcc-7.5.0/sqbobreknfie6u3gabzli6kfi3yox7as/compiler/2021.4.0/linux/bin/intel64/icc  -I/home/plotnips/Dropbox/PhD_proposal/work_with_david/Exawave_3_handover/stencil_rtm/include -xHost -qopenmp -qopenmp -O3 -DNDEBUG -O3 -fno-fnalias -fno-alias -g -std=gnu99  -MD -MT src/CMakeFiles/simwave.dir/source.c.o -MF CMakeFiles/simwave.dir/source.c.o.d -o CMakeFiles/simwave.dir/source.c.o -c /home/plotnips/Dropbox/PhD_proposal/work_with_david/Exawave_3_handover/stencil_rtm/src/source.c
Sat May 25 12:09:04 +03 2024: [ 33%] Building C object src/CMakeFiles/simwave.dir/velocity.c.o
Sat May 25 12:09:04 +03 2024: cd /home/plotnips/Dropbox/PhD_proposal/work_with_david/Exawave_3_handover/stencil_rtm/src && /sw/workstations/apps/linux-ubuntu18.04-ivybridge/intel-oneapi-compilers/2021.4.0/gcc-7.5.0/sqbobreknfie6u3gabzli6kfi3yox7as/compiler/2021.4.0/linux/bin/intel64/icc  -I/home/plotnips/Dropbox/PhD_proposal/work_with_david/Exawave_3_handover/stencil_rtm/include -xHost -qopenmp -qopenmp -O3 -DNDEBUG -O3 -fno-fnalias -fno-alias -g -std=gnu99  -MD -MT src/CMakeFiles/simwave.dir/velocity.c.o -MF CMakeFiles/simwave.dir/velocity.c.o.d -o CMakeFiles/simwave.dir/velocity.c.o -c /home/plotnips/Dropbox/PhD_proposal/work_with_david/Exawave_3_handover/stencil_rtm/src/velocity.c
Sat May 25 12:09:05 +03 2024: [ 37%] Building C object src/CMakeFiles/simwave.dir/wave.c.o
Sat May 25 12:09:05 +03 2024: cd /home/plotnips/Dropbox/PhD_proposal/work_with_david/Exawave_3_handover/stencil_rtm/src && /sw/workstations/apps/linux-ubuntu18.04-ivybridge/intel-oneapi-compilers/2021.4.0/gcc-7.5.0/sqbobreknfie6u3gabzli6kfi3yox7as/compiler/2021.4.0/linux/bin/intel64/icc  -I/home/plotnips/Dropbox/PhD_proposal/work_with_david/Exawave_3_handover/stencil_rtm/include -xHost -qopenmp -qopenmp -O3 -DNDEBUG -O3 -fno-fnalias -fno-alias -g -std=gnu99  -MD -MT src/CMakeFiles/simwave.dir/wave.c.o -MF CMakeFiles/simwave.dir/wave.c.o.d -o CMakeFiles/simwave.dir/wave.c.o -c /home/plotnips/Dropbox/PhD_proposal/work_with_david/Exawave_3_handover/stencil_rtm/src/wave.c
Sat May 25 12:09:07 +03 2024: [ 41%] Building C object src/CMakeFiles/simwave.dir/wave_tb.c.o
Sat May 25 12:09:07 +03 2024: cd /home/plotnips/Dropbox/PhD_proposal/work_with_david/Exawave_3_handover/stencil_rtm/src && /sw/workstations/apps/linux-ubuntu18.04-ivybridge/intel-oneapi-compilers/2021.4.0/gcc-7.5.0/sqbobreknfie6u3gabzli6kfi3yox7as/compiler/2021.4.0/linux/bin/intel64/icc  -I/home/plotnips/Dropbox/PhD_proposal/work_with_david/Exawave_3_handover/stencil_rtm/include -xHost -qopenmp -qopenmp -O3 -DNDEBUG -O3 -fno-fnalias -fno-alias -g -std=gnu99  -MD -MT src/CMakeFiles/simwave.dir/wave_tb.c.o -MF CMakeFiles/simwave.dir/wave_tb.c.o.d -o CMakeFiles/simwave.dir/wave_tb.c.o -c /home/plotnips/Dropbox/PhD_proposal/work_with_david/Exawave_3_handover/stencil_rtm/src/wave_tb.c
Sat May 25 12:09:10 +03 2024: [ 45%] Building C object src/CMakeFiles/simwave.dir/wtime.c.o
Sat May 25 12:09:10 +03 2024: cd /home/plotnips/Dropbox/PhD_proposal/work_with_david/Exawave_3_handover/stencil_rtm/src && /sw/workstations/apps/linux-ubuntu18.04-ivybridge/intel-oneapi-compilers/2021.4.0/gcc-7.5.0/sqbobreknfie6u3gabzli6kfi3yox7as/compiler/2021.4.0/linux/bin/intel64/icc  -I/home/plotnips/Dropbox/PhD_proposal/work_with_david/Exawave_3_handover/stencil_rtm/include -xHost -qopenmp -qopenmp -O3 -DNDEBUG -O3 -fno-fnalias -fno-alias -g -std=gnu99  -MD -MT src/CMakeFiles/simwave.dir/wtime.c.o -MF CMakeFiles/simwave.dir/wtime.c.o.d -o CMakeFiles/simwave.dir/wtime.c.o -c /home/plotnips/Dropbox/PhD_proposal/work_with_david/Exawave_3_handover/stencil_rtm/src/wtime.c
Sat May 25 12:09:10 +03 2024: [ 50%] Linking C static library libsimwave.a
Sat May 25 12:09:10 +03 2024: cd /home/plotnips/Dropbox/PhD_proposal/work_with_david/Exawave_3_handover/stencil_rtm/src && /sw/workstations/apps/linux-ubuntu18.04-ivybridge/cmake/3.21.4/intel-20.0.4/vuy5v7it5f5hqrqa65ibf6uttrx2d3oj/bin/cmake -P CMakeFiles/simwave.dir/cmake_clean_target.cmake
Sat May 25 12:09:10 +03 2024: cd /home/plotnips/Dropbox/PhD_proposal/work_with_david/Exawave_3_handover/stencil_rtm/src && /sw/workstations/apps/linux-ubuntu18.04-ivybridge/cmake/3.21.4/intel-20.0.4/vuy5v7it5f5hqrqa65ibf6uttrx2d3oj/bin/cmake -E cmake_link_script CMakeFiles/simwave.dir/link.txt --verbose=1
Sat May 25 12:09:10 +03 2024: /usr/bin/ar qc libsimwave.a CMakeFiles/simwave.dir/bwriter.c.o CMakeFiles/simwave.dir/interp.c.o CMakeFiles/simwave.dir/mlbs.c.o CMakeFiles/simwave.dir/parser.c.o CMakeFiles/simwave.dir/pml.c.o CMakeFiles/simwave.dir/shot.c.o CMakeFiles/simwave.dir/source.c.o CMakeFiles/simwave.dir/velocity.c.o CMakeFiles/simwave.dir/wave.c.o CMakeFiles/simwave.dir/wave_tb.c.o CMakeFiles/simwave.dir/wtime.c.o
Sat May 25 12:09:10 +03 2024: /usr/bin/ranlib libsimwave.a
Sat May 25 12:09:10 +03 2024: make[2]: Leaving directory '/home/plotnips/Dropbox/PhD_proposal/work_with_david/Exawave_3_handover/stencil_rtm'
Sat May 25 12:09:10 +03 2024: [ 50%] Built target simwave
Sat May 25 12:09:10 +03 2024: make  -f app/CMakeFiles/gather.dir/build.make app/CMakeFiles/gather.dir/depend
Sat May 25 12:09:10 +03 2024: make[2]: Entering directory '/home/plotnips/Dropbox/PhD_proposal/work_with_david/Exawave_3_handover/stencil_rtm'
Sat May 25 12:09:10 +03 2024: cd /home/plotnips/Dropbox/PhD_proposal/work_with_david/Exawave_3_handover/stencil_rtm && /sw/workstations/apps/linux-ubuntu18.04-ivybridge/cmake/3.21.4/intel-20.0.4/vuy5v7it5f5hqrqa65ibf6uttrx2d3oj/bin/cmake -E cmake_depends "Unix Makefiles" /home/plotnips/Dropbox/PhD_proposal/work_with_david/Exawave_3_handover/stencil_rtm /home/plotnips/Dropbox/PhD_proposal/work_with_david/Exawave_3_handover/stencil_rtm/app /home/plotnips/Dropbox/PhD_proposal/work_with_david/Exawave_3_handover/stencil_rtm /home/plotnips/Dropbox/PhD_proposal/work_with_david/Exawave_3_handover/stencil_rtm/app /home/plotnips/Dropbox/PhD_proposal/work_with_david/Exawave_3_handover/stencil_rtm/app/CMakeFiles/gather.dir/DependInfo.cmake --color=
Sat May 25 12:09:10 +03 2024: make[2]: Leaving directory '/home/plotnips/Dropbox/PhD_proposal/work_with_david/Exawave_3_handover/stencil_rtm'
Sat May 25 12:09:10 +03 2024: make  -f app/CMakeFiles/gather.dir/build.make app/CMakeFiles/gather.dir/build
Sat May 25 12:09:10 +03 2024: make[2]: Entering directory '/home/plotnips/Dropbox/PhD_proposal/work_with_david/Exawave_3_handover/stencil_rtm'
Sat May 25 12:09:10 +03 2024: [ 54%] Building C object app/CMakeFiles/gather.dir/gather.c.o
Sat May 25 12:09:10 +03 2024: cd /home/plotnips/Dropbox/PhD_proposal/work_with_david/Exawave_3_handover/stencil_rtm/app && /sw/workstations/apps/linux-ubuntu18.04-ivybridge/intel-oneapi-compilers/2021.4.0/gcc-7.5.0/sqbobreknfie6u3gabzli6kfi3yox7as/compiler/2021.4.0/linux/bin/intel64/icc  -I/home/plotnips/Dropbox/PhD_proposal/work_with_david/Exawave_3_handover/stencil_rtm/include -I/sw/workstations/apps/linux-ubuntu18.04-ivybridge/cuda/11.5.0/gcc-7.5.0/syen6pj6ss3cw66zlj4wkfhtixh5i4ei/include -xHost -qopenmp -qopenmp -O3 -DNDEBUG -O3 -fno-fnalias -fno-alias -g -std=gnu99  -MD -MT app/CMakeFiles/gather.dir/gather.c.o -MF CMakeFiles/gather.dir/gather.c.o.d -o CMakeFiles/gather.dir/gather.c.o -c /home/plotnips/Dropbox/PhD_proposal/work_with_david/Exawave_3_handover/stencil_rtm/app/gather.c
Sat May 25 12:09:11 +03 2024: [ 58%] Linking C executable gather
Sat May 25 12:09:11 +03 2024: cd /home/plotnips/Dropbox/PhD_proposal/work_with_david/Exawave_3_handover/stencil_rtm/app && /sw/workstations/apps/linux-ubuntu18.04-ivybridge/cmake/3.21.4/intel-20.0.4/vuy5v7it5f5hqrqa65ibf6uttrx2d3oj/bin/cmake -E cmake_link_script CMakeFiles/gather.dir/link.txt --verbose=1
Sat May 25 12:09:11 +03 2024: /sw/workstations/apps/linux-ubuntu18.04-ivybridge/intel-oneapi-compilers/2021.4.0/gcc-7.5.0/sqbobreknfie6u3gabzli6kfi3yox7as/compiler/2021.4.0/linux/bin/intel64/icc -xHost -qopenmp -qopenmp -O3 -DNDEBUG -O3 -fno-fnalias -fno-alias -g -std=gnu99  CMakeFiles/gather.dir/gather.c.o -o gather  ../src/libsimwave.a -lm -lstdc++ /sw/workstations/apps/linux-ubuntu18.04-ivybridge/intel-oneapi-compilers/2021.4.0/gcc-7.5.0/sqbobreknfie6u3gabzli6kfi3yox7as/compiler/2021.4.0/linux/compiler/lib/intel64_lin/libiomp5.so -lpthread -qopenmp
Sat May 25 12:09:11 +03 2024: make[2]: Leaving directory '/home/plotnips/Dropbox/PhD_proposal/work_with_david/Exawave_3_handover/stencil_rtm'
Sat May 25 12:09:11 +03 2024: [ 58%] Built target gather
Sat May 25 12:09:11 +03 2024: make  -f app/CMakeFiles/modeling.dir/build.make app/CMakeFiles/modeling.dir/depend
Sat May 25 12:09:11 +03 2024: make[2]: Entering directory '/home/plotnips/Dropbox/PhD_proposal/work_with_david/Exawave_3_handover/stencil_rtm'
Sat May 25 12:09:11 +03 2024: cd /home/plotnips/Dropbox/PhD_proposal/work_with_david/Exawave_3_handover/stencil_rtm && /sw/workstations/apps/linux-ubuntu18.04-ivybridge/cmake/3.21.4/intel-20.0.4/vuy5v7it5f5hqrqa65ibf6uttrx2d3oj/bin/cmake -E cmake_depends "Unix Makefiles" /home/plotnips/Dropbox/PhD_proposal/work_with_david/Exawave_3_handover/stencil_rtm /home/plotnips/Dropbox/PhD_proposal/work_with_david/Exawave_3_handover/stencil_rtm/app /home/plotnips/Dropbox/PhD_proposal/work_with_david/Exawave_3_handover/stencil_rtm /home/plotnips/Dropbox/PhD_proposal/work_with_david/Exawave_3_handover/stencil_rtm/app /home/plotnips/Dropbox/PhD_proposal/work_with_david/Exawave_3_handover/stencil_rtm/app/CMakeFiles/modeling.dir/DependInfo.cmake --color=
Sat May 25 12:09:11 +03 2024: make[2]: Leaving directory '/home/plotnips/Dropbox/PhD_proposal/work_with_david/Exawave_3_handover/stencil_rtm'
Sat May 25 12:09:11 +03 2024: make  -f app/CMakeFiles/modeling.dir/build.make app/CMakeFiles/modeling.dir/build
Sat May 25 12:09:11 +03 2024: make[2]: Entering directory '/home/plotnips/Dropbox/PhD_proposal/work_with_david/Exawave_3_handover/stencil_rtm'
Sat May 25 12:09:11 +03 2024: [ 62%] Building C object app/CMakeFiles/modeling.dir/modeling.c.o
Sat May 25 12:09:11 +03 2024: cd /home/plotnips/Dropbox/PhD_proposal/work_with_david/Exawave_3_handover/stencil_rtm/app && /sw/workstations/apps/linux-ubuntu18.04-ivybridge/intel-oneapi-compilers/2021.4.0/gcc-7.5.0/sqbobreknfie6u3gabzli6kfi3yox7as/compiler/2021.4.0/linux/bin/intel64/icc  -I/home/plotnips/Dropbox/PhD_proposal/work_with_david/Exawave_3_handover/stencil_rtm/include -I/sw/workstations/apps/linux-ubuntu18.04-ivybridge/cuda/11.5.0/gcc-7.5.0/syen6pj6ss3cw66zlj4wkfhtixh5i4ei/include -xHost -qopenmp -qopenmp -O3 -DNDEBUG -O3 -fno-fnalias -fno-alias -g -std=gnu99  -MD -MT app/CMakeFiles/modeling.dir/modeling.c.o -MF CMakeFiles/modeling.dir/modeling.c.o.d -o CMakeFiles/modeling.dir/modeling.c.o -c /home/plotnips/Dropbox/PhD_proposal/work_with_david/Exawave_3_handover/stencil_rtm/app/modeling.c
Sat May 25 12:09:11 +03 2024: /home/plotnips/Dropbox/PhD_proposal/work_with_david/Exawave_3_handover/stencil_rtm/app/modeling.c(359): warning #810: conversion from "float *" to "unsigned int" may lose significant bits
Sat May 25 12:09:11 +03 2024: wave_tb_save_lastshot(s,shot,u0,u1,vel);
Sat May 25 12:09:11 +03 2024: ^
Sat May 25 12:09:11 +03 2024: 
Sat May 25 12:09:11 +03 2024: [ 66%] Linking C executable modeling
Sat May 25 12:09:11 +03 2024: cd /home/plotnips/Dropbox/PhD_proposal/work_with_david/Exawave_3_handover/stencil_rtm/app && /sw/workstations/apps/linux-ubuntu18.04-ivybridge/cmake/3.21.4/intel-20.0.4/vuy5v7it5f5hqrqa65ibf6uttrx2d3oj/bin/cmake -E cmake_link_script CMakeFiles/modeling.dir/link.txt --verbose=1
Sat May 25 12:09:11 +03 2024: /sw/workstations/apps/linux-ubuntu18.04-ivybridge/intel-oneapi-compilers/2021.4.0/gcc-7.5.0/sqbobreknfie6u3gabzli6kfi3yox7as/compiler/2021.4.0/linux/bin/intel64/icc -xHost -qopenmp -qopenmp -O3 -DNDEBUG -O3 -fno-fnalias -fno-alias -g -std=gnu99  CMakeFiles/modeling.dir/modeling.c.o -o modeling  ../src/libsimwave.a -lm -lstdc++ /sw/workstations/apps/linux-ubuntu18.04-ivybridge/intel-oneapi-compilers/2021.4.0/gcc-7.5.0/sqbobreknfie6u3gabzli6kfi3yox7as/compiler/2021.4.0/linux/compiler/lib/intel64_lin/libiomp5.so -lpthread -qopenmp
Sat May 25 12:09:12 +03 2024: make[2]: Leaving directory '/home/plotnips/Dropbox/PhD_proposal/work_with_david/Exawave_3_handover/stencil_rtm'
Sat May 25 12:09:12 +03 2024: [ 66%] Built target modeling
Sat May 25 12:09:12 +03 2024: make  -f app/CMakeFiles/modeling-snap_end.dir/build.make app/CMakeFiles/modeling-snap_end.dir/depend
Sat May 25 12:09:12 +03 2024: make[2]: Entering directory '/home/plotnips/Dropbox/PhD_proposal/work_with_david/Exawave_3_handover/stencil_rtm'
Sat May 25 12:09:12 +03 2024: cd /home/plotnips/Dropbox/PhD_proposal/work_with_david/Exawave_3_handover/stencil_rtm && /sw/workstations/apps/linux-ubuntu18.04-ivybridge/cmake/3.21.4/intel-20.0.4/vuy5v7it5f5hqrqa65ibf6uttrx2d3oj/bin/cmake -E cmake_depends "Unix Makefiles" /home/plotnips/Dropbox/PhD_proposal/work_with_david/Exawave_3_handover/stencil_rtm /home/plotnips/Dropbox/PhD_proposal/work_with_david/Exawave_3_handover/stencil_rtm/app /home/plotnips/Dropbox/PhD_proposal/work_with_david/Exawave_3_handover/stencil_rtm /home/plotnips/Dropbox/PhD_proposal/work_with_david/Exawave_3_handover/stencil_rtm/app /home/plotnips/Dropbox/PhD_proposal/work_with_david/Exawave_3_handover/stencil_rtm/app/CMakeFiles/modeling-snap_end.dir/DependInfo.cmake --color=
Sat May 25 12:09:12 +03 2024: make[2]: Leaving directory '/home/plotnips/Dropbox/PhD_proposal/work_with_david/Exawave_3_handover/stencil_rtm'
Sat May 25 12:09:12 +03 2024: make  -f app/CMakeFiles/modeling-snap_end.dir/build.make app/CMakeFiles/modeling-snap_end.dir/build
Sat May 25 12:09:12 +03 2024: make[2]: Entering directory '/home/plotnips/Dropbox/PhD_proposal/work_with_david/Exawave_3_handover/stencil_rtm'
Sat May 25 12:09:12 +03 2024: [ 70%] Building C object app/CMakeFiles/modeling-snap_end.dir/modeling-snap_end.c.o
Sat May 25 12:09:12 +03 2024: cd /home/plotnips/Dropbox/PhD_proposal/work_with_david/Exawave_3_handover/stencil_rtm/app && /sw/workstations/apps/linux-ubuntu18.04-ivybridge/intel-oneapi-compilers/2021.4.0/gcc-7.5.0/sqbobreknfie6u3gabzli6kfi3yox7as/compiler/2021.4.0/linux/bin/intel64/icc  -I/home/plotnips/Dropbox/PhD_proposal/work_with_david/Exawave_3_handover/stencil_rtm/include -I/sw/workstations/apps/linux-ubuntu18.04-ivybridge/cuda/11.5.0/gcc-7.5.0/syen6pj6ss3cw66zlj4wkfhtixh5i4ei/include -xHost -qopenmp -qopenmp -O3 -DNDEBUG -O3 -fno-fnalias -fno-alias -g -std=gnu99  -MD -MT app/CMakeFiles/modeling-snap_end.dir/modeling-snap_end.c.o -MF CMakeFiles/modeling-snap_end.dir/modeling-snap_end.c.o.d -o CMakeFiles/modeling-snap_end.dir/modeling-snap_end.c.o -c /home/plotnips/Dropbox/PhD_proposal/work_with_david/Exawave_3_handover/stencil_rtm/app/modeling-snap_end.c
Sat May 25 12:09:12 +03 2024: [ 75%] Linking C executable modeling-snap_end
Sat May 25 12:09:12 +03 2024: cd /home/plotnips/Dropbox/PhD_proposal/work_with_david/Exawave_3_handover/stencil_rtm/app && /sw/workstations/apps/linux-ubuntu18.04-ivybridge/cmake/3.21.4/intel-20.0.4/vuy5v7it5f5hqrqa65ibf6uttrx2d3oj/bin/cmake -E cmake_link_script CMakeFiles/modeling-snap_end.dir/link.txt --verbose=1
Sat May 25 12:09:12 +03 2024: /sw/workstations/apps/linux-ubuntu18.04-ivybridge/intel-oneapi-compilers/2021.4.0/gcc-7.5.0/sqbobreknfie6u3gabzli6kfi3yox7as/compiler/2021.4.0/linux/bin/intel64/icc -xHost -qopenmp -qopenmp -O3 -DNDEBUG -O3 -fno-fnalias -fno-alias -g -std=gnu99  CMakeFiles/modeling-snap_end.dir/modeling-snap_end.c.o -o modeling-snap_end  ../src/libsimwave.a -lm -lstdc++ /sw/workstations/apps/linux-ubuntu18.04-ivybridge/intel-oneapi-compilers/2021.4.0/gcc-7.5.0/sqbobreknfie6u3gabzli6kfi3yox7as/compiler/2021.4.0/linux/compiler/lib/intel64_lin/libiomp5.so -lpthread -qopenmp
Sat May 25 12:09:13 +03 2024: make[2]: Leaving directory '/home/plotnips/Dropbox/PhD_proposal/work_with_david/Exawave_3_handover/stencil_rtm'
Sat May 25 12:09:13 +03 2024: [ 75%] Built target modeling-snap_end
Sat May 25 12:09:13 +03 2024: make  -f app/CMakeFiles/modeling-snap_tb.dir/build.make app/CMakeFiles/modeling-snap_tb.dir/depend
Sat May 25 12:09:13 +03 2024: make[2]: Entering directory '/home/plotnips/Dropbox/PhD_proposal/work_with_david/Exawave_3_handover/stencil_rtm'
Sat May 25 12:09:13 +03 2024: cd /home/plotnips/Dropbox/PhD_proposal/work_with_david/Exawave_3_handover/stencil_rtm && /sw/workstations/apps/linux-ubuntu18.04-ivybridge/cmake/3.21.4/intel-20.0.4/vuy5v7it5f5hqrqa65ibf6uttrx2d3oj/bin/cmake -E cmake_depends "Unix Makefiles" /home/plotnips/Dropbox/PhD_proposal/work_with_david/Exawave_3_handover/stencil_rtm /home/plotnips/Dropbox/PhD_proposal/work_with_david/Exawave_3_handover/stencil_rtm/app /home/plotnips/Dropbox/PhD_proposal/work_with_david/Exawave_3_handover/stencil_rtm /home/plotnips/Dropbox/PhD_proposal/work_with_david/Exawave_3_handover/stencil_rtm/app /home/plotnips/Dropbox/PhD_proposal/work_with_david/Exawave_3_handover/stencil_rtm/app/CMakeFiles/modeling-snap_tb.dir/DependInfo.cmake --color=
Sat May 25 12:09:13 +03 2024: make[2]: Leaving directory '/home/plotnips/Dropbox/PhD_proposal/work_with_david/Exawave_3_handover/stencil_rtm'
Sat May 25 12:09:13 +03 2024: make  -f app/CMakeFiles/modeling-snap_tb.dir/build.make app/CMakeFiles/modeling-snap_tb.dir/build
Sat May 25 12:09:13 +03 2024: make[2]: Entering directory '/home/plotnips/Dropbox/PhD_proposal/work_with_david/Exawave_3_handover/stencil_rtm'
Sat May 25 12:09:13 +03 2024: [ 79%] Building C object app/CMakeFiles/modeling-snap_tb.dir/modeling-snap_tb.c.o
Sat May 25 12:09:13 +03 2024: cd /home/plotnips/Dropbox/PhD_proposal/work_with_david/Exawave_3_handover/stencil_rtm/app && /sw/workstations/apps/linux-ubuntu18.04-ivybridge/intel-oneapi-compilers/2021.4.0/gcc-7.5.0/sqbobreknfie6u3gabzli6kfi3yox7as/compiler/2021.4.0/linux/bin/intel64/icc  -I/home/plotnips/Dropbox/PhD_proposal/work_with_david/Exawave_3_handover/stencil_rtm/include -I/sw/workstations/apps/linux-ubuntu18.04-ivybridge/cuda/11.5.0/gcc-7.5.0/syen6pj6ss3cw66zlj4wkfhtixh5i4ei/include -xHost -qopenmp -qopenmp -O3 -DNDEBUG -O3 -fno-fnalias -fno-alias -g -std=gnu99  -MD -MT app/CMakeFiles/modeling-snap_tb.dir/modeling-snap_tb.c.o -MF CMakeFiles/modeling-snap_tb.dir/modeling-snap_tb.c.o.d -o CMakeFiles/modeling-snap_tb.dir/modeling-snap_tb.c.o -c /home/plotnips/Dropbox/PhD_proposal/work_with_david/Exawave_3_handover/stencil_rtm/app/modeling-snap_tb.c
Sat May 25 12:09:13 +03 2024: [ 83%] Linking C executable modeling-snap_tb
Sat May 25 12:09:13 +03 2024: cd /home/plotnips/Dropbox/PhD_proposal/work_with_david/Exawave_3_handover/stencil_rtm/app && /sw/workstations/apps/linux-ubuntu18.04-ivybridge/cmake/3.21.4/intel-20.0.4/vuy5v7it5f5hqrqa65ibf6uttrx2d3oj/bin/cmake -E cmake_link_script CMakeFiles/modeling-snap_tb.dir/link.txt --verbose=1
Sat May 25 12:09:13 +03 2024: /sw/workstations/apps/linux-ubuntu18.04-ivybridge/intel-oneapi-compilers/2021.4.0/gcc-7.5.0/sqbobreknfie6u3gabzli6kfi3yox7as/compiler/2021.4.0/linux/bin/intel64/icc -xHost -qopenmp -qopenmp -O3 -DNDEBUG -O3 -fno-fnalias -fno-alias -g -std=gnu99  CMakeFiles/modeling-snap_tb.dir/modeling-snap_tb.c.o -o modeling-snap_tb  ../src/libsimwave.a -lm -lstdc++ /sw/workstations/apps/linux-ubuntu18.04-ivybridge/intel-oneapi-compilers/2021.4.0/gcc-7.5.0/sqbobreknfie6u3gabzli6kfi3yox7as/compiler/2021.4.0/linux/compiler/lib/intel64_lin/libiomp5.so -lpthread -qopenmp
Sat May 25 12:09:13 +03 2024: make[2]: Leaving directory '/home/plotnips/Dropbox/PhD_proposal/work_with_david/Exawave_3_handover/stencil_rtm'
Sat May 25 12:09:13 +03 2024: [ 83%] Built target modeling-snap_tb
Sat May 25 12:09:13 +03 2024: make  -f app/CMakeFiles/rtm.dir/build.make app/CMakeFiles/rtm.dir/depend
Sat May 25 12:09:13 +03 2024: make[2]: Entering directory '/home/plotnips/Dropbox/PhD_proposal/work_with_david/Exawave_3_handover/stencil_rtm'
Sat May 25 12:09:13 +03 2024: cd /home/plotnips/Dropbox/PhD_proposal/work_with_david/Exawave_3_handover/stencil_rtm && /sw/workstations/apps/linux-ubuntu18.04-ivybridge/cmake/3.21.4/intel-20.0.4/vuy5v7it5f5hqrqa65ibf6uttrx2d3oj/bin/cmake -E cmake_depends "Unix Makefiles" /home/plotnips/Dropbox/PhD_proposal/work_with_david/Exawave_3_handover/stencil_rtm /home/plotnips/Dropbox/PhD_proposal/work_with_david/Exawave_3_handover/stencil_rtm/app /home/plotnips/Dropbox/PhD_proposal/work_with_david/Exawave_3_handover/stencil_rtm /home/plotnips/Dropbox/PhD_proposal/work_with_david/Exawave_3_handover/stencil_rtm/app /home/plotnips/Dropbox/PhD_proposal/work_with_david/Exawave_3_handover/stencil_rtm/app/CMakeFiles/rtm.dir/DependInfo.cmake --color=
Sat May 25 12:09:13 +03 2024: make[2]: Leaving directory '/home/plotnips/Dropbox/PhD_proposal/work_with_david/Exawave_3_handover/stencil_rtm'
Sat May 25 12:09:13 +03 2024: make  -f app/CMakeFiles/rtm.dir/build.make app/CMakeFiles/rtm.dir/build
Sat May 25 12:09:13 +03 2024: make[2]: Entering directory '/home/plotnips/Dropbox/PhD_proposal/work_with_david/Exawave_3_handover/stencil_rtm'
Sat May 25 12:09:13 +03 2024: [ 87%] Building C object app/CMakeFiles/rtm.dir/rtm.c.o
Sat May 25 12:09:13 +03 2024: cd /home/plotnips/Dropbox/PhD_proposal/work_with_david/Exawave_3_handover/stencil_rtm/app && /sw/workstations/apps/linux-ubuntu18.04-ivybridge/intel-oneapi-compilers/2021.4.0/gcc-7.5.0/sqbobreknfie6u3gabzli6kfi3yox7as/compiler/2021.4.0/linux/bin/intel64/icc  -I/home/plotnips/Dropbox/PhD_proposal/work_with_david/Exawave_3_handover/stencil_rtm/include -I/sw/workstations/apps/linux-ubuntu18.04-ivybridge/cuda/11.5.0/gcc-7.5.0/syen6pj6ss3cw66zlj4wkfhtixh5i4ei/include -xHost -qopenmp -qopenmp -O3 -DNDEBUG -O3 -fno-fnalias -fno-alias -g -std=gnu99  -MD -MT app/CMakeFiles/rtm.dir/rtm.c.o -MF CMakeFiles/rtm.dir/rtm.c.o.d -o CMakeFiles/rtm.dir/rtm.c.o -c /home/plotnips/Dropbox/PhD_proposal/work_with_david/Exawave_3_handover/stencil_rtm/app/rtm.c
Sat May 25 12:09:14 +03 2024: [ 91%] Linking C executable rtm
Sat May 25 12:09:14 +03 2024: cd /home/plotnips/Dropbox/PhD_proposal/work_with_david/Exawave_3_handover/stencil_rtm/app && /sw/workstations/apps/linux-ubuntu18.04-ivybridge/cmake/3.21.4/intel-20.0.4/vuy5v7it5f5hqrqa65ibf6uttrx2d3oj/bin/cmake -E cmake_link_script CMakeFiles/rtm.dir/link.txt --verbose=1
Sat May 25 12:09:14 +03 2024: /sw/workstations/apps/linux-ubuntu18.04-ivybridge/intel-oneapi-compilers/2021.4.0/gcc-7.5.0/sqbobreknfie6u3gabzli6kfi3yox7as/compiler/2021.4.0/linux/bin/intel64/icc -xHost -qopenmp -qopenmp -O3 -DNDEBUG -O3 -fno-fnalias -fno-alias -g -std=gnu99  CMakeFiles/rtm.dir/rtm.c.o -o rtm  ../src/libsimwave.a -lm -lstdc++ /sw/workstations/apps/linux-ubuntu18.04-ivybridge/intel-oneapi-compilers/2021.4.0/gcc-7.5.0/sqbobreknfie6u3gabzli6kfi3yox7as/compiler/2021.4.0/linux/compiler/lib/intel64_lin/libiomp5.so -lpthread -qopenmp
Sat May 25 12:09:14 +03 2024: make[2]: Leaving directory '/home/plotnips/Dropbox/PhD_proposal/work_with_david/Exawave_3_handover/stencil_rtm'
Sat May 25 12:09:14 +03 2024: [ 91%] Built target rtm
Sat May 25 12:09:14 +03 2024: make  -f app/CMakeFiles/modeling_original.dir/build.make app/CMakeFiles/modeling_original.dir/depend
Sat May 25 12:09:14 +03 2024: make[2]: Entering directory '/home/plotnips/Dropbox/PhD_proposal/work_with_david/Exawave_3_handover/stencil_rtm'
Sat May 25 12:09:14 +03 2024: cd /home/plotnips/Dropbox/PhD_proposal/work_with_david/Exawave_3_handover/stencil_rtm && /sw/workstations/apps/linux-ubuntu18.04-ivybridge/cmake/3.21.4/intel-20.0.4/vuy5v7it5f5hqrqa65ibf6uttrx2d3oj/bin/cmake -E cmake_depends "Unix Makefiles" /home/plotnips/Dropbox/PhD_proposal/work_with_david/Exawave_3_handover/stencil_rtm /home/plotnips/Dropbox/PhD_proposal/work_with_david/Exawave_3_handover/stencil_rtm/app /home/plotnips/Dropbox/PhD_proposal/work_with_david/Exawave_3_handover/stencil_rtm /home/plotnips/Dropbox/PhD_proposal/work_with_david/Exawave_3_handover/stencil_rtm/app /home/plotnips/Dropbox/PhD_proposal/work_with_david/Exawave_3_handover/stencil_rtm/app/CMakeFiles/modeling_original.dir/DependInfo.cmake --color=
Sat May 25 12:09:14 +03 2024: make[2]: Leaving directory '/home/plotnips/Dropbox/PhD_proposal/work_with_david/Exawave_3_handover/stencil_rtm'
Sat May 25 12:09:14 +03 2024: make  -f app/CMakeFiles/modeling_original.dir/build.make app/CMakeFiles/modeling_original.dir/build
Sat May 25 12:09:14 +03 2024: make[2]: Entering directory '/home/plotnips/Dropbox/PhD_proposal/work_with_david/Exawave_3_handover/stencil_rtm'
Sat May 25 12:09:14 +03 2024: [ 95%] Building C object app/CMakeFiles/modeling_original.dir/modeling_original.c.o
Sat May 25 12:09:14 +03 2024: cd /home/plotnips/Dropbox/PhD_proposal/work_with_david/Exawave_3_handover/stencil_rtm/app && /sw/workstations/apps/linux-ubuntu18.04-ivybridge/intel-oneapi-compilers/2021.4.0/gcc-7.5.0/sqbobreknfie6u3gabzli6kfi3yox7as/compiler/2021.4.0/linux/bin/intel64/icc  -I/home/plotnips/Dropbox/PhD_proposal/work_with_david/Exawave_3_handover/stencil_rtm/include -I/sw/workstations/apps/linux-ubuntu18.04-ivybridge/cuda/11.5.0/gcc-7.5.0/syen6pj6ss3cw66zlj4wkfhtixh5i4ei/include -xHost -qopenmp -qopenmp -O3 -DNDEBUG -O3 -fno-fnalias -fno-alias -g -std=gnu99  -MD -MT app/CMakeFiles/modeling_original.dir/modeling_original.c.o -MF CMakeFiles/modeling_original.dir/modeling_original.c.o.d -o CMakeFiles/modeling_original.dir/modeling_original.c.o -c /home/plotnips/Dropbox/PhD_proposal/work_with_david/Exawave_3_handover/stencil_rtm/app/modeling_original.c
Sat May 25 12:09:15 +03 2024: [100%] Linking C executable modeling_original
Sat May 25 12:09:15 +03 2024: cd /home/plotnips/Dropbox/PhD_proposal/work_with_david/Exawave_3_handover/stencil_rtm/app && /sw/workstations/apps/linux-ubuntu18.04-ivybridge/cmake/3.21.4/intel-20.0.4/vuy5v7it5f5hqrqa65ibf6uttrx2d3oj/bin/cmake -E cmake_link_script CMakeFiles/modeling_original.dir/link.txt --verbose=1
Sat May 25 12:09:15 +03 2024: /sw/workstations/apps/linux-ubuntu18.04-ivybridge/intel-oneapi-compilers/2021.4.0/gcc-7.5.0/sqbobreknfie6u3gabzli6kfi3yox7as/compiler/2021.4.0/linux/bin/intel64/icc -xHost -qopenmp -qopenmp -O3 -DNDEBUG -O3 -fno-fnalias -fno-alias -g -std=gnu99  CMakeFiles/modeling_original.dir/modeling_original.c.o -o modeling_original  ../src/libsimwave.a -lm -lstdc++ /sw/workstations/apps/linux-ubuntu18.04-ivybridge/intel-oneapi-compilers/2021.4.0/gcc-7.5.0/sqbobreknfie6u3gabzli6kfi3yox7as/compiler/2021.4.0/linux/compiler/lib/intel64_lin/libiomp5.so -lpthread -qopenmp
Sat May 25 12:09:15 +03 2024: make[2]: Leaving directory '/home/plotnips/Dropbox/PhD_proposal/work_with_david/Exawave_3_handover/stencil_rtm'
Sat May 25 12:09:15 +03 2024: [100%] Built target modeling_original
Sat May 25 12:09:15 +03 2024: make[1]: Leaving directory '/home/plotnips/Dropbox/PhD_proposal/work_with_david/Exawave_3_handover/stencil_rtm'
Sat May 25 12:09:15 +03 2024: /sw/workstations/apps/linux-ubuntu18.04-ivybridge/cmake/3.21.4/intel-20.0.4/vuy5v7it5f5hqrqa65ibf6uttrx2d3oj/bin/cmake -E cmake_progress_start /home/plotnips/Dropbox/PhD_proposal/work_with_david/Exawave_3_handover/stencil_rtm/CMakeFiles 0
Sat May 25 12:09:15 +03 2024: Consolidate compiler generated dependencies of target simwave
Sat May 25 12:09:15 +03 2024: [ 50%] Built target simwave
Sat May 25 12:09:15 +03 2024: Consolidate compiler generated dependencies of target gather
Sat May 25 12:09:15 +03 2024: [ 58%] Built target gather
Sat May 25 12:09:15 +03 2024: Consolidate compiler generated dependencies of target modeling
Sat May 25 12:09:15 +03 2024: [ 66%] Built target modeling
Sat May 25 12:09:15 +03 2024: Consolidate compiler generated dependencies of target modeling-snap_end
Sat May 25 12:09:15 +03 2024: [ 75%] Built target modeling-snap_end
Sat May 25 12:09:15 +03 2024: Consolidate compiler generated dependencies of target modeling-snap_tb
Sat May 25 12:09:15 +03 2024: [ 83%] Built target modeling-snap_tb
Sat May 25 12:09:16 +03 2024: Consolidate compiler generated dependencies of target rtm
Sat May 25 12:09:16 +03 2024: [ 91%] Built target rtm
Sat May 25 12:09:16 +03 2024: Consolidate compiler generated dependencies of target modeling_original
Sat May 25 12:09:16 +03 2024: [100%] Built target modeling_original
Sat May 25 12:09:16 +03 2024: Install the project...
Sat May 25 12:09:16 +03 2024: -- Install configuration: "Release"
Sat May 25 12:09:16 +03 2024: -- Installing: /home/plotnips/Dropbox/PhD_proposal/work_with_david/Exawave_3_handover/stencil_rtm/lib/libsimwave.a
Sat May 25 12:09:16 +03 2024: -- Installing: /home/plotnips/Dropbox/PhD_proposal/work_with_david/Exawave_3_handover/stencil_rtm/bin/gather
Sat May 25 12:09:16 +03 2024: -- Installing: /home/plotnips/Dropbox/PhD_proposal/work_with_david/Exawave_3_handover/stencil_rtm/bin/modeling-snap_end
Sat May 25 12:09:16 +03 2024: -- Installing: /home/plotnips/Dropbox/PhD_proposal/work_with_david/Exawave_3_handover/stencil_rtm/bin/modeling-snap_tb
Sat May 25 12:09:16 +03 2024: -- Installing: /home/plotnips/Dropbox/PhD_proposal/work_with_david/Exawave_3_handover/stencil_rtm/bin/modeling
Sat May 25 12:09:16 +03 2024: -- Installing: /home/plotnips/Dropbox/PhD_proposal/work_with_david/Exawave_3_handover/stencil_rtm/bin/modeling_original
Sat May 25 12:09:16 +03 2024: -- Installing: /home/plotnips/Dropbox/PhD_proposal/work_with_david/Exawave_3_handover/stencil_rtm/bin/rtm
