Sun May 19 06:33:06 +03 2024: 
Sun May 19 06:33:06 +03 2024: Architecture:        x86_64
Sun May 19 06:33:06 +03 2024: CPU op-mode(s):      32-bit, 64-bit
Sun May 19 06:33:06 +03 2024: Byte Order:          Little Endian
Sun May 19 06:33:06 +03 2024: CPU(s):              48
Sun May 19 06:33:06 +03 2024: On-line CPU(s) list: 0-47
Sun May 19 06:33:06 +03 2024: Thread(s) per core:  2
Sun May 19 06:33:06 +03 2024: Core(s) per socket:  12
Sun May 19 06:33:06 +03 2024: Socket(s):           2
Sun May 19 06:33:06 +03 2024: NUMA node(s):        2
Sun May 19 06:33:06 +03 2024: Vendor ID:           GenuineIntel
Sun May 19 06:33:06 +03 2024: CPU family:          6
Sun May 19 06:33:06 +03 2024: Model:               63
Sun May 19 06:33:06 +03 2024: Model name:          Intel(R) Xeon(R) CPU E5-2680 v3 @ 2.50GHz
Sun May 19 06:33:06 +03 2024: Stepping:            2
Sun May 19 06:33:06 +03 2024: CPU MHz:             1197.277
Sun May 19 06:33:06 +03 2024: CPU max MHz:         3300.0000
Sun May 19 06:33:06 +03 2024: CPU min MHz:         1200.0000
Sun May 19 06:33:06 +03 2024: BogoMIPS:            4988.22
Sun May 19 06:33:06 +03 2024: Virtualization:      VT-x
Sun May 19 06:33:06 +03 2024: L1d cache:           32K
Sun May 19 06:33:06 +03 2024: L1i cache:           32K
Sun May 19 06:33:06 +03 2024: L2 cache:            256K
Sun May 19 06:33:06 +03 2024: L3 cache:            30720K
Sun May 19 06:33:06 +03 2024: NUMA node0 CPU(s):   0-11,24-35
Sun May 19 06:33:06 +03 2024: NUMA node1 CPU(s):   12-23,36-47
Sun May 19 06:33:06 +03 2024: Flags:               fpu vme de pse tsc msr pae mce cx8 apic sep mtrr pge mca cmov pat pse36 clflush dts acpi mmx fxsr sse sse2 ss ht tm pbe syscall nx pdpe1gb rdtscp lm constant_tsc arch_perfmon pebs bts rep_good nopl xtopology nonstop_tsc cpuid aperfmperf pni pclmulqdq dtes64 monitor ds_cpl vmx smx est tm2 ssse3 sdbg fma cx16 xtpr pdcm pcid dca sse4_1 sse4_2 x2apic movbe popcnt tsc_deadline_timer aes xsave avx f16c rdrand lahf_lm abm cpuid_fault epb invpcid_single pti intel_ppin ssbd ibrs ibpb stibp tpr_shadow vnmi flexpriority ept vpid ept_ad fsgsbase tsc_adjust bmi1 avx2 smep bmi2 erms invpcid cqm xsaveopt cqm_llc cqm_occup_llc dtherm ida arat pln pts md_clear flush_l1d
Sun May 19 06:33:06 +03 2024: preloaded_modules
Sun May 19 06:33:06 +03 2024: Currently Loaded Modulefiles:
Sun May 19 06:33:06 +03 2024: 1) intel-oneapi-compilers/2021.4.0/gcc-7.5.0-sqbobre   2) ncurses/6.2/intel-20.0.4-utqf7mb   3) zlib/1.2.11/intel-20.0.4-y7c2i3c   4) openssl/1.1.1l/intel-20.0.4-bqezj56   5) cmake/3.21.4/intel-20.0.4-vuy5v7i
Sun May 19 06:33:06 +03 2024: Currently Loaded Modulefiles:
Sun May 19 06:33:06 +03 2024: 1) intel-oneapi-compilers/2021.4.0/gcc-7.5.0-sqbobre   2) ncurses/6.2/intel-20.0.4-utqf7mb   3) zlib/1.2.11/intel-20.0.4-y7c2i3c   4) openssl/1.1.1l/intel-20.0.4-bqezj56   5) cmake/3.21.4/intel-20.0.4-vuy5v7i
Sun May 19 06:33:06 +03 2024: -- Found OpenMP_C: -qopenmp (found version "5.0")
Sun May 19 06:33:06 +03 2024: -- Found OpenMP_C: -qopenmp (found version "5.0")
Sun May 19 06:33:06 +03 2024: -- Configuring done
Sun May 19 06:33:06 +03 2024: -- Generating done
Sun May 19 06:33:06 +03 2024: -- Build files have been written to: /home/plotnips/Dropbox/PhD_proposal/work_with_david/Exawave_3_handover/stencil_rtm
Sun May 19 06:33:07 +03 2024: /sw/workstations/apps/linux-ubuntu18.04-ivybridge/cmake/3.21.4/intel-20.0.4/vuy5v7it5f5hqrqa65ibf6uttrx2d3oj/bin/cmake -S/home/plotnips/Dropbox/PhD_proposal/work_with_david/Exawave_3_handover/simwave_export_to_ecrc_servers_ -B/home/plotnips/Dropbox/PhD_proposal/work_with_david/Exawave_3_handover/stencil_rtm --check-build-system CMakeFiles/Makefile.cmake 0
Sun May 19 06:33:07 +03 2024: /sw/workstations/apps/linux-ubuntu18.04-ivybridge/cmake/3.21.4/intel-20.0.4/vuy5v7it5f5hqrqa65ibf6uttrx2d3oj/bin/cmake -E cmake_progress_start /home/plotnips/Dropbox/PhD_proposal/work_with_david/Exawave_3_handover/stencil_rtm/CMakeFiles /home/plotnips/Dropbox/PhD_proposal/work_with_david/Exawave_3_handover/stencil_rtm//CMakeFiles/progress.marks
Sun May 19 06:33:07 +03 2024: make  -f CMakeFiles/Makefile2 all
Sun May 19 06:33:07 +03 2024: make[1]: Entering directory '/home/plotnips/Dropbox/PhD_proposal/work_with_david/Exawave_3_handover/stencil_rtm'
Sun May 19 06:33:07 +03 2024: make  -f src/CMakeFiles/simwave.dir/build.make src/CMakeFiles/simwave.dir/depend
Sun May 19 06:33:07 +03 2024: make[2]: Entering directory '/home/plotnips/Dropbox/PhD_proposal/work_with_david/Exawave_3_handover/stencil_rtm'
Sun May 19 06:33:07 +03 2024: cd /home/plotnips/Dropbox/PhD_proposal/work_with_david/Exawave_3_handover/stencil_rtm && /sw/workstations/apps/linux-ubuntu18.04-ivybridge/cmake/3.21.4/intel-20.0.4/vuy5v7it5f5hqrqa65ibf6uttrx2d3oj/bin/cmake -E cmake_depends "Unix Makefiles" /home/plotnips/Dropbox/PhD_proposal/work_with_david/Exawave_3_handover/simwave_export_to_ecrc_servers_ /home/plotnips/Dropbox/PhD_proposal/work_with_david/Exawave_3_handover/simwave_export_to_ecrc_servers_/src /home/plotnips/Dropbox/PhD_proposal/work_with_david/Exawave_3_handover/stencil_rtm /home/plotnips/Dropbox/PhD_proposal/work_with_david/Exawave_3_handover/stencil_rtm/src /home/plotnips/Dropbox/PhD_proposal/work_with_david/Exawave_3_handover/stencil_rtm/src/CMakeFiles/simwave.dir/DependInfo.cmake --color=
Sun May 19 06:33:07 +03 2024: make[2]: Leaving directory '/home/plotnips/Dropbox/PhD_proposal/work_with_david/Exawave_3_handover/stencil_rtm'
Sun May 19 06:33:07 +03 2024: make  -f src/CMakeFiles/simwave.dir/build.make src/CMakeFiles/simwave.dir/build
Sun May 19 06:33:07 +03 2024: make[2]: Entering directory '/home/plotnips/Dropbox/PhD_proposal/work_with_david/Exawave_3_handover/stencil_rtm'
Sun May 19 06:33:07 +03 2024: [  4%] Building C object src/CMakeFiles/simwave.dir/bwriter.c.o
Sun May 19 06:33:07 +03 2024: cd /home/plotnips/Dropbox/PhD_proposal/work_with_david/Exawave_3_handover/stencil_rtm/src && /sw/workstations/apps/linux-ubuntu18.04-ivybridge/intel-oneapi-compilers/2021.4.0/gcc-7.5.0/sqbobreknfie6u3gabzli6kfi3yox7as/compiler/2021.4.0/linux/bin/intel64/icc  -I/home/plotnips/Dropbox/PhD_proposal/work_with_david/Exawave_3_handover/simwave_export_to_ecrc_servers_/include -xHost -qopenmp -qopenmp -O3 -DNDEBUG -O3 -fno-fnalias -fno-alias -g -std=gnu99  -MD -MT src/CMakeFiles/simwave.dir/bwriter.c.o -MF CMakeFiles/simwave.dir/bwriter.c.o.d -o CMakeFiles/simwave.dir/bwriter.c.o -c /home/plotnips/Dropbox/PhD_proposal/work_with_david/Exawave_3_handover/simwave_export_to_ecrc_servers_/src/bwriter.c
Sun May 19 06:33:07 +03 2024: [  8%] Building C object src/CMakeFiles/simwave.dir/interp.c.o
Sun May 19 06:33:07 +03 2024: cd /home/plotnips/Dropbox/PhD_proposal/work_with_david/Exawave_3_handover/stencil_rtm/src && /sw/workstations/apps/linux-ubuntu18.04-ivybridge/intel-oneapi-compilers/2021.4.0/gcc-7.5.0/sqbobreknfie6u3gabzli6kfi3yox7as/compiler/2021.4.0/linux/bin/intel64/icc  -I/home/plotnips/Dropbox/PhD_proposal/work_with_david/Exawave_3_handover/simwave_export_to_ecrc_servers_/include -xHost -qopenmp -qopenmp -O3 -DNDEBUG -O3 -fno-fnalias -fno-alias -g -std=gnu99  -MD -MT src/CMakeFiles/simwave.dir/interp.c.o -MF CMakeFiles/simwave.dir/interp.c.o.d -o CMakeFiles/simwave.dir/interp.c.o -c /home/plotnips/Dropbox/PhD_proposal/work_with_david/Exawave_3_handover/simwave_export_to_ecrc_servers_/src/interp.c
Sun May 19 06:33:07 +03 2024: [ 12%] Building C object src/CMakeFiles/simwave.dir/mlbs.c.o
Sun May 19 06:33:07 +03 2024: cd /home/plotnips/Dropbox/PhD_proposal/work_with_david/Exawave_3_handover/stencil_rtm/src && /sw/workstations/apps/linux-ubuntu18.04-ivybridge/intel-oneapi-compilers/2021.4.0/gcc-7.5.0/sqbobreknfie6u3gabzli6kfi3yox7as/compiler/2021.4.0/linux/bin/intel64/icc  -I/home/plotnips/Dropbox/PhD_proposal/work_with_david/Exawave_3_handover/simwave_export_to_ecrc_servers_/include -xHost -qopenmp -qopenmp -O3 -DNDEBUG -O3 -fno-fnalias -fno-alias -g -std=gnu99  -MD -MT src/CMakeFiles/simwave.dir/mlbs.c.o -MF CMakeFiles/simwave.dir/mlbs.c.o.d -o CMakeFiles/simwave.dir/mlbs.c.o -c /home/plotnips/Dropbox/PhD_proposal/work_with_david/Exawave_3_handover/simwave_export_to_ecrc_servers_/src/mlbs.c
Sun May 19 06:33:07 +03 2024: [ 16%] Building C object src/CMakeFiles/simwave.dir/parser.c.o
Sun May 19 06:33:07 +03 2024: cd /home/plotnips/Dropbox/PhD_proposal/work_with_david/Exawave_3_handover/stencil_rtm/src && /sw/workstations/apps/linux-ubuntu18.04-ivybridge/intel-oneapi-compilers/2021.4.0/gcc-7.5.0/sqbobreknfie6u3gabzli6kfi3yox7as/compiler/2021.4.0/linux/bin/intel64/icc  -I/home/plotnips/Dropbox/PhD_proposal/work_with_david/Exawave_3_handover/simwave_export_to_ecrc_servers_/include -xHost -qopenmp -qopenmp -O3 -DNDEBUG -O3 -fno-fnalias -fno-alias -g -std=gnu99  -MD -MT src/CMakeFiles/simwave.dir/parser.c.o -MF CMakeFiles/simwave.dir/parser.c.o.d -o CMakeFiles/simwave.dir/parser.c.o -c /home/plotnips/Dropbox/PhD_proposal/work_with_david/Exawave_3_handover/simwave_export_to_ecrc_servers_/src/parser.c
Sun May 19 06:33:08 +03 2024: [ 20%] Building C object src/CMakeFiles/simwave.dir/pml.c.o
Sun May 19 06:33:08 +03 2024: cd /home/plotnips/Dropbox/PhD_proposal/work_with_david/Exawave_3_handover/stencil_rtm/src && /sw/workstations/apps/linux-ubuntu18.04-ivybridge/intel-oneapi-compilers/2021.4.0/gcc-7.5.0/sqbobreknfie6u3gabzli6kfi3yox7as/compiler/2021.4.0/linux/bin/intel64/icc  -I/home/plotnips/Dropbox/PhD_proposal/work_with_david/Exawave_3_handover/simwave_export_to_ecrc_servers_/include -xHost -qopenmp -qopenmp -O3 -DNDEBUG -O3 -fno-fnalias -fno-alias -g -std=gnu99  -MD -MT src/CMakeFiles/simwave.dir/pml.c.o -MF CMakeFiles/simwave.dir/pml.c.o.d -o CMakeFiles/simwave.dir/pml.c.o -c /home/plotnips/Dropbox/PhD_proposal/work_with_david/Exawave_3_handover/simwave_export_to_ecrc_servers_/src/pml.c
Sun May 19 06:33:08 +03 2024: [ 25%] Building C object src/CMakeFiles/simwave.dir/shot.c.o
Sun May 19 06:33:08 +03 2024: cd /home/plotnips/Dropbox/PhD_proposal/work_with_david/Exawave_3_handover/stencil_rtm/src && /sw/workstations/apps/linux-ubuntu18.04-ivybridge/intel-oneapi-compilers/2021.4.0/gcc-7.5.0/sqbobreknfie6u3gabzli6kfi3yox7as/compiler/2021.4.0/linux/bin/intel64/icc  -I/home/plotnips/Dropbox/PhD_proposal/work_with_david/Exawave_3_handover/simwave_export_to_ecrc_servers_/include -xHost -qopenmp -qopenmp -O3 -DNDEBUG -O3 -fno-fnalias -fno-alias -g -std=gnu99  -MD -MT src/CMakeFiles/simwave.dir/shot.c.o -MF CMakeFiles/simwave.dir/shot.c.o.d -o CMakeFiles/simwave.dir/shot.c.o -c /home/plotnips/Dropbox/PhD_proposal/work_with_david/Exawave_3_handover/simwave_export_to_ecrc_servers_/src/shot.c
Sun May 19 06:33:08 +03 2024: [ 29%] Building C object src/CMakeFiles/simwave.dir/source.c.o
Sun May 19 06:33:08 +03 2024: cd /home/plotnips/Dropbox/PhD_proposal/work_with_david/Exawave_3_handover/stencil_rtm/src && /sw/workstations/apps/linux-ubuntu18.04-ivybridge/intel-oneapi-compilers/2021.4.0/gcc-7.5.0/sqbobreknfie6u3gabzli6kfi3yox7as/compiler/2021.4.0/linux/bin/intel64/icc  -I/home/plotnips/Dropbox/PhD_proposal/work_with_david/Exawave_3_handover/simwave_export_to_ecrc_servers_/include -xHost -qopenmp -qopenmp -O3 -DNDEBUG -O3 -fno-fnalias -fno-alias -g -std=gnu99  -MD -MT src/CMakeFiles/simwave.dir/source.c.o -MF CMakeFiles/simwave.dir/source.c.o.d -o CMakeFiles/simwave.dir/source.c.o -c /home/plotnips/Dropbox/PhD_proposal/work_with_david/Exawave_3_handover/simwave_export_to_ecrc_servers_/src/source.c
Sun May 19 06:33:09 +03 2024: [ 33%] Building C object src/CMakeFiles/simwave.dir/velocity.c.o
Sun May 19 06:33:09 +03 2024: cd /home/plotnips/Dropbox/PhD_proposal/work_with_david/Exawave_3_handover/stencil_rtm/src && /sw/workstations/apps/linux-ubuntu18.04-ivybridge/intel-oneapi-compilers/2021.4.0/gcc-7.5.0/sqbobreknfie6u3gabzli6kfi3yox7as/compiler/2021.4.0/linux/bin/intel64/icc  -I/home/plotnips/Dropbox/PhD_proposal/work_with_david/Exawave_3_handover/simwave_export_to_ecrc_servers_/include -xHost -qopenmp -qopenmp -O3 -DNDEBUG -O3 -fno-fnalias -fno-alias -g -std=gnu99  -MD -MT src/CMakeFiles/simwave.dir/velocity.c.o -MF CMakeFiles/simwave.dir/velocity.c.o.d -o CMakeFiles/simwave.dir/velocity.c.o -c /home/plotnips/Dropbox/PhD_proposal/work_with_david/Exawave_3_handover/simwave_export_to_ecrc_servers_/src/velocity.c
Sun May 19 06:33:09 +03 2024: [ 37%] Building C object src/CMakeFiles/simwave.dir/wave.c.o
Sun May 19 06:33:09 +03 2024: cd /home/plotnips/Dropbox/PhD_proposal/work_with_david/Exawave_3_handover/stencil_rtm/src && /sw/workstations/apps/linux-ubuntu18.04-ivybridge/intel-oneapi-compilers/2021.4.0/gcc-7.5.0/sqbobreknfie6u3gabzli6kfi3yox7as/compiler/2021.4.0/linux/bin/intel64/icc  -I/home/plotnips/Dropbox/PhD_proposal/work_with_david/Exawave_3_handover/simwave_export_to_ecrc_servers_/include -xHost -qopenmp -qopenmp -O3 -DNDEBUG -O3 -fno-fnalias -fno-alias -g -std=gnu99  -MD -MT src/CMakeFiles/simwave.dir/wave.c.o -MF CMakeFiles/simwave.dir/wave.c.o.d -o CMakeFiles/simwave.dir/wave.c.o -c /home/plotnips/Dropbox/PhD_proposal/work_with_david/Exawave_3_handover/simwave_export_to_ecrc_servers_/src/wave.c
Sun May 19 06:33:11 +03 2024: [ 41%] Building C object src/CMakeFiles/simwave.dir/wave_tb.c.o
Sun May 19 06:33:11 +03 2024: cd /home/plotnips/Dropbox/PhD_proposal/work_with_david/Exawave_3_handover/stencil_rtm/src && /sw/workstations/apps/linux-ubuntu18.04-ivybridge/intel-oneapi-compilers/2021.4.0/gcc-7.5.0/sqbobreknfie6u3gabzli6kfi3yox7as/compiler/2021.4.0/linux/bin/intel64/icc  -I/home/plotnips/Dropbox/PhD_proposal/work_with_david/Exawave_3_handover/simwave_export_to_ecrc_servers_/include -xHost -qopenmp -qopenmp -O3 -DNDEBUG -O3 -fno-fnalias -fno-alias -g -std=gnu99  -MD -MT src/CMakeFiles/simwave.dir/wave_tb.c.o -MF CMakeFiles/simwave.dir/wave_tb.c.o.d -o CMakeFiles/simwave.dir/wave_tb.c.o -c /home/plotnips/Dropbox/PhD_proposal/work_with_david/Exawave_3_handover/simwave_export_to_ecrc_servers_/src/wave_tb.c
Sun May 19 06:33:14 +03 2024: [ 45%] Building C object src/CMakeFiles/simwave.dir/wtime.c.o
Sun May 19 06:33:14 +03 2024: cd /home/plotnips/Dropbox/PhD_proposal/work_with_david/Exawave_3_handover/stencil_rtm/src && /sw/workstations/apps/linux-ubuntu18.04-ivybridge/intel-oneapi-compilers/2021.4.0/gcc-7.5.0/sqbobreknfie6u3gabzli6kfi3yox7as/compiler/2021.4.0/linux/bin/intel64/icc  -I/home/plotnips/Dropbox/PhD_proposal/work_with_david/Exawave_3_handover/simwave_export_to_ecrc_servers_/include -xHost -qopenmp -qopenmp -O3 -DNDEBUG -O3 -fno-fnalias -fno-alias -g -std=gnu99  -MD -MT src/CMakeFiles/simwave.dir/wtime.c.o -MF CMakeFiles/simwave.dir/wtime.c.o.d -o CMakeFiles/simwave.dir/wtime.c.o -c /home/plotnips/Dropbox/PhD_proposal/work_with_david/Exawave_3_handover/simwave_export_to_ecrc_servers_/src/wtime.c
Sun May 19 06:33:14 +03 2024: [ 50%] Linking C static library libsimwave.a
Sun May 19 06:33:14 +03 2024: cd /home/plotnips/Dropbox/PhD_proposal/work_with_david/Exawave_3_handover/stencil_rtm/src && /sw/workstations/apps/linux-ubuntu18.04-ivybridge/cmake/3.21.4/intel-20.0.4/vuy5v7it5f5hqrqa65ibf6uttrx2d3oj/bin/cmake -P CMakeFiles/simwave.dir/cmake_clean_target.cmake
Sun May 19 06:33:14 +03 2024: cd /home/plotnips/Dropbox/PhD_proposal/work_with_david/Exawave_3_handover/stencil_rtm/src && /sw/workstations/apps/linux-ubuntu18.04-ivybridge/cmake/3.21.4/intel-20.0.4/vuy5v7it5f5hqrqa65ibf6uttrx2d3oj/bin/cmake -E cmake_link_script CMakeFiles/simwave.dir/link.txt --verbose=1
Sun May 19 06:33:14 +03 2024: /usr/bin/ar qc libsimwave.a CMakeFiles/simwave.dir/bwriter.c.o CMakeFiles/simwave.dir/interp.c.o CMakeFiles/simwave.dir/mlbs.c.o CMakeFiles/simwave.dir/parser.c.o CMakeFiles/simwave.dir/pml.c.o CMakeFiles/simwave.dir/shot.c.o CMakeFiles/simwave.dir/source.c.o CMakeFiles/simwave.dir/velocity.c.o CMakeFiles/simwave.dir/wave.c.o CMakeFiles/simwave.dir/wave_tb.c.o CMakeFiles/simwave.dir/wtime.c.o
Sun May 19 06:33:14 +03 2024: /usr/bin/ranlib libsimwave.a
Sun May 19 06:33:14 +03 2024: make[2]: Leaving directory '/home/plotnips/Dropbox/PhD_proposal/work_with_david/Exawave_3_handover/stencil_rtm'
Sun May 19 06:33:14 +03 2024: [ 50%] Built target simwave
Sun May 19 06:33:14 +03 2024: make  -f app/CMakeFiles/gather.dir/build.make app/CMakeFiles/gather.dir/depend
Sun May 19 06:33:14 +03 2024: make[2]: Entering directory '/home/plotnips/Dropbox/PhD_proposal/work_with_david/Exawave_3_handover/stencil_rtm'
Sun May 19 06:33:14 +03 2024: cd /home/plotnips/Dropbox/PhD_proposal/work_with_david/Exawave_3_handover/stencil_rtm && /sw/workstations/apps/linux-ubuntu18.04-ivybridge/cmake/3.21.4/intel-20.0.4/vuy5v7it5f5hqrqa65ibf6uttrx2d3oj/bin/cmake -E cmake_depends "Unix Makefiles" /home/plotnips/Dropbox/PhD_proposal/work_with_david/Exawave_3_handover/simwave_export_to_ecrc_servers_ /home/plotnips/Dropbox/PhD_proposal/work_with_david/Exawave_3_handover/simwave_export_to_ecrc_servers_/app /home/plotnips/Dropbox/PhD_proposal/work_with_david/Exawave_3_handover/stencil_rtm /home/plotnips/Dropbox/PhD_proposal/work_with_david/Exawave_3_handover/stencil_rtm/app /home/plotnips/Dropbox/PhD_proposal/work_with_david/Exawave_3_handover/stencil_rtm/app/CMakeFiles/gather.dir/DependInfo.cmake --color=
Sun May 19 06:33:14 +03 2024: make[2]: Leaving directory '/home/plotnips/Dropbox/PhD_proposal/work_with_david/Exawave_3_handover/stencil_rtm'
Sun May 19 06:33:14 +03 2024: make  -f app/CMakeFiles/gather.dir/build.make app/CMakeFiles/gather.dir/build
Sun May 19 06:33:14 +03 2024: make[2]: Entering directory '/home/plotnips/Dropbox/PhD_proposal/work_with_david/Exawave_3_handover/stencil_rtm'
Sun May 19 06:33:14 +03 2024: [ 54%] Building C object app/CMakeFiles/gather.dir/gather.c.o
Sun May 19 06:33:14 +03 2024: cd /home/plotnips/Dropbox/PhD_proposal/work_with_david/Exawave_3_handover/stencil_rtm/app && /sw/workstations/apps/linux-ubuntu18.04-ivybridge/intel-oneapi-compilers/2021.4.0/gcc-7.5.0/sqbobreknfie6u3gabzli6kfi3yox7as/compiler/2021.4.0/linux/bin/intel64/icc  -I/home/plotnips/Dropbox/PhD_proposal/work_with_david/Exawave_3_handover/simwave_export_to_ecrc_servers_/include -I/sw/workstations/apps/linux-ubuntu18.04-ivybridge/cuda/11.5.0/gcc-7.5.0/syen6pj6ss3cw66zlj4wkfhtixh5i4ei/include -xHost -qopenmp -qopenmp -O3 -DNDEBUG -O3 -fno-fnalias -fno-alias -g -std=gnu99  -MD -MT app/CMakeFiles/gather.dir/gather.c.o -MF CMakeFiles/gather.dir/gather.c.o.d -o CMakeFiles/gather.dir/gather.c.o -c /home/plotnips/Dropbox/PhD_proposal/work_with_david/Exawave_3_handover/simwave_export_to_ecrc_servers_/app/gather.c
Sun May 19 06:33:15 +03 2024: [ 58%] Linking C executable gather
Sun May 19 06:33:15 +03 2024: cd /home/plotnips/Dropbox/PhD_proposal/work_with_david/Exawave_3_handover/stencil_rtm/app && /sw/workstations/apps/linux-ubuntu18.04-ivybridge/cmake/3.21.4/intel-20.0.4/vuy5v7it5f5hqrqa65ibf6uttrx2d3oj/bin/cmake -E cmake_link_script CMakeFiles/gather.dir/link.txt --verbose=1
Sun May 19 06:33:15 +03 2024: /sw/workstations/apps/linux-ubuntu18.04-ivybridge/intel-oneapi-compilers/2021.4.0/gcc-7.5.0/sqbobreknfie6u3gabzli6kfi3yox7as/compiler/2021.4.0/linux/bin/intel64/icc -xHost -qopenmp -qopenmp -O3 -DNDEBUG -O3 -fno-fnalias -fno-alias -g -std=gnu99  CMakeFiles/gather.dir/gather.c.o -o gather  ../src/libsimwave.a -lm -lstdc++ /sw/workstations/apps/linux-ubuntu18.04-ivybridge/intel-oneapi-compilers/2021.4.0/gcc-7.5.0/sqbobreknfie6u3gabzli6kfi3yox7as/compiler/2021.4.0/linux/compiler/lib/intel64_lin/libiomp5.so -lpthread -qopenmp
Sun May 19 06:33:15 +03 2024: make[2]: Leaving directory '/home/plotnips/Dropbox/PhD_proposal/work_with_david/Exawave_3_handover/stencil_rtm'
Sun May 19 06:33:15 +03 2024: [ 58%] Built target gather
Sun May 19 06:33:15 +03 2024: make  -f app/CMakeFiles/modeling.dir/build.make app/CMakeFiles/modeling.dir/depend
Sun May 19 06:33:15 +03 2024: make[2]: Entering directory '/home/plotnips/Dropbox/PhD_proposal/work_with_david/Exawave_3_handover/stencil_rtm'
Sun May 19 06:33:15 +03 2024: cd /home/plotnips/Dropbox/PhD_proposal/work_with_david/Exawave_3_handover/stencil_rtm && /sw/workstations/apps/linux-ubuntu18.04-ivybridge/cmake/3.21.4/intel-20.0.4/vuy5v7it5f5hqrqa65ibf6uttrx2d3oj/bin/cmake -E cmake_depends "Unix Makefiles" /home/plotnips/Dropbox/PhD_proposal/work_with_david/Exawave_3_handover/simwave_export_to_ecrc_servers_ /home/plotnips/Dropbox/PhD_proposal/work_with_david/Exawave_3_handover/simwave_export_to_ecrc_servers_/app /home/plotnips/Dropbox/PhD_proposal/work_with_david/Exawave_3_handover/stencil_rtm /home/plotnips/Dropbox/PhD_proposal/work_with_david/Exawave_3_handover/stencil_rtm/app /home/plotnips/Dropbox/PhD_proposal/work_with_david/Exawave_3_handover/stencil_rtm/app/CMakeFiles/modeling.dir/DependInfo.cmake --color=
Sun May 19 06:33:15 +03 2024: make[2]: Leaving directory '/home/plotnips/Dropbox/PhD_proposal/work_with_david/Exawave_3_handover/stencil_rtm'
Sun May 19 06:33:15 +03 2024: make  -f app/CMakeFiles/modeling.dir/build.make app/CMakeFiles/modeling.dir/build
Sun May 19 06:33:15 +03 2024: make[2]: Entering directory '/home/plotnips/Dropbox/PhD_proposal/work_with_david/Exawave_3_handover/stencil_rtm'
Sun May 19 06:33:15 +03 2024: [ 62%] Building C object app/CMakeFiles/modeling.dir/modeling.c.o
Sun May 19 06:33:15 +03 2024: cd /home/plotnips/Dropbox/PhD_proposal/work_with_david/Exawave_3_handover/stencil_rtm/app && /sw/workstations/apps/linux-ubuntu18.04-ivybridge/intel-oneapi-compilers/2021.4.0/gcc-7.5.0/sqbobreknfie6u3gabzli6kfi3yox7as/compiler/2021.4.0/linux/bin/intel64/icc  -I/home/plotnips/Dropbox/PhD_proposal/work_with_david/Exawave_3_handover/simwave_export_to_ecrc_servers_/include -I/sw/workstations/apps/linux-ubuntu18.04-ivybridge/cuda/11.5.0/gcc-7.5.0/syen6pj6ss3cw66zlj4wkfhtixh5i4ei/include -xHost -qopenmp -qopenmp -O3 -DNDEBUG -O3 -fno-fnalias -fno-alias -g -std=gnu99  -MD -MT app/CMakeFiles/modeling.dir/modeling.c.o -MF CMakeFiles/modeling.dir/modeling.c.o.d -o CMakeFiles/modeling.dir/modeling.c.o -c /home/plotnips/Dropbox/PhD_proposal/work_with_david/Exawave_3_handover/simwave_export_to_ecrc_servers_/app/modeling.c
Sun May 19 06:33:15 +03 2024: /home/plotnips/Dropbox/PhD_proposal/work_with_david/Exawave_3_handover/simwave_export_to_ecrc_servers_/app/modeling.c(359): warning #810: conversion from "float *" to "unsigned int" may lose significant bits
Sun May 19 06:33:15 +03 2024: wave_tb_save_lastshot(s,shot,u0,u1,vel);
Sun May 19 06:33:15 +03 2024: ^
Sun May 19 06:33:15 +03 2024: 
Sun May 19 06:33:15 +03 2024: [ 66%] Linking C executable modeling
Sun May 19 06:33:15 +03 2024: cd /home/plotnips/Dropbox/PhD_proposal/work_with_david/Exawave_3_handover/stencil_rtm/app && /sw/workstations/apps/linux-ubuntu18.04-ivybridge/cmake/3.21.4/intel-20.0.4/vuy5v7it5f5hqrqa65ibf6uttrx2d3oj/bin/cmake -E cmake_link_script CMakeFiles/modeling.dir/link.txt --verbose=1
Sun May 19 06:33:15 +03 2024: /sw/workstations/apps/linux-ubuntu18.04-ivybridge/intel-oneapi-compilers/2021.4.0/gcc-7.5.0/sqbobreknfie6u3gabzli6kfi3yox7as/compiler/2021.4.0/linux/bin/intel64/icc -xHost -qopenmp -qopenmp -O3 -DNDEBUG -O3 -fno-fnalias -fno-alias -g -std=gnu99  CMakeFiles/modeling.dir/modeling.c.o -o modeling  ../src/libsimwave.a -lm -lstdc++ /sw/workstations/apps/linux-ubuntu18.04-ivybridge/intel-oneapi-compilers/2021.4.0/gcc-7.5.0/sqbobreknfie6u3gabzli6kfi3yox7as/compiler/2021.4.0/linux/compiler/lib/intel64_lin/libiomp5.so -lpthread -qopenmp
Sun May 19 06:33:16 +03 2024: make[2]: Leaving directory '/home/plotnips/Dropbox/PhD_proposal/work_with_david/Exawave_3_handover/stencil_rtm'
Sun May 19 06:33:16 +03 2024: [ 66%] Built target modeling
Sun May 19 06:33:16 +03 2024: make  -f app/CMakeFiles/modeling-snap_end.dir/build.make app/CMakeFiles/modeling-snap_end.dir/depend
Sun May 19 06:33:16 +03 2024: make[2]: Entering directory '/home/plotnips/Dropbox/PhD_proposal/work_with_david/Exawave_3_handover/stencil_rtm'
Sun May 19 06:33:16 +03 2024: cd /home/plotnips/Dropbox/PhD_proposal/work_with_david/Exawave_3_handover/stencil_rtm && /sw/workstations/apps/linux-ubuntu18.04-ivybridge/cmake/3.21.4/intel-20.0.4/vuy5v7it5f5hqrqa65ibf6uttrx2d3oj/bin/cmake -E cmake_depends "Unix Makefiles" /home/plotnips/Dropbox/PhD_proposal/work_with_david/Exawave_3_handover/simwave_export_to_ecrc_servers_ /home/plotnips/Dropbox/PhD_proposal/work_with_david/Exawave_3_handover/simwave_export_to_ecrc_servers_/app /home/plotnips/Dropbox/PhD_proposal/work_with_david/Exawave_3_handover/stencil_rtm /home/plotnips/Dropbox/PhD_proposal/work_with_david/Exawave_3_handover/stencil_rtm/app /home/plotnips/Dropbox/PhD_proposal/work_with_david/Exawave_3_handover/stencil_rtm/app/CMakeFiles/modeling-snap_end.dir/DependInfo.cmake --color=
Sun May 19 06:33:16 +03 2024: make[2]: Leaving directory '/home/plotnips/Dropbox/PhD_proposal/work_with_david/Exawave_3_handover/stencil_rtm'
Sun May 19 06:33:16 +03 2024: make  -f app/CMakeFiles/modeling-snap_end.dir/build.make app/CMakeFiles/modeling-snap_end.dir/build
Sun May 19 06:33:16 +03 2024: make[2]: Entering directory '/home/plotnips/Dropbox/PhD_proposal/work_with_david/Exawave_3_handover/stencil_rtm'
Sun May 19 06:33:16 +03 2024: [ 70%] Building C object app/CMakeFiles/modeling-snap_end.dir/modeling-snap_end.c.o
Sun May 19 06:33:16 +03 2024: cd /home/plotnips/Dropbox/PhD_proposal/work_with_david/Exawave_3_handover/stencil_rtm/app && /sw/workstations/apps/linux-ubuntu18.04-ivybridge/intel-oneapi-compilers/2021.4.0/gcc-7.5.0/sqbobreknfie6u3gabzli6kfi3yox7as/compiler/2021.4.0/linux/bin/intel64/icc  -I/home/plotnips/Dropbox/PhD_proposal/work_with_david/Exawave_3_handover/simwave_export_to_ecrc_servers_/include -I/sw/workstations/apps/linux-ubuntu18.04-ivybridge/cuda/11.5.0/gcc-7.5.0/syen6pj6ss3cw66zlj4wkfhtixh5i4ei/include -xHost -qopenmp -qopenmp -O3 -DNDEBUG -O3 -fno-fnalias -fno-alias -g -std=gnu99  -MD -MT app/CMakeFiles/modeling-snap_end.dir/modeling-snap_end.c.o -MF CMakeFiles/modeling-snap_end.dir/modeling-snap_end.c.o.d -o CMakeFiles/modeling-snap_end.dir/modeling-snap_end.c.o -c /home/plotnips/Dropbox/PhD_proposal/work_with_david/Exawave_3_handover/simwave_export_to_ecrc_servers_/app/modeling-snap_end.c
Sun May 19 06:33:16 +03 2024: [ 75%] Linking C executable modeling-snap_end
Sun May 19 06:33:16 +03 2024: cd /home/plotnips/Dropbox/PhD_proposal/work_with_david/Exawave_3_handover/stencil_rtm/app && /sw/workstations/apps/linux-ubuntu18.04-ivybridge/cmake/3.21.4/intel-20.0.4/vuy5v7it5f5hqrqa65ibf6uttrx2d3oj/bin/cmake -E cmake_link_script CMakeFiles/modeling-snap_end.dir/link.txt --verbose=1
Sun May 19 06:33:16 +03 2024: /sw/workstations/apps/linux-ubuntu18.04-ivybridge/intel-oneapi-compilers/2021.4.0/gcc-7.5.0/sqbobreknfie6u3gabzli6kfi3yox7as/compiler/2021.4.0/linux/bin/intel64/icc -xHost -qopenmp -qopenmp -O3 -DNDEBUG -O3 -fno-fnalias -fno-alias -g -std=gnu99  CMakeFiles/modeling-snap_end.dir/modeling-snap_end.c.o -o modeling-snap_end  ../src/libsimwave.a -lm -lstdc++ /sw/workstations/apps/linux-ubuntu18.04-ivybridge/intel-oneapi-compilers/2021.4.0/gcc-7.5.0/sqbobreknfie6u3gabzli6kfi3yox7as/compiler/2021.4.0/linux/compiler/lib/intel64_lin/libiomp5.so -lpthread -qopenmp
Sun May 19 06:33:17 +03 2024: make[2]: Leaving directory '/home/plotnips/Dropbox/PhD_proposal/work_with_david/Exawave_3_handover/stencil_rtm'
Sun May 19 06:33:17 +03 2024: [ 75%] Built target modeling-snap_end
Sun May 19 06:33:17 +03 2024: make  -f app/CMakeFiles/modeling-snap_tb.dir/build.make app/CMakeFiles/modeling-snap_tb.dir/depend
Sun May 19 06:33:17 +03 2024: make[2]: Entering directory '/home/plotnips/Dropbox/PhD_proposal/work_with_david/Exawave_3_handover/stencil_rtm'
Sun May 19 06:33:17 +03 2024: cd /home/plotnips/Dropbox/PhD_proposal/work_with_david/Exawave_3_handover/stencil_rtm && /sw/workstations/apps/linux-ubuntu18.04-ivybridge/cmake/3.21.4/intel-20.0.4/vuy5v7it5f5hqrqa65ibf6uttrx2d3oj/bin/cmake -E cmake_depends "Unix Makefiles" /home/plotnips/Dropbox/PhD_proposal/work_with_david/Exawave_3_handover/simwave_export_to_ecrc_servers_ /home/plotnips/Dropbox/PhD_proposal/work_with_david/Exawave_3_handover/simwave_export_to_ecrc_servers_/app /home/plotnips/Dropbox/PhD_proposal/work_with_david/Exawave_3_handover/stencil_rtm /home/plotnips/Dropbox/PhD_proposal/work_with_david/Exawave_3_handover/stencil_rtm/app /home/plotnips/Dropbox/PhD_proposal/work_with_david/Exawave_3_handover/stencil_rtm/app/CMakeFiles/modeling-snap_tb.dir/DependInfo.cmake --color=
Sun May 19 06:33:17 +03 2024: make[2]: Leaving directory '/home/plotnips/Dropbox/PhD_proposal/work_with_david/Exawave_3_handover/stencil_rtm'
Sun May 19 06:33:17 +03 2024: make  -f app/CMakeFiles/modeling-snap_tb.dir/build.make app/CMakeFiles/modeling-snap_tb.dir/build
Sun May 19 06:33:17 +03 2024: make[2]: Entering directory '/home/plotnips/Dropbox/PhD_proposal/work_with_david/Exawave_3_handover/stencil_rtm'
Sun May 19 06:33:17 +03 2024: [ 79%] Building C object app/CMakeFiles/modeling-snap_tb.dir/modeling-snap_tb.c.o
Sun May 19 06:33:17 +03 2024: cd /home/plotnips/Dropbox/PhD_proposal/work_with_david/Exawave_3_handover/stencil_rtm/app && /sw/workstations/apps/linux-ubuntu18.04-ivybridge/intel-oneapi-compilers/2021.4.0/gcc-7.5.0/sqbobreknfie6u3gabzli6kfi3yox7as/compiler/2021.4.0/linux/bin/intel64/icc  -I/home/plotnips/Dropbox/PhD_proposal/work_with_david/Exawave_3_handover/simwave_export_to_ecrc_servers_/include -I/sw/workstations/apps/linux-ubuntu18.04-ivybridge/cuda/11.5.0/gcc-7.5.0/syen6pj6ss3cw66zlj4wkfhtixh5i4ei/include -xHost -qopenmp -qopenmp -O3 -DNDEBUG -O3 -fno-fnalias -fno-alias -g -std=gnu99  -MD -MT app/CMakeFiles/modeling-snap_tb.dir/modeling-snap_tb.c.o -MF CMakeFiles/modeling-snap_tb.dir/modeling-snap_tb.c.o.d -o CMakeFiles/modeling-snap_tb.dir/modeling-snap_tb.c.o -c /home/plotnips/Dropbox/PhD_proposal/work_with_david/Exawave_3_handover/simwave_export_to_ecrc_servers_/app/modeling-snap_tb.c
Sun May 19 06:33:17 +03 2024: [ 83%] Linking C executable modeling-snap_tb
Sun May 19 06:33:17 +03 2024: cd /home/plotnips/Dropbox/PhD_proposal/work_with_david/Exawave_3_handover/stencil_rtm/app && /sw/workstations/apps/linux-ubuntu18.04-ivybridge/cmake/3.21.4/intel-20.0.4/vuy5v7it5f5hqrqa65ibf6uttrx2d3oj/bin/cmake -E cmake_link_script CMakeFiles/modeling-snap_tb.dir/link.txt --verbose=1
Sun May 19 06:33:17 +03 2024: /sw/workstations/apps/linux-ubuntu18.04-ivybridge/intel-oneapi-compilers/2021.4.0/gcc-7.5.0/sqbobreknfie6u3gabzli6kfi3yox7as/compiler/2021.4.0/linux/bin/intel64/icc -xHost -qopenmp -qopenmp -O3 -DNDEBUG -O3 -fno-fnalias -fno-alias -g -std=gnu99  CMakeFiles/modeling-snap_tb.dir/modeling-snap_tb.c.o -o modeling-snap_tb  ../src/libsimwave.a -lm -lstdc++ /sw/workstations/apps/linux-ubuntu18.04-ivybridge/intel-oneapi-compilers/2021.4.0/gcc-7.5.0/sqbobreknfie6u3gabzli6kfi3yox7as/compiler/2021.4.0/linux/compiler/lib/intel64_lin/libiomp5.so -lpthread -qopenmp
Sun May 19 06:33:17 +03 2024: make[2]: Leaving directory '/home/plotnips/Dropbox/PhD_proposal/work_with_david/Exawave_3_handover/stencil_rtm'
Sun May 19 06:33:17 +03 2024: [ 83%] Built target modeling-snap_tb
Sun May 19 06:33:17 +03 2024: make  -f app/CMakeFiles/rtm.dir/build.make app/CMakeFiles/rtm.dir/depend
Sun May 19 06:33:17 +03 2024: make[2]: Entering directory '/home/plotnips/Dropbox/PhD_proposal/work_with_david/Exawave_3_handover/stencil_rtm'
Sun May 19 06:33:17 +03 2024: cd /home/plotnips/Dropbox/PhD_proposal/work_with_david/Exawave_3_handover/stencil_rtm && /sw/workstations/apps/linux-ubuntu18.04-ivybridge/cmake/3.21.4/intel-20.0.4/vuy5v7it5f5hqrqa65ibf6uttrx2d3oj/bin/cmake -E cmake_depends "Unix Makefiles" /home/plotnips/Dropbox/PhD_proposal/work_with_david/Exawave_3_handover/simwave_export_to_ecrc_servers_ /home/plotnips/Dropbox/PhD_proposal/work_with_david/Exawave_3_handover/simwave_export_to_ecrc_servers_/app /home/plotnips/Dropbox/PhD_proposal/work_with_david/Exawave_3_handover/stencil_rtm /home/plotnips/Dropbox/PhD_proposal/work_with_david/Exawave_3_handover/stencil_rtm/app /home/plotnips/Dropbox/PhD_proposal/work_with_david/Exawave_3_handover/stencil_rtm/app/CMakeFiles/rtm.dir/DependInfo.cmake --color=
Sun May 19 06:33:17 +03 2024: make[2]: Leaving directory '/home/plotnips/Dropbox/PhD_proposal/work_with_david/Exawave_3_handover/stencil_rtm'
Sun May 19 06:33:17 +03 2024: make  -f app/CMakeFiles/rtm.dir/build.make app/CMakeFiles/rtm.dir/build
Sun May 19 06:33:17 +03 2024: make[2]: Entering directory '/home/plotnips/Dropbox/PhD_proposal/work_with_david/Exawave_3_handover/stencil_rtm'
Sun May 19 06:33:17 +03 2024: [ 87%] Building C object app/CMakeFiles/rtm.dir/rtm.c.o
Sun May 19 06:33:17 +03 2024: cd /home/plotnips/Dropbox/PhD_proposal/work_with_david/Exawave_3_handover/stencil_rtm/app && /sw/workstations/apps/linux-ubuntu18.04-ivybridge/intel-oneapi-compilers/2021.4.0/gcc-7.5.0/sqbobreknfie6u3gabzli6kfi3yox7as/compiler/2021.4.0/linux/bin/intel64/icc  -I/home/plotnips/Dropbox/PhD_proposal/work_with_david/Exawave_3_handover/simwave_export_to_ecrc_servers_/include -I/sw/workstations/apps/linux-ubuntu18.04-ivybridge/cuda/11.5.0/gcc-7.5.0/syen6pj6ss3cw66zlj4wkfhtixh5i4ei/include -xHost -qopenmp -qopenmp -O3 -DNDEBUG -O3 -fno-fnalias -fno-alias -g -std=gnu99  -MD -MT app/CMakeFiles/rtm.dir/rtm.c.o -MF CMakeFiles/rtm.dir/rtm.c.o.d -o CMakeFiles/rtm.dir/rtm.c.o -c /home/plotnips/Dropbox/PhD_proposal/work_with_david/Exawave_3_handover/simwave_export_to_ecrc_servers_/app/rtm.c
Sun May 19 06:33:18 +03 2024: [ 91%] Linking C executable rtm
Sun May 19 06:33:18 +03 2024: cd /home/plotnips/Dropbox/PhD_proposal/work_with_david/Exawave_3_handover/stencil_rtm/app && /sw/workstations/apps/linux-ubuntu18.04-ivybridge/cmake/3.21.4/intel-20.0.4/vuy5v7it5f5hqrqa65ibf6uttrx2d3oj/bin/cmake -E cmake_link_script CMakeFiles/rtm.dir/link.txt --verbose=1
Sun May 19 06:33:18 +03 2024: /sw/workstations/apps/linux-ubuntu18.04-ivybridge/intel-oneapi-compilers/2021.4.0/gcc-7.5.0/sqbobreknfie6u3gabzli6kfi3yox7as/compiler/2021.4.0/linux/bin/intel64/icc -xHost -qopenmp -qopenmp -O3 -DNDEBUG -O3 -fno-fnalias -fno-alias -g -std=gnu99  CMakeFiles/rtm.dir/rtm.c.o -o rtm  ../src/libsimwave.a -lm -lstdc++ /sw/workstations/apps/linux-ubuntu18.04-ivybridge/intel-oneapi-compilers/2021.4.0/gcc-7.5.0/sqbobreknfie6u3gabzli6kfi3yox7as/compiler/2021.4.0/linux/compiler/lib/intel64_lin/libiomp5.so -lpthread -qopenmp
Sun May 19 06:33:18 +03 2024: make[2]: Leaving directory '/home/plotnips/Dropbox/PhD_proposal/work_with_david/Exawave_3_handover/stencil_rtm'
Sun May 19 06:33:18 +03 2024: [ 91%] Built target rtm
Sun May 19 06:33:18 +03 2024: make  -f app/CMakeFiles/modeling_original.dir/build.make app/CMakeFiles/modeling_original.dir/depend
Sun May 19 06:33:18 +03 2024: make[2]: Entering directory '/home/plotnips/Dropbox/PhD_proposal/work_with_david/Exawave_3_handover/stencil_rtm'
Sun May 19 06:33:18 +03 2024: cd /home/plotnips/Dropbox/PhD_proposal/work_with_david/Exawave_3_handover/stencil_rtm && /sw/workstations/apps/linux-ubuntu18.04-ivybridge/cmake/3.21.4/intel-20.0.4/vuy5v7it5f5hqrqa65ibf6uttrx2d3oj/bin/cmake -E cmake_depends "Unix Makefiles" /home/plotnips/Dropbox/PhD_proposal/work_with_david/Exawave_3_handover/simwave_export_to_ecrc_servers_ /home/plotnips/Dropbox/PhD_proposal/work_with_david/Exawave_3_handover/simwave_export_to_ecrc_servers_/app /home/plotnips/Dropbox/PhD_proposal/work_with_david/Exawave_3_handover/stencil_rtm /home/plotnips/Dropbox/PhD_proposal/work_with_david/Exawave_3_handover/stencil_rtm/app /home/plotnips/Dropbox/PhD_proposal/work_with_david/Exawave_3_handover/stencil_rtm/app/CMakeFiles/modeling_original.dir/DependInfo.cmake --color=
Sun May 19 06:33:18 +03 2024: make[2]: Leaving directory '/home/plotnips/Dropbox/PhD_proposal/work_with_david/Exawave_3_handover/stencil_rtm'
Sun May 19 06:33:18 +03 2024: make  -f app/CMakeFiles/modeling_original.dir/build.make app/CMakeFiles/modeling_original.dir/build
Sun May 19 06:33:18 +03 2024: make[2]: Entering directory '/home/plotnips/Dropbox/PhD_proposal/work_with_david/Exawave_3_handover/stencil_rtm'
Sun May 19 06:33:18 +03 2024: [ 95%] Building C object app/CMakeFiles/modeling_original.dir/modeling_original.c.o
Sun May 19 06:33:18 +03 2024: cd /home/plotnips/Dropbox/PhD_proposal/work_with_david/Exawave_3_handover/stencil_rtm/app && /sw/workstations/apps/linux-ubuntu18.04-ivybridge/intel-oneapi-compilers/2021.4.0/gcc-7.5.0/sqbobreknfie6u3gabzli6kfi3yox7as/compiler/2021.4.0/linux/bin/intel64/icc  -I/home/plotnips/Dropbox/PhD_proposal/work_with_david/Exawave_3_handover/simwave_export_to_ecrc_servers_/include -I/sw/workstations/apps/linux-ubuntu18.04-ivybridge/cuda/11.5.0/gcc-7.5.0/syen6pj6ss3cw66zlj4wkfhtixh5i4ei/include -xHost -qopenmp -qopenmp -O3 -DNDEBUG -O3 -fno-fnalias -fno-alias -g -std=gnu99  -MD -MT app/CMakeFiles/modeling_original.dir/modeling_original.c.o -MF CMakeFiles/modeling_original.dir/modeling_original.c.o.d -o CMakeFiles/modeling_original.dir/modeling_original.c.o -c /home/plotnips/Dropbox/PhD_proposal/work_with_david/Exawave_3_handover/simwave_export_to_ecrc_servers_/app/modeling_original.c
Sun May 19 06:33:19 +03 2024: [100%] Linking C executable modeling_original
Sun May 19 06:33:19 +03 2024: cd /home/plotnips/Dropbox/PhD_proposal/work_with_david/Exawave_3_handover/stencil_rtm/app && /sw/workstations/apps/linux-ubuntu18.04-ivybridge/cmake/3.21.4/intel-20.0.4/vuy5v7it5f5hqrqa65ibf6uttrx2d3oj/bin/cmake -E cmake_link_script CMakeFiles/modeling_original.dir/link.txt --verbose=1
Sun May 19 06:33:19 +03 2024: /sw/workstations/apps/linux-ubuntu18.04-ivybridge/intel-oneapi-compilers/2021.4.0/gcc-7.5.0/sqbobreknfie6u3gabzli6kfi3yox7as/compiler/2021.4.0/linux/bin/intel64/icc -xHost -qopenmp -qopenmp -O3 -DNDEBUG -O3 -fno-fnalias -fno-alias -g -std=gnu99  CMakeFiles/modeling_original.dir/modeling_original.c.o -o modeling_original  ../src/libsimwave.a -lm -lstdc++ /sw/workstations/apps/linux-ubuntu18.04-ivybridge/intel-oneapi-compilers/2021.4.0/gcc-7.5.0/sqbobreknfie6u3gabzli6kfi3yox7as/compiler/2021.4.0/linux/compiler/lib/intel64_lin/libiomp5.so -lpthread -qopenmp
Sun May 19 06:33:19 +03 2024: make[2]: Leaving directory '/home/plotnips/Dropbox/PhD_proposal/work_with_david/Exawave_3_handover/stencil_rtm'
Sun May 19 06:33:19 +03 2024: [100%] Built target modeling_original
Sun May 19 06:33:19 +03 2024: make[1]: Leaving directory '/home/plotnips/Dropbox/PhD_proposal/work_with_david/Exawave_3_handover/stencil_rtm'
Sun May 19 06:33:19 +03 2024: /sw/workstations/apps/linux-ubuntu18.04-ivybridge/cmake/3.21.4/intel-20.0.4/vuy5v7it5f5hqrqa65ibf6uttrx2d3oj/bin/cmake -E cmake_progress_start /home/plotnips/Dropbox/PhD_proposal/work_with_david/Exawave_3_handover/stencil_rtm/CMakeFiles 0
Sun May 19 06:33:19 +03 2024: Consolidate compiler generated dependencies of target simwave
Sun May 19 06:33:19 +03 2024: [ 50%] Built target simwave
Sun May 19 06:33:19 +03 2024: Consolidate compiler generated dependencies of target gather
Sun May 19 06:33:19 +03 2024: [ 58%] Built target gather
Sun May 19 06:33:19 +03 2024: Consolidate compiler generated dependencies of target modeling
Sun May 19 06:33:19 +03 2024: [ 66%] Built target modeling
Sun May 19 06:33:19 +03 2024: Consolidate compiler generated dependencies of target modeling-snap_end
Sun May 19 06:33:19 +03 2024: [ 75%] Built target modeling-snap_end
Sun May 19 06:33:19 +03 2024: Consolidate compiler generated dependencies of target modeling-snap_tb
Sun May 19 06:33:19 +03 2024: [ 83%] Built target modeling-snap_tb
Sun May 19 06:33:19 +03 2024: Consolidate compiler generated dependencies of target rtm
Sun May 19 06:33:20 +03 2024: [ 91%] Built target rtm
Sun May 19 06:33:20 +03 2024: Consolidate compiler generated dependencies of target modeling_original
Sun May 19 06:33:20 +03 2024: [100%] Built target modeling_original
Sun May 19 06:33:20 +03 2024: Install the project...
Sun May 19 06:33:20 +03 2024: -- Install configuration: "Release"
Sun May 19 06:33:20 +03 2024: -- Installing: /home/plotnips/Dropbox/PhD_proposal/work_with_david/Exawave_3_handover/simwave_export_to_ecrc_servers_/lib/libsimwave.a
Sun May 19 06:33:20 +03 2024: -- Installing: /home/plotnips/Dropbox/PhD_proposal/work_with_david/Exawave_3_handover/simwave_export_to_ecrc_servers_/bin/gather
Sun May 19 06:33:20 +03 2024: -- Installing: /home/plotnips/Dropbox/PhD_proposal/work_with_david/Exawave_3_handover/simwave_export_to_ecrc_servers_/bin/modeling-snap_end
Sun May 19 06:33:20 +03 2024: -- Installing: /home/plotnips/Dropbox/PhD_proposal/work_with_david/Exawave_3_handover/simwave_export_to_ecrc_servers_/bin/modeling-snap_tb
Sun May 19 06:33:20 +03 2024: -- Installing: /home/plotnips/Dropbox/PhD_proposal/work_with_david/Exawave_3_handover/simwave_export_to_ecrc_servers_/bin/modeling
Sun May 19 06:33:20 +03 2024: -- Installing: /home/plotnips/Dropbox/PhD_proposal/work_with_david/Exawave_3_handover/simwave_export_to_ecrc_servers_/bin/modeling_original
Sun May 19 06:33:20 +03 2024: -- Installing: /home/plotnips/Dropbox/PhD_proposal/work_with_david/Exawave_3_handover/simwave_export_to_ecrc_servers_/bin/rtm
