Compiling the C compiler identification source file "CMakeCCompilerId.c" failed.
Compiler: /Library/Developer/CommandLineTools/usr/bin/cc 
Build flags: 
Id flags:  

The output was:
1
ld: library not found for -lSystem
clang: error: linker command failed with exit code 1 (use -v to see invocation)


Compiling the CXX compiler identification source file "CMakeCXXCompilerId.cpp" failed.
Compiler: /Library/Developer/CommandLineTools/usr/bin/c++ 
Build flags: ;
Id flags:  

The output was:
1
ld: library not found for -lc++
clang: error: linker command failed with exit code 1 (use -v to see invocation)


Determining if the pthread_create exist failed with the following output:
Change Dir: /home/plotnips/Dropbox/PhD_proposal/work_with_david/Exawave_3_handover/simwave_export_to_ecrc_servers_/CMakeFiles/CMakeTmp

Run Build Command:"/usr/bin/make" "cmTC_0e29d/fast"
/usr/bin/make -f CMakeFiles/cmTC_0e29d.dir/build.make CMakeFiles/cmTC_0e29d.dir/build
make[1]: Entering directory '/home/plotnips/Dropbox/PhD_proposal/work_with_david/Exawave_3_handover/simwave_export_to_ecrc_servers_/CMakeFiles/CMakeTmp'
Building C object CMakeFiles/cmTC_0e29d.dir/CheckSymbolExists.c.o
/sw/workstations/apps/linux-ubuntu18.04-ivybridge/intel-oneapi-compilers/2021.4.0/gcc-7.5.0/sqbobreknfie6u3gabzli6kfi3yox7as/compiler/2021.4.0/linux/bin/intel64/icc   -fPIC    -o CMakeFiles/cmTC_0e29d.dir/CheckSymbolExists.c.o   -c /home/plotnips/Dropbox/PhD_proposal/work_with_david/Exawave_3_handover/simwave_export_to_ecrc_servers_/CMakeFiles/CMakeTmp/CheckSymbolExists.c
Linking C executable cmTC_0e29d
/usr/bin/cmake -E cmake_link_script CMakeFiles/cmTC_0e29d.dir/link.txt --verbose=1
/sw/workstations/apps/linux-ubuntu18.04-ivybridge/intel-oneapi-compilers/2021.4.0/gcc-7.5.0/sqbobreknfie6u3gabzli6kfi3yox7as/compiler/2021.4.0/linux/bin/intel64/icc -fPIC      CMakeFiles/cmTC_0e29d.dir/CheckSymbolExists.c.o  -o cmTC_0e29d 
CMakeFiles/cmTC_0e29d.dir/CheckSymbolExists.c.o: In function `main':
CheckSymbolExists.c:(.text+0x25): undefined reference to `pthread_create'
CMakeFiles/cmTC_0e29d.dir/build.make:97: recipe for target 'cmTC_0e29d' failed
make[1]: *** [cmTC_0e29d] Error 1
make[1]: Leaving directory '/home/plotnips/Dropbox/PhD_proposal/work_with_david/Exawave_3_handover/simwave_export_to_ecrc_servers_/CMakeFiles/CMakeTmp'
Makefile:126: recipe for target 'cmTC_0e29d/fast' failed
make: *** [cmTC_0e29d/fast] Error 2

File /home/plotnips/Dropbox/PhD_proposal/work_with_david/Exawave_3_handover/simwave_export_to_ecrc_servers_/CMakeFiles/CMakeTmp/CheckSymbolExists.c:
/* */
#include <pthread.h>

int main(int argc, char** argv)
{
  (void)argv;
#ifndef pthread_create
  return ((int*)(&pthread_create))[argc];
#else
  (void)argc;
  return 0;
#endif
}

Determining if the function pthread_create exists in the pthreads failed with the following output:
Change Dir: /home/plotnips/Dropbox/PhD_proposal/work_with_david/Exawave_3_handover/simwave_export_to_ecrc_servers_/CMakeFiles/CMakeTmp

Run Build Command:"/usr/bin/make" "cmTC_68fbf/fast"
/usr/bin/make -f CMakeFiles/cmTC_68fbf.dir/build.make CMakeFiles/cmTC_68fbf.dir/build
make[1]: Entering directory '/home/plotnips/Dropbox/PhD_proposal/work_with_david/Exawave_3_handover/simwave_export_to_ecrc_servers_/CMakeFiles/CMakeTmp'
Building C object CMakeFiles/cmTC_68fbf.dir/CheckFunctionExists.c.o
/sw/workstations/apps/linux-ubuntu18.04-ivybridge/intel-oneapi-compilers/2021.4.0/gcc-7.5.0/sqbobreknfie6u3gabzli6kfi3yox7as/compiler/2021.4.0/linux/bin/intel64/icc   -fPIC -DCHECK_FUNCTION_EXISTS=pthread_create   -o CMakeFiles/cmTC_68fbf.dir/CheckFunctionExists.c.o   -c /usr/share/cmake-3.10/Modules/CheckFunctionExists.c
Linking C executable cmTC_68fbf
/usr/bin/cmake -E cmake_link_script CMakeFiles/cmTC_68fbf.dir/link.txt --verbose=1
/sw/workstations/apps/linux-ubuntu18.04-ivybridge/intel-oneapi-compilers/2021.4.0/gcc-7.5.0/sqbobreknfie6u3gabzli6kfi3yox7as/compiler/2021.4.0/linux/bin/intel64/icc -fPIC -DCHECK_FUNCTION_EXISTS=pthread_create     CMakeFiles/cmTC_68fbf.dir/CheckFunctionExists.c.o  -o cmTC_68fbf -lpthreads 
ld: cannot find -lpthreads
CMakeFiles/cmTC_68fbf.dir/build.make:97: recipe for target 'cmTC_68fbf' failed
make[1]: *** [cmTC_68fbf] Error 1
make[1]: Leaving directory '/home/plotnips/Dropbox/PhD_proposal/work_with_david/Exawave_3_handover/simwave_export_to_ecrc_servers_/CMakeFiles/CMakeTmp'
Makefile:126: recipe for target 'cmTC_68fbf/fast' failed
make: *** [cmTC_68fbf/fast] Error 2


Determining if the pthread_create exist failed with the following output:
Change Dir: /home/plotnips/Dropbox/PhD_proposal/work_with_david/Exawave_3_handover/simwave_export_to_ecrc_servers_/CMakeFiles/CMakeTmp

Run Build Command:"/usr/bin/make" "cmTC_17ec0/fast"
/usr/bin/make -f CMakeFiles/cmTC_17ec0.dir/build.make CMakeFiles/cmTC_17ec0.dir/build
make[1]: Entering directory '/home/plotnips/Dropbox/PhD_proposal/work_with_david/Exawave_3_handover/simwave_export_to_ecrc_servers_/CMakeFiles/CMakeTmp'
Building C object CMakeFiles/cmTC_17ec0.dir/CheckSymbolExists.c.o
/sw/workstations/apps/linux-ubuntu18.04-ivybridge/intel-oneapi-compilers/2021.4.0/gcc-7.5.0/sqbobreknfie6u3gabzli6kfi3yox7as/compiler/2021.4.0/linux/bin/intel64/icc   -fPIC    -o CMakeFiles/cmTC_17ec0.dir/CheckSymbolExists.c.o   -c /home/plotnips/Dropbox/PhD_proposal/work_with_david/Exawave_3_handover/simwave_export_to_ecrc_servers_/CMakeFiles/CMakeTmp/CheckSymbolExists.c
Linking C executable cmTC_17ec0
/usr/bin/cmake -E cmake_link_script CMakeFiles/cmTC_17ec0.dir/link.txt --verbose=1
/sw/workstations/apps/linux-ubuntu18.04-ivybridge/intel-oneapi-compilers/2021.4.0/gcc-7.5.0/sqbobreknfie6u3gabzli6kfi3yox7as/compiler/2021.4.0/linux/bin/intel64/icc -fPIC      CMakeFiles/cmTC_17ec0.dir/CheckSymbolExists.c.o  -o cmTC_17ec0 
CMakeFiles/cmTC_17ec0.dir/CheckSymbolExists.c.o: In function `main':
CheckSymbolExists.c:(.text+0x25): undefined reference to `pthread_create'
CMakeFiles/cmTC_17ec0.dir/build.make:97: recipe for target 'cmTC_17ec0' failed
make[1]: *** [cmTC_17ec0] Error 1
make[1]: Leaving directory '/home/plotnips/Dropbox/PhD_proposal/work_with_david/Exawave_3_handover/simwave_export_to_ecrc_servers_/CMakeFiles/CMakeTmp'
Makefile:126: recipe for target 'cmTC_17ec0/fast' failed
make: *** [cmTC_17ec0/fast] Error 2

File /home/plotnips/Dropbox/PhD_proposal/work_with_david/Exawave_3_handover/simwave_export_to_ecrc_servers_/CMakeFiles/CMakeTmp/CheckSymbolExists.c:
/* */
#include <pthread.h>

int main(int argc, char** argv)
{
  (void)argv;
#ifndef pthread_create
  return ((int*)(&pthread_create))[argc];
#else
  (void)argc;
  return 0;
#endif
}

Determining if the function pthread_create exists in the pthreads failed with the following output:
Change Dir: /home/plotnips/Dropbox/PhD_proposal/work_with_david/Exawave_3_handover/simwave_export_to_ecrc_servers_/CMakeFiles/CMakeTmp

Run Build Command:"/usr/bin/make" "cmTC_7d4cd/fast"
/usr/bin/make -f CMakeFiles/cmTC_7d4cd.dir/build.make CMakeFiles/cmTC_7d4cd.dir/build
make[1]: Entering directory '/home/plotnips/Dropbox/PhD_proposal/work_with_david/Exawave_3_handover/simwave_export_to_ecrc_servers_/CMakeFiles/CMakeTmp'
Building C object CMakeFiles/cmTC_7d4cd.dir/CheckFunctionExists.c.o
/sw/workstations/apps/linux-ubuntu18.04-ivybridge/intel-oneapi-compilers/2021.4.0/gcc-7.5.0/sqbobreknfie6u3gabzli6kfi3yox7as/compiler/2021.4.0/linux/bin/intel64/icc   -fPIC -DCHECK_FUNCTION_EXISTS=pthread_create   -o CMakeFiles/cmTC_7d4cd.dir/CheckFunctionExists.c.o   -c /usr/share/cmake-3.10/Modules/CheckFunctionExists.c
Linking C executable cmTC_7d4cd
/usr/bin/cmake -E cmake_link_script CMakeFiles/cmTC_7d4cd.dir/link.txt --verbose=1
/sw/workstations/apps/linux-ubuntu18.04-ivybridge/intel-oneapi-compilers/2021.4.0/gcc-7.5.0/sqbobreknfie6u3gabzli6kfi3yox7as/compiler/2021.4.0/linux/bin/intel64/icc -fPIC -DCHECK_FUNCTION_EXISTS=pthread_create     CMakeFiles/cmTC_7d4cd.dir/CheckFunctionExists.c.o  -o cmTC_7d4cd -lpthreads 
ld: cannot find -lpthreads
CMakeFiles/cmTC_7d4cd.dir/build.make:97: recipe for target 'cmTC_7d4cd' failed
make[1]: *** [cmTC_7d4cd] Error 1
make[1]: Leaving directory '/home/plotnips/Dropbox/PhD_proposal/work_with_david/Exawave_3_handover/simwave_export_to_ecrc_servers_/CMakeFiles/CMakeTmp'
Makefile:126: recipe for target 'cmTC_7d4cd/fast' failed
make: *** [cmTC_7d4cd/fast] Error 2


Determining if the pthread_create exist failed with the following output:
Change Dir: /home/plotnips/Dropbox/PhD_proposal/work_with_david/Exawave_3_handover/simwave_export_to_ecrc_servers_/CMakeFiles/CMakeTmp

Run Build Command:"/usr/bin/make" "cmTC_b0605/fast"
/usr/bin/make -f CMakeFiles/cmTC_b0605.dir/build.make CMakeFiles/cmTC_b0605.dir/build
make[1]: Entering directory '/home/plotnips/Dropbox/PhD_proposal/work_with_david/Exawave_3_handover/simwave_export_to_ecrc_servers_/CMakeFiles/CMakeTmp'
Building C object CMakeFiles/cmTC_b0605.dir/CheckSymbolExists.c.o
/sw/workstations/apps/linux-ubuntu18.04-ivybridge/intel-oneapi-compilers/2021.4.0/gcc-7.5.0/sqbobreknfie6u3gabzli6kfi3yox7as/compiler/2021.4.0/linux/bin/intel64/icc   -fPIC    -o CMakeFiles/cmTC_b0605.dir/CheckSymbolExists.c.o   -c /home/plotnips/Dropbox/PhD_proposal/work_with_david/Exawave_3_handover/simwave_export_to_ecrc_servers_/CMakeFiles/CMakeTmp/CheckSymbolExists.c
Linking C executable cmTC_b0605
/usr/bin/cmake -E cmake_link_script CMakeFiles/cmTC_b0605.dir/link.txt --verbose=1
/sw/workstations/apps/linux-ubuntu18.04-ivybridge/intel-oneapi-compilers/2021.4.0/gcc-7.5.0/sqbobreknfie6u3gabzli6kfi3yox7as/compiler/2021.4.0/linux/bin/intel64/icc -fPIC      CMakeFiles/cmTC_b0605.dir/CheckSymbolExists.c.o  -o cmTC_b0605 
CMakeFiles/cmTC_b0605.dir/CheckSymbolExists.c.o: In function `main':
CheckSymbolExists.c:(.text+0x25): undefined reference to `pthread_create'
CMakeFiles/cmTC_b0605.dir/build.make:97: recipe for target 'cmTC_b0605' failed
make[1]: *** [cmTC_b0605] Error 1
make[1]: Leaving directory '/home/plotnips/Dropbox/PhD_proposal/work_with_david/Exawave_3_handover/simwave_export_to_ecrc_servers_/CMakeFiles/CMakeTmp'
Makefile:126: recipe for target 'cmTC_b0605/fast' failed
make: *** [cmTC_b0605/fast] Error 2

File /home/plotnips/Dropbox/PhD_proposal/work_with_david/Exawave_3_handover/simwave_export_to_ecrc_servers_/CMakeFiles/CMakeTmp/CheckSymbolExists.c:
/* */
#include <pthread.h>

int main(int argc, char** argv)
{
  (void)argv;
#ifndef pthread_create
  return ((int*)(&pthread_create))[argc];
#else
  (void)argc;
  return 0;
#endif
}

Determining if the function pthread_create exists in the pthreads failed with the following output:
Change Dir: /home/plotnips/Dropbox/PhD_proposal/work_with_david/Exawave_3_handover/simwave_export_to_ecrc_servers_/CMakeFiles/CMakeTmp

Run Build Command:"/usr/bin/make" "cmTC_cd1e9/fast"
/usr/bin/make -f CMakeFiles/cmTC_cd1e9.dir/build.make CMakeFiles/cmTC_cd1e9.dir/build
make[1]: Entering directory '/home/plotnips/Dropbox/PhD_proposal/work_with_david/Exawave_3_handover/simwave_export_to_ecrc_servers_/CMakeFiles/CMakeTmp'
Building C object CMakeFiles/cmTC_cd1e9.dir/CheckFunctionExists.c.o
/sw/workstations/apps/linux-ubuntu18.04-ivybridge/intel-oneapi-compilers/2021.4.0/gcc-7.5.0/sqbobreknfie6u3gabzli6kfi3yox7as/compiler/2021.4.0/linux/bin/intel64/icc   -fPIC -DCHECK_FUNCTION_EXISTS=pthread_create   -o CMakeFiles/cmTC_cd1e9.dir/CheckFunctionExists.c.o   -c /usr/share/cmake-3.10/Modules/CheckFunctionExists.c
Linking C executable cmTC_cd1e9
/usr/bin/cmake -E cmake_link_script CMakeFiles/cmTC_cd1e9.dir/link.txt --verbose=1
/sw/workstations/apps/linux-ubuntu18.04-ivybridge/intel-oneapi-compilers/2021.4.0/gcc-7.5.0/sqbobreknfie6u3gabzli6kfi3yox7as/compiler/2021.4.0/linux/bin/intel64/icc -fPIC -DCHECK_FUNCTION_EXISTS=pthread_create     CMakeFiles/cmTC_cd1e9.dir/CheckFunctionExists.c.o  -o cmTC_cd1e9 -lpthreads 
ld: cannot find -lpthreads
CMakeFiles/cmTC_cd1e9.dir/build.make:97: recipe for target 'cmTC_cd1e9' failed
make[1]: *** [cmTC_cd1e9] Error 1
make[1]: Leaving directory '/home/plotnips/Dropbox/PhD_proposal/work_with_david/Exawave_3_handover/simwave_export_to_ecrc_servers_/CMakeFiles/CMakeTmp'
Makefile:126: recipe for target 'cmTC_cd1e9/fast' failed
make: *** [cmTC_cd1e9/fast] Error 2


Determining if the pthread_create exist failed with the following output:
Change Dir: /home/plotnips/Dropbox/PhD_proposal/work_with_david/Exawave_3_handover/simwave_export_to_ecrc_servers_/CMakeFiles/CMakeTmp

Run Build Command:"/usr/bin/make" "cmTC_376e7/fast"
/usr/bin/make -f CMakeFiles/cmTC_376e7.dir/build.make CMakeFiles/cmTC_376e7.dir/build
make[1]: Entering directory '/home/plotnips/Dropbox/PhD_proposal/work_with_david/Exawave_3_handover/simwave_export_to_ecrc_servers_/CMakeFiles/CMakeTmp'
Building C object CMakeFiles/cmTC_376e7.dir/CheckSymbolExists.c.o
/sw/workstations/apps/linux-ubuntu18.04-ivybridge/intel-oneapi-compilers/2021.4.0/gcc-7.5.0/sqbobreknfie6u3gabzli6kfi3yox7as/compiler/2021.4.0/linux/bin/intel64/icc   -fPIC    -o CMakeFiles/cmTC_376e7.dir/CheckSymbolExists.c.o   -c /home/plotnips/Dropbox/PhD_proposal/work_with_david/Exawave_3_handover/simwave_export_to_ecrc_servers_/CMakeFiles/CMakeTmp/CheckSymbolExists.c
Linking C executable cmTC_376e7
/usr/bin/cmake -E cmake_link_script CMakeFiles/cmTC_376e7.dir/link.txt --verbose=1
/sw/workstations/apps/linux-ubuntu18.04-ivybridge/intel-oneapi-compilers/2021.4.0/gcc-7.5.0/sqbobreknfie6u3gabzli6kfi3yox7as/compiler/2021.4.0/linux/bin/intel64/icc -fPIC      CMakeFiles/cmTC_376e7.dir/CheckSymbolExists.c.o  -o cmTC_376e7 
CMakeFiles/cmTC_376e7.dir/CheckSymbolExists.c.o: In function `main':
CheckSymbolExists.c:(.text+0x25): undefined reference to `pthread_create'
CMakeFiles/cmTC_376e7.dir/build.make:97: recipe for target 'cmTC_376e7' failed
make[1]: *** [cmTC_376e7] Error 1
make[1]: Leaving directory '/home/plotnips/Dropbox/PhD_proposal/work_with_david/Exawave_3_handover/simwave_export_to_ecrc_servers_/CMakeFiles/CMakeTmp'
Makefile:126: recipe for target 'cmTC_376e7/fast' failed
make: *** [cmTC_376e7/fast] Error 2

File /home/plotnips/Dropbox/PhD_proposal/work_with_david/Exawave_3_handover/simwave_export_to_ecrc_servers_/CMakeFiles/CMakeTmp/CheckSymbolExists.c:
/* */
#include <pthread.h>

int main(int argc, char** argv)
{
  (void)argv;
#ifndef pthread_create
  return ((int*)(&pthread_create))[argc];
#else
  (void)argc;
  return 0;
#endif
}

Determining if the function pthread_create exists in the pthreads failed with the following output:
Change Dir: /home/plotnips/Dropbox/PhD_proposal/work_with_david/Exawave_3_handover/simwave_export_to_ecrc_servers_/CMakeFiles/CMakeTmp

Run Build Command:"/usr/bin/make" "cmTC_deaab/fast"
/usr/bin/make -f CMakeFiles/cmTC_deaab.dir/build.make CMakeFiles/cmTC_deaab.dir/build
make[1]: Entering directory '/home/plotnips/Dropbox/PhD_proposal/work_with_david/Exawave_3_handover/simwave_export_to_ecrc_servers_/CMakeFiles/CMakeTmp'
Building C object CMakeFiles/cmTC_deaab.dir/CheckFunctionExists.c.o
/sw/workstations/apps/linux-ubuntu18.04-ivybridge/intel-oneapi-compilers/2021.4.0/gcc-7.5.0/sqbobreknfie6u3gabzli6kfi3yox7as/compiler/2021.4.0/linux/bin/intel64/icc   -fPIC -DCHECK_FUNCTION_EXISTS=pthread_create   -o CMakeFiles/cmTC_deaab.dir/CheckFunctionExists.c.o   -c /usr/share/cmake-3.10/Modules/CheckFunctionExists.c
Linking C executable cmTC_deaab
/usr/bin/cmake -E cmake_link_script CMakeFiles/cmTC_deaab.dir/link.txt --verbose=1
/sw/workstations/apps/linux-ubuntu18.04-ivybridge/intel-oneapi-compilers/2021.4.0/gcc-7.5.0/sqbobreknfie6u3gabzli6kfi3yox7as/compiler/2021.4.0/linux/bin/intel64/icc -fPIC -DCHECK_FUNCTION_EXISTS=pthread_create     CMakeFiles/cmTC_deaab.dir/CheckFunctionExists.c.o  -o cmTC_deaab -lpthreads 
ld: cannot find -lpthreads
CMakeFiles/cmTC_deaab.dir/build.make:97: recipe for target 'cmTC_deaab' failed
make[1]: *** [cmTC_deaab] Error 1
make[1]: Leaving directory '/home/plotnips/Dropbox/PhD_proposal/work_with_david/Exawave_3_handover/simwave_export_to_ecrc_servers_/CMakeFiles/CMakeTmp'
Makefile:126: recipe for target 'cmTC_deaab/fast' failed
make: *** [cmTC_deaab/fast] Error 2


Determining if the pthread_create exist failed with the following output:
Change Dir: /home/plotnips/Dropbox/PhD_proposal/work_with_david/Exawave_3_handover/simwave_export_to_ecrc_servers_/CMakeFiles/CMakeTmp

Run Build Command:"/usr/bin/make" "cmTC_858e1/fast"
/usr/bin/make -f CMakeFiles/cmTC_858e1.dir/build.make CMakeFiles/cmTC_858e1.dir/build
make[1]: Entering directory '/home/plotnips/Dropbox/PhD_proposal/work_with_david/Exawave_3_handover/simwave_export_to_ecrc_servers_/CMakeFiles/CMakeTmp'
Building C object CMakeFiles/cmTC_858e1.dir/CheckSymbolExists.c.o
/sw/workstations/apps/linux-ubuntu18.04-ivybridge/intel-oneapi-compilers/2021.4.0/gcc-7.5.0/sqbobreknfie6u3gabzli6kfi3yox7as/compiler/2021.4.0/linux/bin/intel64/icc   -fPIC    -o CMakeFiles/cmTC_858e1.dir/CheckSymbolExists.c.o   -c /home/plotnips/Dropbox/PhD_proposal/work_with_david/Exawave_3_handover/simwave_export_to_ecrc_servers_/CMakeFiles/CMakeTmp/CheckSymbolExists.c
Linking C executable cmTC_858e1
/usr/bin/cmake -E cmake_link_script CMakeFiles/cmTC_858e1.dir/link.txt --verbose=1
/sw/workstations/apps/linux-ubuntu18.04-ivybridge/intel-oneapi-compilers/2021.4.0/gcc-7.5.0/sqbobreknfie6u3gabzli6kfi3yox7as/compiler/2021.4.0/linux/bin/intel64/icc -fPIC      CMakeFiles/cmTC_858e1.dir/CheckSymbolExists.c.o  -o cmTC_858e1 
CMakeFiles/cmTC_858e1.dir/CheckSymbolExists.c.o: In function `main':
CheckSymbolExists.c:(.text+0x25): undefined reference to `pthread_create'
CMakeFiles/cmTC_858e1.dir/build.make:97: recipe for target 'cmTC_858e1' failed
make[1]: *** [cmTC_858e1] Error 1
make[1]: Leaving directory '/home/plotnips/Dropbox/PhD_proposal/work_with_david/Exawave_3_handover/simwave_export_to_ecrc_servers_/CMakeFiles/CMakeTmp'
Makefile:126: recipe for target 'cmTC_858e1/fast' failed
make: *** [cmTC_858e1/fast] Error 2

File /home/plotnips/Dropbox/PhD_proposal/work_with_david/Exawave_3_handover/simwave_export_to_ecrc_servers_/CMakeFiles/CMakeTmp/CheckSymbolExists.c:
/* */
#include <pthread.h>

int main(int argc, char** argv)
{
  (void)argv;
#ifndef pthread_create
  return ((int*)(&pthread_create))[argc];
#else
  (void)argc;
  return 0;
#endif
}

Determining if the function pthread_create exists in the pthreads failed with the following output:
Change Dir: /home/plotnips/Dropbox/PhD_proposal/work_with_david/Exawave_3_handover/simwave_export_to_ecrc_servers_/CMakeFiles/CMakeTmp

Run Build Command:"/usr/bin/make" "cmTC_7b6e8/fast"
/usr/bin/make -f CMakeFiles/cmTC_7b6e8.dir/build.make CMakeFiles/cmTC_7b6e8.dir/build
make[1]: Entering directory '/home/plotnips/Dropbox/PhD_proposal/work_with_david/Exawave_3_handover/simwave_export_to_ecrc_servers_/CMakeFiles/CMakeTmp'
Building C object CMakeFiles/cmTC_7b6e8.dir/CheckFunctionExists.c.o
/sw/workstations/apps/linux-ubuntu18.04-ivybridge/intel-oneapi-compilers/2021.4.0/gcc-7.5.0/sqbobreknfie6u3gabzli6kfi3yox7as/compiler/2021.4.0/linux/bin/intel64/icc   -fPIC -DCHECK_FUNCTION_EXISTS=pthread_create   -o CMakeFiles/cmTC_7b6e8.dir/CheckFunctionExists.c.o   -c /usr/share/cmake-3.10/Modules/CheckFunctionExists.c
Linking C executable cmTC_7b6e8
/usr/bin/cmake -E cmake_link_script CMakeFiles/cmTC_7b6e8.dir/link.txt --verbose=1
/sw/workstations/apps/linux-ubuntu18.04-ivybridge/intel-oneapi-compilers/2021.4.0/gcc-7.5.0/sqbobreknfie6u3gabzli6kfi3yox7as/compiler/2021.4.0/linux/bin/intel64/icc -fPIC -DCHECK_FUNCTION_EXISTS=pthread_create     CMakeFiles/cmTC_7b6e8.dir/CheckFunctionExists.c.o  -o cmTC_7b6e8 -lpthreads 
ld: cannot find -lpthreads
CMakeFiles/cmTC_7b6e8.dir/build.make:97: recipe for target 'cmTC_7b6e8' failed
make[1]: *** [cmTC_7b6e8] Error 1
make[1]: Leaving directory '/home/plotnips/Dropbox/PhD_proposal/work_with_david/Exawave_3_handover/simwave_export_to_ecrc_servers_/CMakeFiles/CMakeTmp'
Makefile:126: recipe for target 'cmTC_7b6e8/fast' failed
make: *** [cmTC_7b6e8/fast] Error 2


Determining if the pthread_create exist failed with the following output:
Change Dir: /home/plotnips/Dropbox/PhD_proposal/work_with_david/Exawave_3_handover/simwave_export_to_ecrc_servers_/CMakeFiles/CMakeTmp

Run Build Command:"/usr/bin/make" "cmTC_c3d11/fast"
/usr/bin/make -f CMakeFiles/cmTC_c3d11.dir/build.make CMakeFiles/cmTC_c3d11.dir/build
make[1]: Entering directory '/home/plotnips/Dropbox/PhD_proposal/work_with_david/Exawave_3_handover/simwave_export_to_ecrc_servers_/CMakeFiles/CMakeTmp'
Building C object CMakeFiles/cmTC_c3d11.dir/CheckSymbolExists.c.o
/sw/workstations/apps/linux-ubuntu18.04-ivybridge/intel-oneapi-compilers/2021.4.0/gcc-7.5.0/sqbobreknfie6u3gabzli6kfi3yox7as/compiler/2021.4.0/linux/bin/intel64/icc   -fPIC    -o CMakeFiles/cmTC_c3d11.dir/CheckSymbolExists.c.o   -c /home/plotnips/Dropbox/PhD_proposal/work_with_david/Exawave_3_handover/simwave_export_to_ecrc_servers_/CMakeFiles/CMakeTmp/CheckSymbolExists.c
Linking C executable cmTC_c3d11
/usr/bin/cmake -E cmake_link_script CMakeFiles/cmTC_c3d11.dir/link.txt --verbose=1
/sw/workstations/apps/linux-ubuntu18.04-ivybridge/intel-oneapi-compilers/2021.4.0/gcc-7.5.0/sqbobreknfie6u3gabzli6kfi3yox7as/compiler/2021.4.0/linux/bin/intel64/icc -fPIC      CMakeFiles/cmTC_c3d11.dir/CheckSymbolExists.c.o  -o cmTC_c3d11 
CMakeFiles/cmTC_c3d11.dir/CheckSymbolExists.c.o: In function `main':
CheckSymbolExists.c:(.text+0x25): undefined reference to `pthread_create'
CMakeFiles/cmTC_c3d11.dir/build.make:97: recipe for target 'cmTC_c3d11' failed
make[1]: *** [cmTC_c3d11] Error 1
make[1]: Leaving directory '/home/plotnips/Dropbox/PhD_proposal/work_with_david/Exawave_3_handover/simwave_export_to_ecrc_servers_/CMakeFiles/CMakeTmp'
Makefile:126: recipe for target 'cmTC_c3d11/fast' failed
make: *** [cmTC_c3d11/fast] Error 2

File /home/plotnips/Dropbox/PhD_proposal/work_with_david/Exawave_3_handover/simwave_export_to_ecrc_servers_/CMakeFiles/CMakeTmp/CheckSymbolExists.c:
/* */
#include <pthread.h>

int main(int argc, char** argv)
{
  (void)argv;
#ifndef pthread_create
  return ((int*)(&pthread_create))[argc];
#else
  (void)argc;
  return 0;
#endif
}

Determining if the function pthread_create exists in the pthreads failed with the following output:
Change Dir: /home/plotnips/Dropbox/PhD_proposal/work_with_david/Exawave_3_handover/simwave_export_to_ecrc_servers_/CMakeFiles/CMakeTmp

Run Build Command:"/usr/bin/make" "cmTC_6bac9/fast"
/usr/bin/make -f CMakeFiles/cmTC_6bac9.dir/build.make CMakeFiles/cmTC_6bac9.dir/build
make[1]: Entering directory '/home/plotnips/Dropbox/PhD_proposal/work_with_david/Exawave_3_handover/simwave_export_to_ecrc_servers_/CMakeFiles/CMakeTmp'
Building C object CMakeFiles/cmTC_6bac9.dir/CheckFunctionExists.c.o
/sw/workstations/apps/linux-ubuntu18.04-ivybridge/intel-oneapi-compilers/2021.4.0/gcc-7.5.0/sqbobreknfie6u3gabzli6kfi3yox7as/compiler/2021.4.0/linux/bin/intel64/icc   -fPIC -DCHECK_FUNCTION_EXISTS=pthread_create   -o CMakeFiles/cmTC_6bac9.dir/CheckFunctionExists.c.o   -c /usr/share/cmake-3.10/Modules/CheckFunctionExists.c
Linking C executable cmTC_6bac9
/usr/bin/cmake -E cmake_link_script CMakeFiles/cmTC_6bac9.dir/link.txt --verbose=1
/sw/workstations/apps/linux-ubuntu18.04-ivybridge/intel-oneapi-compilers/2021.4.0/gcc-7.5.0/sqbobreknfie6u3gabzli6kfi3yox7as/compiler/2021.4.0/linux/bin/intel64/icc -fPIC -DCHECK_FUNCTION_EXISTS=pthread_create     CMakeFiles/cmTC_6bac9.dir/CheckFunctionExists.c.o  -o cmTC_6bac9 -lpthreads 
ld: cannot find -lpthreads
CMakeFiles/cmTC_6bac9.dir/build.make:97: recipe for target 'cmTC_6bac9' failed
make[1]: *** [cmTC_6bac9] Error 1
make[1]: Leaving directory '/home/plotnips/Dropbox/PhD_proposal/work_with_david/Exawave_3_handover/simwave_export_to_ecrc_servers_/CMakeFiles/CMakeTmp'
Makefile:126: recipe for target 'cmTC_6bac9/fast' failed
make: *** [cmTC_6bac9/fast] Error 2


Determining if the pthread_create exist failed with the following output:
Change Dir: /home/plotnips/Dropbox/PhD_proposal/work_with_david/Exawave_3_handover/simwave_export_to_ecrc_servers_/CMakeFiles/CMakeTmp

Run Build Command:"/usr/bin/make" "cmTC_e401c/fast"
/usr/bin/make -f CMakeFiles/cmTC_e401c.dir/build.make CMakeFiles/cmTC_e401c.dir/build
make[1]: Entering directory '/home/plotnips/Dropbox/PhD_proposal/work_with_david/Exawave_3_handover/simwave_export_to_ecrc_servers_/CMakeFiles/CMakeTmp'
Building C object CMakeFiles/cmTC_e401c.dir/CheckSymbolExists.c.o
/sw/workstations/apps/linux-ubuntu18.04-ivybridge/intel-oneapi-compilers/2021.4.0/gcc-7.5.0/sqbobreknfie6u3gabzli6kfi3yox7as/compiler/2021.4.0/linux/bin/intel64/icc   -fPIC    -o CMakeFiles/cmTC_e401c.dir/CheckSymbolExists.c.o   -c /home/plotnips/Dropbox/PhD_proposal/work_with_david/Exawave_3_handover/simwave_export_to_ecrc_servers_/CMakeFiles/CMakeTmp/CheckSymbolExists.c
Linking C executable cmTC_e401c
/usr/bin/cmake -E cmake_link_script CMakeFiles/cmTC_e401c.dir/link.txt --verbose=1
/sw/workstations/apps/linux-ubuntu18.04-ivybridge/intel-oneapi-compilers/2021.4.0/gcc-7.5.0/sqbobreknfie6u3gabzli6kfi3yox7as/compiler/2021.4.0/linux/bin/intel64/icc -fPIC      CMakeFiles/cmTC_e401c.dir/CheckSymbolExists.c.o  -o cmTC_e401c 
CMakeFiles/cmTC_e401c.dir/CheckSymbolExists.c.o: In function `main':
CheckSymbolExists.c:(.text+0x25): undefined reference to `pthread_create'
CMakeFiles/cmTC_e401c.dir/build.make:97: recipe for target 'cmTC_e401c' failed
make[1]: *** [cmTC_e401c] Error 1
make[1]: Leaving directory '/home/plotnips/Dropbox/PhD_proposal/work_with_david/Exawave_3_handover/simwave_export_to_ecrc_servers_/CMakeFiles/CMakeTmp'
Makefile:126: recipe for target 'cmTC_e401c/fast' failed
make: *** [cmTC_e401c/fast] Error 2

File /home/plotnips/Dropbox/PhD_proposal/work_with_david/Exawave_3_handover/simwave_export_to_ecrc_servers_/CMakeFiles/CMakeTmp/CheckSymbolExists.c:
/* */
#include <pthread.h>

int main(int argc, char** argv)
{
  (void)argv;
#ifndef pthread_create
  return ((int*)(&pthread_create))[argc];
#else
  (void)argc;
  return 0;
#endif
}

Determining if the function pthread_create exists in the pthreads failed with the following output:
Change Dir: /home/plotnips/Dropbox/PhD_proposal/work_with_david/Exawave_3_handover/simwave_export_to_ecrc_servers_/CMakeFiles/CMakeTmp

Run Build Command:"/usr/bin/make" "cmTC_ed014/fast"
/usr/bin/make -f CMakeFiles/cmTC_ed014.dir/build.make CMakeFiles/cmTC_ed014.dir/build
make[1]: Entering directory '/home/plotnips/Dropbox/PhD_proposal/work_with_david/Exawave_3_handover/simwave_export_to_ecrc_servers_/CMakeFiles/CMakeTmp'
Building C object CMakeFiles/cmTC_ed014.dir/CheckFunctionExists.c.o
/sw/workstations/apps/linux-ubuntu18.04-ivybridge/intel-oneapi-compilers/2021.4.0/gcc-7.5.0/sqbobreknfie6u3gabzli6kfi3yox7as/compiler/2021.4.0/linux/bin/intel64/icc   -fPIC -DCHECK_FUNCTION_EXISTS=pthread_create   -o CMakeFiles/cmTC_ed014.dir/CheckFunctionExists.c.o   -c /usr/share/cmake-3.10/Modules/CheckFunctionExists.c
Linking C executable cmTC_ed014
/usr/bin/cmake -E cmake_link_script CMakeFiles/cmTC_ed014.dir/link.txt --verbose=1
/sw/workstations/apps/linux-ubuntu18.04-ivybridge/intel-oneapi-compilers/2021.4.0/gcc-7.5.0/sqbobreknfie6u3gabzli6kfi3yox7as/compiler/2021.4.0/linux/bin/intel64/icc -fPIC -DCHECK_FUNCTION_EXISTS=pthread_create     CMakeFiles/cmTC_ed014.dir/CheckFunctionExists.c.o  -o cmTC_ed014 -lpthreads 
ld: cannot find -lpthreads
CMakeFiles/cmTC_ed014.dir/build.make:97: recipe for target 'cmTC_ed014' failed
make[1]: *** [cmTC_ed014] Error 1
make[1]: Leaving directory '/home/plotnips/Dropbox/PhD_proposal/work_with_david/Exawave_3_handover/simwave_export_to_ecrc_servers_/CMakeFiles/CMakeTmp'
Makefile:126: recipe for target 'cmTC_ed014/fast' failed
make: *** [cmTC_ed014/fast] Error 2


Determining if the pthread_create exist failed with the following output:
Change Dir: /home/plotnips/Dropbox/PhD_proposal/work_with_david/Exawave_3_handover/simwave_export_to_ecrc_servers_/CMakeFiles/CMakeTmp

Run Build Command:"/usr/bin/make" "cmTC_dacea/fast"
/usr/bin/make -f CMakeFiles/cmTC_dacea.dir/build.make CMakeFiles/cmTC_dacea.dir/build
make[1]: Entering directory '/home/plotnips/Dropbox/PhD_proposal/work_with_david/Exawave_3_handover/simwave_export_to_ecrc_servers_/CMakeFiles/CMakeTmp'
Building C object CMakeFiles/cmTC_dacea.dir/CheckSymbolExists.c.o
/sw/workstations/apps/linux-ubuntu18.04-ivybridge/intel-oneapi-compilers/2021.4.0/gcc-7.5.0/sqbobreknfie6u3gabzli6kfi3yox7as/compiler/2021.4.0/linux/bin/intel64/icc   -fPIC    -o CMakeFiles/cmTC_dacea.dir/CheckSymbolExists.c.o   -c /home/plotnips/Dropbox/PhD_proposal/work_with_david/Exawave_3_handover/simwave_export_to_ecrc_servers_/CMakeFiles/CMakeTmp/CheckSymbolExists.c
Linking C executable cmTC_dacea
/usr/bin/cmake -E cmake_link_script CMakeFiles/cmTC_dacea.dir/link.txt --verbose=1
/sw/workstations/apps/linux-ubuntu18.04-ivybridge/intel-oneapi-compilers/2021.4.0/gcc-7.5.0/sqbobreknfie6u3gabzli6kfi3yox7as/compiler/2021.4.0/linux/bin/intel64/icc -fPIC      CMakeFiles/cmTC_dacea.dir/CheckSymbolExists.c.o  -o cmTC_dacea 
CMakeFiles/cmTC_dacea.dir/CheckSymbolExists.c.o: In function `main':
CheckSymbolExists.c:(.text+0x25): undefined reference to `pthread_create'
CMakeFiles/cmTC_dacea.dir/build.make:97: recipe for target 'cmTC_dacea' failed
make[1]: *** [cmTC_dacea] Error 1
make[1]: Leaving directory '/home/plotnips/Dropbox/PhD_proposal/work_with_david/Exawave_3_handover/simwave_export_to_ecrc_servers_/CMakeFiles/CMakeTmp'
Makefile:126: recipe for target 'cmTC_dacea/fast' failed
make: *** [cmTC_dacea/fast] Error 2

File /home/plotnips/Dropbox/PhD_proposal/work_with_david/Exawave_3_handover/simwave_export_to_ecrc_servers_/CMakeFiles/CMakeTmp/CheckSymbolExists.c:
/* */
#include <pthread.h>

int main(int argc, char** argv)
{
  (void)argv;
#ifndef pthread_create
  return ((int*)(&pthread_create))[argc];
#else
  (void)argc;
  return 0;
#endif
}

Determining if the function pthread_create exists in the pthreads failed with the following output:
Change Dir: /home/plotnips/Dropbox/PhD_proposal/work_with_david/Exawave_3_handover/simwave_export_to_ecrc_servers_/CMakeFiles/CMakeTmp

Run Build Command:"/usr/bin/make" "cmTC_b74a2/fast"
/usr/bin/make -f CMakeFiles/cmTC_b74a2.dir/build.make CMakeFiles/cmTC_b74a2.dir/build
make[1]: Entering directory '/home/plotnips/Dropbox/PhD_proposal/work_with_david/Exawave_3_handover/simwave_export_to_ecrc_servers_/CMakeFiles/CMakeTmp'
Building C object CMakeFiles/cmTC_b74a2.dir/CheckFunctionExists.c.o
/sw/workstations/apps/linux-ubuntu18.04-ivybridge/intel-oneapi-compilers/2021.4.0/gcc-7.5.0/sqbobreknfie6u3gabzli6kfi3yox7as/compiler/2021.4.0/linux/bin/intel64/icc   -fPIC -DCHECK_FUNCTION_EXISTS=pthread_create   -o CMakeFiles/cmTC_b74a2.dir/CheckFunctionExists.c.o   -c /usr/share/cmake-3.10/Modules/CheckFunctionExists.c
Linking C executable cmTC_b74a2
/usr/bin/cmake -E cmake_link_script CMakeFiles/cmTC_b74a2.dir/link.txt --verbose=1
/sw/workstations/apps/linux-ubuntu18.04-ivybridge/intel-oneapi-compilers/2021.4.0/gcc-7.5.0/sqbobreknfie6u3gabzli6kfi3yox7as/compiler/2021.4.0/linux/bin/intel64/icc -fPIC -DCHECK_FUNCTION_EXISTS=pthread_create     CMakeFiles/cmTC_b74a2.dir/CheckFunctionExists.c.o  -o cmTC_b74a2 -lpthreads 
ld: cannot find -lpthreads
CMakeFiles/cmTC_b74a2.dir/build.make:97: recipe for target 'cmTC_b74a2' failed
make[1]: *** [cmTC_b74a2] Error 1
make[1]: Leaving directory '/home/plotnips/Dropbox/PhD_proposal/work_with_david/Exawave_3_handover/simwave_export_to_ecrc_servers_/CMakeFiles/CMakeTmp'
Makefile:126: recipe for target 'cmTC_b74a2/fast' failed
make: *** [cmTC_b74a2/fast] Error 2


Determining if the pthread_create exist failed with the following output:
Change Dir: /home/plotnips/Dropbox/PhD_proposal/work_with_david/Exawave_3_handover/simwave_export_to_ecrc_servers_/CMakeFiles/CMakeTmp

Run Build Command:"/usr/bin/make" "cmTC_ff428/fast"
/usr/bin/make -f CMakeFiles/cmTC_ff428.dir/build.make CMakeFiles/cmTC_ff428.dir/build
make[1]: Entering directory '/home/plotnips/Dropbox/PhD_proposal/work_with_david/Exawave_3_handover/simwave_export_to_ecrc_servers_/CMakeFiles/CMakeTmp'
Building C object CMakeFiles/cmTC_ff428.dir/CheckSymbolExists.c.o
/sw/workstations/apps/linux-ubuntu18.04-ivybridge/intel-oneapi-compilers/2021.4.0/gcc-7.5.0/sqbobreknfie6u3gabzli6kfi3yox7as/compiler/2021.4.0/linux/bin/intel64/icc   -fPIC    -o CMakeFiles/cmTC_ff428.dir/CheckSymbolExists.c.o   -c /home/plotnips/Dropbox/PhD_proposal/work_with_david/Exawave_3_handover/simwave_export_to_ecrc_servers_/CMakeFiles/CMakeTmp/CheckSymbolExists.c
Linking C executable cmTC_ff428
/usr/bin/cmake -E cmake_link_script CMakeFiles/cmTC_ff428.dir/link.txt --verbose=1
/sw/workstations/apps/linux-ubuntu18.04-ivybridge/intel-oneapi-compilers/2021.4.0/gcc-7.5.0/sqbobreknfie6u3gabzli6kfi3yox7as/compiler/2021.4.0/linux/bin/intel64/icc -fPIC      CMakeFiles/cmTC_ff428.dir/CheckSymbolExists.c.o  -o cmTC_ff428 
CMakeFiles/cmTC_ff428.dir/CheckSymbolExists.c.o: In function `main':
CheckSymbolExists.c:(.text+0x25): undefined reference to `pthread_create'
CMakeFiles/cmTC_ff428.dir/build.make:97: recipe for target 'cmTC_ff428' failed
make[1]: *** [cmTC_ff428] Error 1
make[1]: Leaving directory '/home/plotnips/Dropbox/PhD_proposal/work_with_david/Exawave_3_handover/simwave_export_to_ecrc_servers_/CMakeFiles/CMakeTmp'
Makefile:126: recipe for target 'cmTC_ff428/fast' failed
make: *** [cmTC_ff428/fast] Error 2

File /home/plotnips/Dropbox/PhD_proposal/work_with_david/Exawave_3_handover/simwave_export_to_ecrc_servers_/CMakeFiles/CMakeTmp/CheckSymbolExists.c:
/* */
#include <pthread.h>

int main(int argc, char** argv)
{
  (void)argv;
#ifndef pthread_create
  return ((int*)(&pthread_create))[argc];
#else
  (void)argc;
  return 0;
#endif
}

Determining if the function pthread_create exists in the pthreads failed with the following output:
Change Dir: /home/plotnips/Dropbox/PhD_proposal/work_with_david/Exawave_3_handover/simwave_export_to_ecrc_servers_/CMakeFiles/CMakeTmp

Run Build Command:"/usr/bin/make" "cmTC_bff9c/fast"
/usr/bin/make -f CMakeFiles/cmTC_bff9c.dir/build.make CMakeFiles/cmTC_bff9c.dir/build
make[1]: Entering directory '/home/plotnips/Dropbox/PhD_proposal/work_with_david/Exawave_3_handover/simwave_export_to_ecrc_servers_/CMakeFiles/CMakeTmp'
Building C object CMakeFiles/cmTC_bff9c.dir/CheckFunctionExists.c.o
/sw/workstations/apps/linux-ubuntu18.04-ivybridge/intel-oneapi-compilers/2021.4.0/gcc-7.5.0/sqbobreknfie6u3gabzli6kfi3yox7as/compiler/2021.4.0/linux/bin/intel64/icc   -fPIC -DCHECK_FUNCTION_EXISTS=pthread_create   -o CMakeFiles/cmTC_bff9c.dir/CheckFunctionExists.c.o   -c /usr/share/cmake-3.10/Modules/CheckFunctionExists.c
Linking C executable cmTC_bff9c
/usr/bin/cmake -E cmake_link_script CMakeFiles/cmTC_bff9c.dir/link.txt --verbose=1
/sw/workstations/apps/linux-ubuntu18.04-ivybridge/intel-oneapi-compilers/2021.4.0/gcc-7.5.0/sqbobreknfie6u3gabzli6kfi3yox7as/compiler/2021.4.0/linux/bin/intel64/icc -fPIC -DCHECK_FUNCTION_EXISTS=pthread_create     CMakeFiles/cmTC_bff9c.dir/CheckFunctionExists.c.o  -o cmTC_bff9c -lpthreads 
ld: cannot find -lpthreads
CMakeFiles/cmTC_bff9c.dir/build.make:97: recipe for target 'cmTC_bff9c' failed
make[1]: *** [cmTC_bff9c] Error 1
make[1]: Leaving directory '/home/plotnips/Dropbox/PhD_proposal/work_with_david/Exawave_3_handover/simwave_export_to_ecrc_servers_/CMakeFiles/CMakeTmp'
Makefile:126: recipe for target 'cmTC_bff9c/fast' failed
make: *** [cmTC_bff9c/fast] Error 2


Determining if the pthread_create exist failed with the following output:
Change Dir: /home/plotnips/Dropbox/PhD_proposal/work_with_david/Exawave_3_handover/simwave_export_to_ecrc_servers_/CMakeFiles/CMakeTmp

Run Build Command:"/usr/bin/make" "cmTC_4c614/fast"
/usr/bin/make -f CMakeFiles/cmTC_4c614.dir/build.make CMakeFiles/cmTC_4c614.dir/build
make[1]: Entering directory '/home/plotnips/Dropbox/PhD_proposal/work_with_david/Exawave_3_handover/simwave_export_to_ecrc_servers_/CMakeFiles/CMakeTmp'
Building C object CMakeFiles/cmTC_4c614.dir/CheckSymbolExists.c.o
/sw/workstations/apps/linux-ubuntu18.04-ivybridge/intel-oneapi-compilers/2021.4.0/gcc-7.5.0/sqbobreknfie6u3gabzli6kfi3yox7as/compiler/2021.4.0/linux/bin/intel64/icc   -fPIC    -o CMakeFiles/cmTC_4c614.dir/CheckSymbolExists.c.o   -c /home/plotnips/Dropbox/PhD_proposal/work_with_david/Exawave_3_handover/simwave_export_to_ecrc_servers_/CMakeFiles/CMakeTmp/CheckSymbolExists.c
Linking C executable cmTC_4c614
/usr/bin/cmake -E cmake_link_script CMakeFiles/cmTC_4c614.dir/link.txt --verbose=1
/sw/workstations/apps/linux-ubuntu18.04-ivybridge/intel-oneapi-compilers/2021.4.0/gcc-7.5.0/sqbobreknfie6u3gabzli6kfi3yox7as/compiler/2021.4.0/linux/bin/intel64/icc -fPIC      CMakeFiles/cmTC_4c614.dir/CheckSymbolExists.c.o  -o cmTC_4c614 
CMakeFiles/cmTC_4c614.dir/CheckSymbolExists.c.o: In function `main':
CheckSymbolExists.c:(.text+0x25): undefined reference to `pthread_create'
CMakeFiles/cmTC_4c614.dir/build.make:97: recipe for target 'cmTC_4c614' failed
make[1]: *** [cmTC_4c614] Error 1
make[1]: Leaving directory '/home/plotnips/Dropbox/PhD_proposal/work_with_david/Exawave_3_handover/simwave_export_to_ecrc_servers_/CMakeFiles/CMakeTmp'
Makefile:126: recipe for target 'cmTC_4c614/fast' failed
make: *** [cmTC_4c614/fast] Error 2

File /home/plotnips/Dropbox/PhD_proposal/work_with_david/Exawave_3_handover/simwave_export_to_ecrc_servers_/CMakeFiles/CMakeTmp/CheckSymbolExists.c:
/* */
#include <pthread.h>

int main(int argc, char** argv)
{
  (void)argv;
#ifndef pthread_create
  return ((int*)(&pthread_create))[argc];
#else
  (void)argc;
  return 0;
#endif
}

Determining if the function pthread_create exists in the pthreads failed with the following output:
Change Dir: /home/plotnips/Dropbox/PhD_proposal/work_with_david/Exawave_3_handover/simwave_export_to_ecrc_servers_/CMakeFiles/CMakeTmp

Run Build Command:"/usr/bin/make" "cmTC_55eec/fast"
/usr/bin/make -f CMakeFiles/cmTC_55eec.dir/build.make CMakeFiles/cmTC_55eec.dir/build
make[1]: Entering directory '/home/plotnips/Dropbox/PhD_proposal/work_with_david/Exawave_3_handover/simwave_export_to_ecrc_servers_/CMakeFiles/CMakeTmp'
Building C object CMakeFiles/cmTC_55eec.dir/CheckFunctionExists.c.o
/sw/workstations/apps/linux-ubuntu18.04-ivybridge/intel-oneapi-compilers/2021.4.0/gcc-7.5.0/sqbobreknfie6u3gabzli6kfi3yox7as/compiler/2021.4.0/linux/bin/intel64/icc   -fPIC -DCHECK_FUNCTION_EXISTS=pthread_create   -o CMakeFiles/cmTC_55eec.dir/CheckFunctionExists.c.o   -c /usr/share/cmake-3.10/Modules/CheckFunctionExists.c
Linking C executable cmTC_55eec
/usr/bin/cmake -E cmake_link_script CMakeFiles/cmTC_55eec.dir/link.txt --verbose=1
/sw/workstations/apps/linux-ubuntu18.04-ivybridge/intel-oneapi-compilers/2021.4.0/gcc-7.5.0/sqbobreknfie6u3gabzli6kfi3yox7as/compiler/2021.4.0/linux/bin/intel64/icc -fPIC -DCHECK_FUNCTION_EXISTS=pthread_create     CMakeFiles/cmTC_55eec.dir/CheckFunctionExists.c.o  -o cmTC_55eec -lpthreads 
ld: cannot find -lpthreads
CMakeFiles/cmTC_55eec.dir/build.make:97: recipe for target 'cmTC_55eec' failed
make[1]: *** [cmTC_55eec] Error 1
make[1]: Leaving directory '/home/plotnips/Dropbox/PhD_proposal/work_with_david/Exawave_3_handover/simwave_export_to_ecrc_servers_/CMakeFiles/CMakeTmp'
Makefile:126: recipe for target 'cmTC_55eec/fast' failed
make: *** [cmTC_55eec/fast] Error 2


Determining if the pthread_create exist failed with the following output:
Change Dir: /home/plotnips/Dropbox/PhD_proposal/work_with_david/Exawave_3_handover/simwave_export_to_ecrc_servers_/CMakeFiles/CMakeTmp

Run Build Command:"/usr/bin/make" "cmTC_b5d69/fast"
/usr/bin/make -f CMakeFiles/cmTC_b5d69.dir/build.make CMakeFiles/cmTC_b5d69.dir/build
make[1]: Entering directory '/home/plotnips/Dropbox/PhD_proposal/work_with_david/Exawave_3_handover/simwave_export_to_ecrc_servers_/CMakeFiles/CMakeTmp'
Building C object CMakeFiles/cmTC_b5d69.dir/CheckSymbolExists.c.o
/sw/workstations/apps/linux-ubuntu18.04-ivybridge/intel-oneapi-compilers/2021.4.0/gcc-7.5.0/sqbobreknfie6u3gabzli6kfi3yox7as/compiler/2021.4.0/linux/bin/intel64/icc   -fPIC    -o CMakeFiles/cmTC_b5d69.dir/CheckSymbolExists.c.o   -c /home/plotnips/Dropbox/PhD_proposal/work_with_david/Exawave_3_handover/simwave_export_to_ecrc_servers_/CMakeFiles/CMakeTmp/CheckSymbolExists.c
Linking C executable cmTC_b5d69
/usr/bin/cmake -E cmake_link_script CMakeFiles/cmTC_b5d69.dir/link.txt --verbose=1
/sw/workstations/apps/linux-ubuntu18.04-ivybridge/intel-oneapi-compilers/2021.4.0/gcc-7.5.0/sqbobreknfie6u3gabzli6kfi3yox7as/compiler/2021.4.0/linux/bin/intel64/icc -fPIC      CMakeFiles/cmTC_b5d69.dir/CheckSymbolExists.c.o  -o cmTC_b5d69 
CMakeFiles/cmTC_b5d69.dir/CheckSymbolExists.c.o: In function `main':
CheckSymbolExists.c:(.text+0x25): undefined reference to `pthread_create'
CMakeFiles/cmTC_b5d69.dir/build.make:97: recipe for target 'cmTC_b5d69' failed
make[1]: *** [cmTC_b5d69] Error 1
make[1]: Leaving directory '/home/plotnips/Dropbox/PhD_proposal/work_with_david/Exawave_3_handover/simwave_export_to_ecrc_servers_/CMakeFiles/CMakeTmp'
Makefile:126: recipe for target 'cmTC_b5d69/fast' failed
make: *** [cmTC_b5d69/fast] Error 2

File /home/plotnips/Dropbox/PhD_proposal/work_with_david/Exawave_3_handover/simwave_export_to_ecrc_servers_/CMakeFiles/CMakeTmp/CheckSymbolExists.c:
/* */
#include <pthread.h>

int main(int argc, char** argv)
{
  (void)argv;
#ifndef pthread_create
  return ((int*)(&pthread_create))[argc];
#else
  (void)argc;
  return 0;
#endif
}

Determining if the function pthread_create exists in the pthreads failed with the following output:
Change Dir: /home/plotnips/Dropbox/PhD_proposal/work_with_david/Exawave_3_handover/simwave_export_to_ecrc_servers_/CMakeFiles/CMakeTmp

Run Build Command:"/usr/bin/make" "cmTC_af769/fast"
/usr/bin/make -f CMakeFiles/cmTC_af769.dir/build.make CMakeFiles/cmTC_af769.dir/build
make[1]: Entering directory '/home/plotnips/Dropbox/PhD_proposal/work_with_david/Exawave_3_handover/simwave_export_to_ecrc_servers_/CMakeFiles/CMakeTmp'
Building C object CMakeFiles/cmTC_af769.dir/CheckFunctionExists.c.o
/sw/workstations/apps/linux-ubuntu18.04-ivybridge/intel-oneapi-compilers/2021.4.0/gcc-7.5.0/sqbobreknfie6u3gabzli6kfi3yox7as/compiler/2021.4.0/linux/bin/intel64/icc   -fPIC -DCHECK_FUNCTION_EXISTS=pthread_create   -o CMakeFiles/cmTC_af769.dir/CheckFunctionExists.c.o   -c /usr/share/cmake-3.10/Modules/CheckFunctionExists.c
Linking C executable cmTC_af769
/usr/bin/cmake -E cmake_link_script CMakeFiles/cmTC_af769.dir/link.txt --verbose=1
/sw/workstations/apps/linux-ubuntu18.04-ivybridge/intel-oneapi-compilers/2021.4.0/gcc-7.5.0/sqbobreknfie6u3gabzli6kfi3yox7as/compiler/2021.4.0/linux/bin/intel64/icc -fPIC -DCHECK_FUNCTION_EXISTS=pthread_create     CMakeFiles/cmTC_af769.dir/CheckFunctionExists.c.o  -o cmTC_af769 -lpthreads 
ld: cannot find -lpthreads
CMakeFiles/cmTC_af769.dir/build.make:97: recipe for target 'cmTC_af769' failed
make[1]: *** [cmTC_af769] Error 1
make[1]: Leaving directory '/home/plotnips/Dropbox/PhD_proposal/work_with_david/Exawave_3_handover/simwave_export_to_ecrc_servers_/CMakeFiles/CMakeTmp'
Makefile:126: recipe for target 'cmTC_af769/fast' failed
make: *** [cmTC_af769/fast] Error 2


Determining if the pthread_create exist failed with the following output:
Change Dir: /home/plotnips/Dropbox/PhD_proposal/work_with_david/Exawave_3_handover/simwave_export_to_ecrc_servers_/CMakeFiles/CMakeTmp

Run Build Command:"/usr/bin/make" "cmTC_fbb67/fast"
/usr/bin/make -f CMakeFiles/cmTC_fbb67.dir/build.make CMakeFiles/cmTC_fbb67.dir/build
make[1]: Entering directory '/home/plotnips/Dropbox/PhD_proposal/work_with_david/Exawave_3_handover/simwave_export_to_ecrc_servers_/CMakeFiles/CMakeTmp'
Building C object CMakeFiles/cmTC_fbb67.dir/CheckSymbolExists.c.o
/sw/workstations/apps/linux-ubuntu18.04-ivybridge/intel-oneapi-compilers/2021.4.0/gcc-7.5.0/sqbobreknfie6u3gabzli6kfi3yox7as/compiler/2021.4.0/linux/bin/intel64/icc   -fPIC    -o CMakeFiles/cmTC_fbb67.dir/CheckSymbolExists.c.o   -c /home/plotnips/Dropbox/PhD_proposal/work_with_david/Exawave_3_handover/simwave_export_to_ecrc_servers_/CMakeFiles/CMakeTmp/CheckSymbolExists.c
Linking C executable cmTC_fbb67
/usr/bin/cmake -E cmake_link_script CMakeFiles/cmTC_fbb67.dir/link.txt --verbose=1
/sw/workstations/apps/linux-ubuntu18.04-ivybridge/intel-oneapi-compilers/2021.4.0/gcc-7.5.0/sqbobreknfie6u3gabzli6kfi3yox7as/compiler/2021.4.0/linux/bin/intel64/icc -fPIC      CMakeFiles/cmTC_fbb67.dir/CheckSymbolExists.c.o  -o cmTC_fbb67 
CMakeFiles/cmTC_fbb67.dir/CheckSymbolExists.c.o: In function `main':
CheckSymbolExists.c:(.text+0x25): undefined reference to `pthread_create'
CMakeFiles/cmTC_fbb67.dir/build.make:97: recipe for target 'cmTC_fbb67' failed
make[1]: *** [cmTC_fbb67] Error 1
make[1]: Leaving directory '/home/plotnips/Dropbox/PhD_proposal/work_with_david/Exawave_3_handover/simwave_export_to_ecrc_servers_/CMakeFiles/CMakeTmp'
Makefile:126: recipe for target 'cmTC_fbb67/fast' failed
make: *** [cmTC_fbb67/fast] Error 2

File /home/plotnips/Dropbox/PhD_proposal/work_with_david/Exawave_3_handover/simwave_export_to_ecrc_servers_/CMakeFiles/CMakeTmp/CheckSymbolExists.c:
/* */
#include <pthread.h>

int main(int argc, char** argv)
{
  (void)argv;
#ifndef pthread_create
  return ((int*)(&pthread_create))[argc];
#else
  (void)argc;
  return 0;
#endif
}

Determining if the function pthread_create exists in the pthreads failed with the following output:
Change Dir: /home/plotnips/Dropbox/PhD_proposal/work_with_david/Exawave_3_handover/simwave_export_to_ecrc_servers_/CMakeFiles/CMakeTmp

Run Build Command:"/usr/bin/make" "cmTC_564ce/fast"
/usr/bin/make -f CMakeFiles/cmTC_564ce.dir/build.make CMakeFiles/cmTC_564ce.dir/build
make[1]: Entering directory '/home/plotnips/Dropbox/PhD_proposal/work_with_david/Exawave_3_handover/simwave_export_to_ecrc_servers_/CMakeFiles/CMakeTmp'
Building C object CMakeFiles/cmTC_564ce.dir/CheckFunctionExists.c.o
/sw/workstations/apps/linux-ubuntu18.04-ivybridge/intel-oneapi-compilers/2021.4.0/gcc-7.5.0/sqbobreknfie6u3gabzli6kfi3yox7as/compiler/2021.4.0/linux/bin/intel64/icc   -fPIC -DCHECK_FUNCTION_EXISTS=pthread_create   -o CMakeFiles/cmTC_564ce.dir/CheckFunctionExists.c.o   -c /usr/share/cmake-3.10/Modules/CheckFunctionExists.c
Linking C executable cmTC_564ce
/usr/bin/cmake -E cmake_link_script CMakeFiles/cmTC_564ce.dir/link.txt --verbose=1
/sw/workstations/apps/linux-ubuntu18.04-ivybridge/intel-oneapi-compilers/2021.4.0/gcc-7.5.0/sqbobreknfie6u3gabzli6kfi3yox7as/compiler/2021.4.0/linux/bin/intel64/icc -fPIC -DCHECK_FUNCTION_EXISTS=pthread_create     CMakeFiles/cmTC_564ce.dir/CheckFunctionExists.c.o  -o cmTC_564ce -lpthreads 
ld: cannot find -lpthreads
CMakeFiles/cmTC_564ce.dir/build.make:97: recipe for target 'cmTC_564ce' failed
make[1]: *** [cmTC_564ce] Error 1
make[1]: Leaving directory '/home/plotnips/Dropbox/PhD_proposal/work_with_david/Exawave_3_handover/simwave_export_to_ecrc_servers_/CMakeFiles/CMakeTmp'
Makefile:126: recipe for target 'cmTC_564ce/fast' failed
make: *** [cmTC_564ce/fast] Error 2


Determining if the pthread_create exist failed with the following output:
Change Dir: /home/plotnips/Dropbox/PhD_proposal/work_with_david/Exawave_3_handover/simwave_export_to_ecrc_servers_/CMakeFiles/CMakeTmp

Run Build Command:"/usr/bin/make" "cmTC_4712d/fast"
/usr/bin/make -f CMakeFiles/cmTC_4712d.dir/build.make CMakeFiles/cmTC_4712d.dir/build
make[1]: Entering directory '/home/plotnips/Dropbox/PhD_proposal/work_with_david/Exawave_3_handover/simwave_export_to_ecrc_servers_/CMakeFiles/CMakeTmp'
Building C object CMakeFiles/cmTC_4712d.dir/CheckSymbolExists.c.o
/sw/workstations/apps/linux-ubuntu18.04-ivybridge/intel-oneapi-compilers/2021.4.0/gcc-7.5.0/sqbobreknfie6u3gabzli6kfi3yox7as/compiler/2021.4.0/linux/bin/intel64/icc   -fPIC    -o CMakeFiles/cmTC_4712d.dir/CheckSymbolExists.c.o   -c /home/plotnips/Dropbox/PhD_proposal/work_with_david/Exawave_3_handover/simwave_export_to_ecrc_servers_/CMakeFiles/CMakeTmp/CheckSymbolExists.c
Linking C executable cmTC_4712d
/usr/bin/cmake -E cmake_link_script CMakeFiles/cmTC_4712d.dir/link.txt --verbose=1
/sw/workstations/apps/linux-ubuntu18.04-ivybridge/intel-oneapi-compilers/2021.4.0/gcc-7.5.0/sqbobreknfie6u3gabzli6kfi3yox7as/compiler/2021.4.0/linux/bin/intel64/icc -fPIC      CMakeFiles/cmTC_4712d.dir/CheckSymbolExists.c.o  -o cmTC_4712d 
CMakeFiles/cmTC_4712d.dir/CheckSymbolExists.c.o: In function `main':
CheckSymbolExists.c:(.text+0x25): undefined reference to `pthread_create'
CMakeFiles/cmTC_4712d.dir/build.make:97: recipe for target 'cmTC_4712d' failed
make[1]: *** [cmTC_4712d] Error 1
make[1]: Leaving directory '/home/plotnips/Dropbox/PhD_proposal/work_with_david/Exawave_3_handover/simwave_export_to_ecrc_servers_/CMakeFiles/CMakeTmp'
Makefile:126: recipe for target 'cmTC_4712d/fast' failed
make: *** [cmTC_4712d/fast] Error 2

File /home/plotnips/Dropbox/PhD_proposal/work_with_david/Exawave_3_handover/simwave_export_to_ecrc_servers_/CMakeFiles/CMakeTmp/CheckSymbolExists.c:
/* */
#include <pthread.h>

int main(int argc, char** argv)
{
  (void)argv;
#ifndef pthread_create
  return ((int*)(&pthread_create))[argc];
#else
  (void)argc;
  return 0;
#endif
}

Determining if the function pthread_create exists in the pthreads failed with the following output:
Change Dir: /home/plotnips/Dropbox/PhD_proposal/work_with_david/Exawave_3_handover/simwave_export_to_ecrc_servers_/CMakeFiles/CMakeTmp

Run Build Command:"/usr/bin/make" "cmTC_53d66/fast"
/usr/bin/make -f CMakeFiles/cmTC_53d66.dir/build.make CMakeFiles/cmTC_53d66.dir/build
make[1]: Entering directory '/home/plotnips/Dropbox/PhD_proposal/work_with_david/Exawave_3_handover/simwave_export_to_ecrc_servers_/CMakeFiles/CMakeTmp'
Building C object CMakeFiles/cmTC_53d66.dir/CheckFunctionExists.c.o
/sw/workstations/apps/linux-ubuntu18.04-ivybridge/intel-oneapi-compilers/2021.4.0/gcc-7.5.0/sqbobreknfie6u3gabzli6kfi3yox7as/compiler/2021.4.0/linux/bin/intel64/icc   -fPIC -DCHECK_FUNCTION_EXISTS=pthread_create   -o CMakeFiles/cmTC_53d66.dir/CheckFunctionExists.c.o   -c /usr/share/cmake-3.10/Modules/CheckFunctionExists.c
Linking C executable cmTC_53d66
/usr/bin/cmake -E cmake_link_script CMakeFiles/cmTC_53d66.dir/link.txt --verbose=1
/sw/workstations/apps/linux-ubuntu18.04-ivybridge/intel-oneapi-compilers/2021.4.0/gcc-7.5.0/sqbobreknfie6u3gabzli6kfi3yox7as/compiler/2021.4.0/linux/bin/intel64/icc -fPIC -DCHECK_FUNCTION_EXISTS=pthread_create     CMakeFiles/cmTC_53d66.dir/CheckFunctionExists.c.o  -o cmTC_53d66 -lpthreads 
ld: cannot find -lpthreads
CMakeFiles/cmTC_53d66.dir/build.make:97: recipe for target 'cmTC_53d66' failed
make[1]: *** [cmTC_53d66] Error 1
make[1]: Leaving directory '/home/plotnips/Dropbox/PhD_proposal/work_with_david/Exawave_3_handover/simwave_export_to_ecrc_servers_/CMakeFiles/CMakeTmp'
Makefile:126: recipe for target 'cmTC_53d66/fast' failed
make: *** [cmTC_53d66/fast] Error 2


Determining if the pthread_create exist failed with the following output:
Change Dir: /home/plotnips/Dropbox/PhD_proposal/work_with_david/Exawave_3_handover/simwave_export_to_ecrc_servers_/CMakeFiles/CMakeTmp

Run Build Command:"/usr/bin/make" "cmTC_d34e1/fast"
/usr/bin/make -f CMakeFiles/cmTC_d34e1.dir/build.make CMakeFiles/cmTC_d34e1.dir/build
make[1]: Entering directory '/home/plotnips/Dropbox/PhD_proposal/work_with_david/Exawave_3_handover/simwave_export_to_ecrc_servers_/CMakeFiles/CMakeTmp'
Building C object CMakeFiles/cmTC_d34e1.dir/CheckSymbolExists.c.o
/sw/workstations/apps/linux-ubuntu18.04-ivybridge/intel-oneapi-compilers/2021.4.0/gcc-7.5.0/sqbobreknfie6u3gabzli6kfi3yox7as/compiler/2021.4.0/linux/bin/intel64/icc   -fPIC    -o CMakeFiles/cmTC_d34e1.dir/CheckSymbolExists.c.o   -c /home/plotnips/Dropbox/PhD_proposal/work_with_david/Exawave_3_handover/simwave_export_to_ecrc_servers_/CMakeFiles/CMakeTmp/CheckSymbolExists.c
Linking C executable cmTC_d34e1
/usr/bin/cmake -E cmake_link_script CMakeFiles/cmTC_d34e1.dir/link.txt --verbose=1
/sw/workstations/apps/linux-ubuntu18.04-ivybridge/intel-oneapi-compilers/2021.4.0/gcc-7.5.0/sqbobreknfie6u3gabzli6kfi3yox7as/compiler/2021.4.0/linux/bin/intel64/icc -fPIC      CMakeFiles/cmTC_d34e1.dir/CheckSymbolExists.c.o  -o cmTC_d34e1 
CMakeFiles/cmTC_d34e1.dir/CheckSymbolExists.c.o: In function `main':
CheckSymbolExists.c:(.text+0x25): undefined reference to `pthread_create'
CMakeFiles/cmTC_d34e1.dir/build.make:97: recipe for target 'cmTC_d34e1' failed
make[1]: *** [cmTC_d34e1] Error 1
make[1]: Leaving directory '/home/plotnips/Dropbox/PhD_proposal/work_with_david/Exawave_3_handover/simwave_export_to_ecrc_servers_/CMakeFiles/CMakeTmp'
Makefile:126: recipe for target 'cmTC_d34e1/fast' failed
make: *** [cmTC_d34e1/fast] Error 2

File /home/plotnips/Dropbox/PhD_proposal/work_with_david/Exawave_3_handover/simwave_export_to_ecrc_servers_/CMakeFiles/CMakeTmp/CheckSymbolExists.c:
/* */
#include <pthread.h>

int main(int argc, char** argv)
{
  (void)argv;
#ifndef pthread_create
  return ((int*)(&pthread_create))[argc];
#else
  (void)argc;
  return 0;
#endif
}

Determining if the function pthread_create exists in the pthreads failed with the following output:
Change Dir: /home/plotnips/Dropbox/PhD_proposal/work_with_david/Exawave_3_handover/simwave_export_to_ecrc_servers_/CMakeFiles/CMakeTmp

Run Build Command:"/usr/bin/make" "cmTC_318fb/fast"
/usr/bin/make -f CMakeFiles/cmTC_318fb.dir/build.make CMakeFiles/cmTC_318fb.dir/build
make[1]: Entering directory '/home/plotnips/Dropbox/PhD_proposal/work_with_david/Exawave_3_handover/simwave_export_to_ecrc_servers_/CMakeFiles/CMakeTmp'
Building C object CMakeFiles/cmTC_318fb.dir/CheckFunctionExists.c.o
/sw/workstations/apps/linux-ubuntu18.04-ivybridge/intel-oneapi-compilers/2021.4.0/gcc-7.5.0/sqbobreknfie6u3gabzli6kfi3yox7as/compiler/2021.4.0/linux/bin/intel64/icc   -fPIC -DCHECK_FUNCTION_EXISTS=pthread_create   -o CMakeFiles/cmTC_318fb.dir/CheckFunctionExists.c.o   -c /usr/share/cmake-3.10/Modules/CheckFunctionExists.c
Linking C executable cmTC_318fb
/usr/bin/cmake -E cmake_link_script CMakeFiles/cmTC_318fb.dir/link.txt --verbose=1
/sw/workstations/apps/linux-ubuntu18.04-ivybridge/intel-oneapi-compilers/2021.4.0/gcc-7.5.0/sqbobreknfie6u3gabzli6kfi3yox7as/compiler/2021.4.0/linux/bin/intel64/icc -fPIC -DCHECK_FUNCTION_EXISTS=pthread_create     CMakeFiles/cmTC_318fb.dir/CheckFunctionExists.c.o  -o cmTC_318fb -lpthreads 
ld: cannot find -lpthreads
CMakeFiles/cmTC_318fb.dir/build.make:97: recipe for target 'cmTC_318fb' failed
make[1]: *** [cmTC_318fb] Error 1
make[1]: Leaving directory '/home/plotnips/Dropbox/PhD_proposal/work_with_david/Exawave_3_handover/simwave_export_to_ecrc_servers_/CMakeFiles/CMakeTmp'
Makefile:126: recipe for target 'cmTC_318fb/fast' failed
make: *** [cmTC_318fb/fast] Error 2


Determining if the pthread_create exist failed with the following output:
Change Dir: /home/plotnips/Dropbox/PhD_proposal/work_with_david/Exawave_3_handover/simwave_export_to_ecrc_servers_/CMakeFiles/CMakeTmp

Run Build Command:"/usr/bin/make" "cmTC_dbed1/fast"
/usr/bin/make -f CMakeFiles/cmTC_dbed1.dir/build.make CMakeFiles/cmTC_dbed1.dir/build
make[1]: Entering directory '/home/plotnips/Dropbox/PhD_proposal/work_with_david/Exawave_3_handover/simwave_export_to_ecrc_servers_/CMakeFiles/CMakeTmp'
Building C object CMakeFiles/cmTC_dbed1.dir/CheckSymbolExists.c.o
/sw/workstations/apps/linux-ubuntu18.04-ivybridge/intel-oneapi-compilers/2021.4.0/gcc-7.5.0/sqbobreknfie6u3gabzli6kfi3yox7as/compiler/2021.4.0/linux/bin/intel64/icc   -fPIC    -o CMakeFiles/cmTC_dbed1.dir/CheckSymbolExists.c.o   -c /home/plotnips/Dropbox/PhD_proposal/work_with_david/Exawave_3_handover/simwave_export_to_ecrc_servers_/CMakeFiles/CMakeTmp/CheckSymbolExists.c
Linking C executable cmTC_dbed1
/usr/bin/cmake -E cmake_link_script CMakeFiles/cmTC_dbed1.dir/link.txt --verbose=1
/sw/workstations/apps/linux-ubuntu18.04-ivybridge/intel-oneapi-compilers/2021.4.0/gcc-7.5.0/sqbobreknfie6u3gabzli6kfi3yox7as/compiler/2021.4.0/linux/bin/intel64/icc -fPIC      CMakeFiles/cmTC_dbed1.dir/CheckSymbolExists.c.o  -o cmTC_dbed1 
CMakeFiles/cmTC_dbed1.dir/CheckSymbolExists.c.o: In function `main':
CheckSymbolExists.c:(.text+0x25): undefined reference to `pthread_create'
CMakeFiles/cmTC_dbed1.dir/build.make:97: recipe for target 'cmTC_dbed1' failed
make[1]: *** [cmTC_dbed1] Error 1
make[1]: Leaving directory '/home/plotnips/Dropbox/PhD_proposal/work_with_david/Exawave_3_handover/simwave_export_to_ecrc_servers_/CMakeFiles/CMakeTmp'
Makefile:126: recipe for target 'cmTC_dbed1/fast' failed
make: *** [cmTC_dbed1/fast] Error 2

File /home/plotnips/Dropbox/PhD_proposal/work_with_david/Exawave_3_handover/simwave_export_to_ecrc_servers_/CMakeFiles/CMakeTmp/CheckSymbolExists.c:
/* */
#include <pthread.h>

int main(int argc, char** argv)
{
  (void)argv;
#ifndef pthread_create
  return ((int*)(&pthread_create))[argc];
#else
  (void)argc;
  return 0;
#endif
}

Determining if the function pthread_create exists in the pthreads failed with the following output:
Change Dir: /home/plotnips/Dropbox/PhD_proposal/work_with_david/Exawave_3_handover/simwave_export_to_ecrc_servers_/CMakeFiles/CMakeTmp

Run Build Command:"/usr/bin/make" "cmTC_6724b/fast"
/usr/bin/make -f CMakeFiles/cmTC_6724b.dir/build.make CMakeFiles/cmTC_6724b.dir/build
make[1]: Entering directory '/home/plotnips/Dropbox/PhD_proposal/work_with_david/Exawave_3_handover/simwave_export_to_ecrc_servers_/CMakeFiles/CMakeTmp'
Building C object CMakeFiles/cmTC_6724b.dir/CheckFunctionExists.c.o
/sw/workstations/apps/linux-ubuntu18.04-ivybridge/intel-oneapi-compilers/2021.4.0/gcc-7.5.0/sqbobreknfie6u3gabzli6kfi3yox7as/compiler/2021.4.0/linux/bin/intel64/icc   -fPIC -DCHECK_FUNCTION_EXISTS=pthread_create   -o CMakeFiles/cmTC_6724b.dir/CheckFunctionExists.c.o   -c /usr/share/cmake-3.10/Modules/CheckFunctionExists.c
Linking C executable cmTC_6724b
/usr/bin/cmake -E cmake_link_script CMakeFiles/cmTC_6724b.dir/link.txt --verbose=1
/sw/workstations/apps/linux-ubuntu18.04-ivybridge/intel-oneapi-compilers/2021.4.0/gcc-7.5.0/sqbobreknfie6u3gabzli6kfi3yox7as/compiler/2021.4.0/linux/bin/intel64/icc -fPIC -DCHECK_FUNCTION_EXISTS=pthread_create     CMakeFiles/cmTC_6724b.dir/CheckFunctionExists.c.o  -o cmTC_6724b -lpthreads 
ld: cannot find -lpthreads
CMakeFiles/cmTC_6724b.dir/build.make:97: recipe for target 'cmTC_6724b' failed
make[1]: *** [cmTC_6724b] Error 1
make[1]: Leaving directory '/home/plotnips/Dropbox/PhD_proposal/work_with_david/Exawave_3_handover/simwave_export_to_ecrc_servers_/CMakeFiles/CMakeTmp'
Makefile:126: recipe for target 'cmTC_6724b/fast' failed
make: *** [cmTC_6724b/fast] Error 2


Determining if the pthread_create exist failed with the following output:
Change Dir: /home/plotnips/Dropbox/PhD_proposal/work_with_david/Exawave_3_handover/simwave_export_to_ecrc_servers_/CMakeFiles/CMakeTmp

Run Build Command:"/usr/bin/make" "cmTC_fa35f/fast"
/usr/bin/make -f CMakeFiles/cmTC_fa35f.dir/build.make CMakeFiles/cmTC_fa35f.dir/build
make[1]: Entering directory '/home/plotnips/Dropbox/PhD_proposal/work_with_david/Exawave_3_handover/simwave_export_to_ecrc_servers_/CMakeFiles/CMakeTmp'
Building C object CMakeFiles/cmTC_fa35f.dir/CheckSymbolExists.c.o
/sw/workstations/apps/linux-ubuntu18.04-ivybridge/intel-oneapi-compilers/2021.4.0/gcc-7.5.0/sqbobreknfie6u3gabzli6kfi3yox7as/compiler/2021.4.0/linux/bin/intel64/icc   -fPIC    -o CMakeFiles/cmTC_fa35f.dir/CheckSymbolExists.c.o   -c /home/plotnips/Dropbox/PhD_proposal/work_with_david/Exawave_3_handover/simwave_export_to_ecrc_servers_/CMakeFiles/CMakeTmp/CheckSymbolExists.c
Linking C executable cmTC_fa35f
/usr/bin/cmake -E cmake_link_script CMakeFiles/cmTC_fa35f.dir/link.txt --verbose=1
/sw/workstations/apps/linux-ubuntu18.04-ivybridge/intel-oneapi-compilers/2021.4.0/gcc-7.5.0/sqbobreknfie6u3gabzli6kfi3yox7as/compiler/2021.4.0/linux/bin/intel64/icc -fPIC      CMakeFiles/cmTC_fa35f.dir/CheckSymbolExists.c.o  -o cmTC_fa35f 
CMakeFiles/cmTC_fa35f.dir/CheckSymbolExists.c.o: In function `main':
CheckSymbolExists.c:(.text+0x25): undefined reference to `pthread_create'
CMakeFiles/cmTC_fa35f.dir/build.make:97: recipe for target 'cmTC_fa35f' failed
make[1]: *** [cmTC_fa35f] Error 1
make[1]: Leaving directory '/home/plotnips/Dropbox/PhD_proposal/work_with_david/Exawave_3_handover/simwave_export_to_ecrc_servers_/CMakeFiles/CMakeTmp'
Makefile:126: recipe for target 'cmTC_fa35f/fast' failed
make: *** [cmTC_fa35f/fast] Error 2

File /home/plotnips/Dropbox/PhD_proposal/work_with_david/Exawave_3_handover/simwave_export_to_ecrc_servers_/CMakeFiles/CMakeTmp/CheckSymbolExists.c:
/* */
#include <pthread.h>

int main(int argc, char** argv)
{
  (void)argv;
#ifndef pthread_create
  return ((int*)(&pthread_create))[argc];
#else
  (void)argc;
  return 0;
#endif
}

Determining if the function pthread_create exists in the pthreads failed with the following output:
Change Dir: /home/plotnips/Dropbox/PhD_proposal/work_with_david/Exawave_3_handover/simwave_export_to_ecrc_servers_/CMakeFiles/CMakeTmp

Run Build Command:"/usr/bin/make" "cmTC_0b945/fast"
/usr/bin/make -f CMakeFiles/cmTC_0b945.dir/build.make CMakeFiles/cmTC_0b945.dir/build
make[1]: Entering directory '/home/plotnips/Dropbox/PhD_proposal/work_with_david/Exawave_3_handover/simwave_export_to_ecrc_servers_/CMakeFiles/CMakeTmp'
Building C object CMakeFiles/cmTC_0b945.dir/CheckFunctionExists.c.o
/sw/workstations/apps/linux-ubuntu18.04-ivybridge/intel-oneapi-compilers/2021.4.0/gcc-7.5.0/sqbobreknfie6u3gabzli6kfi3yox7as/compiler/2021.4.0/linux/bin/intel64/icc   -fPIC -DCHECK_FUNCTION_EXISTS=pthread_create   -o CMakeFiles/cmTC_0b945.dir/CheckFunctionExists.c.o   -c /usr/share/cmake-3.10/Modules/CheckFunctionExists.c
Linking C executable cmTC_0b945
/usr/bin/cmake -E cmake_link_script CMakeFiles/cmTC_0b945.dir/link.txt --verbose=1
/sw/workstations/apps/linux-ubuntu18.04-ivybridge/intel-oneapi-compilers/2021.4.0/gcc-7.5.0/sqbobreknfie6u3gabzli6kfi3yox7as/compiler/2021.4.0/linux/bin/intel64/icc -fPIC -DCHECK_FUNCTION_EXISTS=pthread_create     CMakeFiles/cmTC_0b945.dir/CheckFunctionExists.c.o  -o cmTC_0b945 -lpthreads 
ld: cannot find -lpthreads
CMakeFiles/cmTC_0b945.dir/build.make:97: recipe for target 'cmTC_0b945' failed
make[1]: *** [cmTC_0b945] Error 1
make[1]: Leaving directory '/home/plotnips/Dropbox/PhD_proposal/work_with_david/Exawave_3_handover/simwave_export_to_ecrc_servers_/CMakeFiles/CMakeTmp'
Makefile:126: recipe for target 'cmTC_0b945/fast' failed
make: *** [cmTC_0b945/fast] Error 2


Determining if the pthread_create exist failed with the following output:
Change Dir: /home/plotnips/Dropbox/PhD_proposal/work_with_david/Exawave_3_handover/simwave_export_to_ecrc_servers_/CMakeFiles/CMakeTmp

Run Build Command:"/usr/bin/make" "cmTC_0fe0c/fast"
/usr/bin/make -f CMakeFiles/cmTC_0fe0c.dir/build.make CMakeFiles/cmTC_0fe0c.dir/build
make[1]: Entering directory '/home/plotnips/Dropbox/PhD_proposal/work_with_david/Exawave_3_handover/simwave_export_to_ecrc_servers_/CMakeFiles/CMakeTmp'
Building C object CMakeFiles/cmTC_0fe0c.dir/CheckSymbolExists.c.o
/sw/workstations/apps/linux-ubuntu18.04-ivybridge/intel-oneapi-compilers/2021.4.0/gcc-7.5.0/sqbobreknfie6u3gabzli6kfi3yox7as/compiler/2021.4.0/linux/bin/intel64/icc   -fPIC    -o CMakeFiles/cmTC_0fe0c.dir/CheckSymbolExists.c.o   -c /home/plotnips/Dropbox/PhD_proposal/work_with_david/Exawave_3_handover/simwave_export_to_ecrc_servers_/CMakeFiles/CMakeTmp/CheckSymbolExists.c
Linking C executable cmTC_0fe0c
/usr/bin/cmake -E cmake_link_script CMakeFiles/cmTC_0fe0c.dir/link.txt --verbose=1
/sw/workstations/apps/linux-ubuntu18.04-ivybridge/intel-oneapi-compilers/2021.4.0/gcc-7.5.0/sqbobreknfie6u3gabzli6kfi3yox7as/compiler/2021.4.0/linux/bin/intel64/icc -fPIC      CMakeFiles/cmTC_0fe0c.dir/CheckSymbolExists.c.o  -o cmTC_0fe0c 
CMakeFiles/cmTC_0fe0c.dir/CheckSymbolExists.c.o: In function `main':
CheckSymbolExists.c:(.text+0x25): undefined reference to `pthread_create'
CMakeFiles/cmTC_0fe0c.dir/build.make:97: recipe for target 'cmTC_0fe0c' failed
make[1]: *** [cmTC_0fe0c] Error 1
make[1]: Leaving directory '/home/plotnips/Dropbox/PhD_proposal/work_with_david/Exawave_3_handover/simwave_export_to_ecrc_servers_/CMakeFiles/CMakeTmp'
Makefile:126: recipe for target 'cmTC_0fe0c/fast' failed
make: *** [cmTC_0fe0c/fast] Error 2

File /home/plotnips/Dropbox/PhD_proposal/work_with_david/Exawave_3_handover/simwave_export_to_ecrc_servers_/CMakeFiles/CMakeTmp/CheckSymbolExists.c:
/* */
#include <pthread.h>

int main(int argc, char** argv)
{
  (void)argv;
#ifndef pthread_create
  return ((int*)(&pthread_create))[argc];
#else
  (void)argc;
  return 0;
#endif
}

Determining if the function pthread_create exists in the pthreads failed with the following output:
Change Dir: /home/plotnips/Dropbox/PhD_proposal/work_with_david/Exawave_3_handover/simwave_export_to_ecrc_servers_/CMakeFiles/CMakeTmp

Run Build Command:"/usr/bin/make" "cmTC_7d9c7/fast"
/usr/bin/make -f CMakeFiles/cmTC_7d9c7.dir/build.make CMakeFiles/cmTC_7d9c7.dir/build
make[1]: Entering directory '/home/plotnips/Dropbox/PhD_proposal/work_with_david/Exawave_3_handover/simwave_export_to_ecrc_servers_/CMakeFiles/CMakeTmp'
Building C object CMakeFiles/cmTC_7d9c7.dir/CheckFunctionExists.c.o
/sw/workstations/apps/linux-ubuntu18.04-ivybridge/intel-oneapi-compilers/2021.4.0/gcc-7.5.0/sqbobreknfie6u3gabzli6kfi3yox7as/compiler/2021.4.0/linux/bin/intel64/icc   -fPIC -DCHECK_FUNCTION_EXISTS=pthread_create   -o CMakeFiles/cmTC_7d9c7.dir/CheckFunctionExists.c.o   -c /usr/share/cmake-3.10/Modules/CheckFunctionExists.c
Linking C executable cmTC_7d9c7
/usr/bin/cmake -E cmake_link_script CMakeFiles/cmTC_7d9c7.dir/link.txt --verbose=1
/sw/workstations/apps/linux-ubuntu18.04-ivybridge/intel-oneapi-compilers/2021.4.0/gcc-7.5.0/sqbobreknfie6u3gabzli6kfi3yox7as/compiler/2021.4.0/linux/bin/intel64/icc -fPIC -DCHECK_FUNCTION_EXISTS=pthread_create     CMakeFiles/cmTC_7d9c7.dir/CheckFunctionExists.c.o  -o cmTC_7d9c7 -lpthreads 
ld: cannot find -lpthreads
CMakeFiles/cmTC_7d9c7.dir/build.make:97: recipe for target 'cmTC_7d9c7' failed
make[1]: *** [cmTC_7d9c7] Error 1
make[1]: Leaving directory '/home/plotnips/Dropbox/PhD_proposal/work_with_david/Exawave_3_handover/simwave_export_to_ecrc_servers_/CMakeFiles/CMakeTmp'
Makefile:126: recipe for target 'cmTC_7d9c7/fast' failed
make: *** [cmTC_7d9c7/fast] Error 2


Determining if the pthread_create exist failed with the following output:
Change Dir: /home/plotnips/Dropbox/PhD_proposal/work_with_david/Exawave_3_handover/simwave_export_to_ecrc_servers_/CMakeFiles/CMakeTmp

Run Build Command:"/usr/bin/make" "cmTC_82b5f/fast"
/usr/bin/make -f CMakeFiles/cmTC_82b5f.dir/build.make CMakeFiles/cmTC_82b5f.dir/build
make[1]: Entering directory '/home/plotnips/Dropbox/PhD_proposal/work_with_david/Exawave_3_handover/simwave_export_to_ecrc_servers_/CMakeFiles/CMakeTmp'
Building C object CMakeFiles/cmTC_82b5f.dir/CheckSymbolExists.c.o
/sw/workstations/apps/linux-ubuntu18.04-ivybridge/intel-oneapi-compilers/2021.4.0/gcc-7.5.0/sqbobreknfie6u3gabzli6kfi3yox7as/compiler/2021.4.0/linux/bin/intel64/icc   -fPIC    -o CMakeFiles/cmTC_82b5f.dir/CheckSymbolExists.c.o   -c /home/plotnips/Dropbox/PhD_proposal/work_with_david/Exawave_3_handover/simwave_export_to_ecrc_servers_/CMakeFiles/CMakeTmp/CheckSymbolExists.c
Linking C executable cmTC_82b5f
/usr/bin/cmake -E cmake_link_script CMakeFiles/cmTC_82b5f.dir/link.txt --verbose=1
/sw/workstations/apps/linux-ubuntu18.04-ivybridge/intel-oneapi-compilers/2021.4.0/gcc-7.5.0/sqbobreknfie6u3gabzli6kfi3yox7as/compiler/2021.4.0/linux/bin/intel64/icc -fPIC      CMakeFiles/cmTC_82b5f.dir/CheckSymbolExists.c.o  -o cmTC_82b5f 
CMakeFiles/cmTC_82b5f.dir/CheckSymbolExists.c.o: In function `main':
CheckSymbolExists.c:(.text+0x25): undefined reference to `pthread_create'
CMakeFiles/cmTC_82b5f.dir/build.make:97: recipe for target 'cmTC_82b5f' failed
make[1]: *** [cmTC_82b5f] Error 1
make[1]: Leaving directory '/home/plotnips/Dropbox/PhD_proposal/work_with_david/Exawave_3_handover/simwave_export_to_ecrc_servers_/CMakeFiles/CMakeTmp'
Makefile:126: recipe for target 'cmTC_82b5f/fast' failed
make: *** [cmTC_82b5f/fast] Error 2

File /home/plotnips/Dropbox/PhD_proposal/work_with_david/Exawave_3_handover/simwave_export_to_ecrc_servers_/CMakeFiles/CMakeTmp/CheckSymbolExists.c:
/* */
#include <pthread.h>

int main(int argc, char** argv)
{
  (void)argv;
#ifndef pthread_create
  return ((int*)(&pthread_create))[argc];
#else
  (void)argc;
  return 0;
#endif
}

Determining if the function pthread_create exists in the pthreads failed with the following output:
Change Dir: /home/plotnips/Dropbox/PhD_proposal/work_with_david/Exawave_3_handover/simwave_export_to_ecrc_servers_/CMakeFiles/CMakeTmp

Run Build Command:"/usr/bin/make" "cmTC_21ad9/fast"
/usr/bin/make -f CMakeFiles/cmTC_21ad9.dir/build.make CMakeFiles/cmTC_21ad9.dir/build
make[1]: Entering directory '/home/plotnips/Dropbox/PhD_proposal/work_with_david/Exawave_3_handover/simwave_export_to_ecrc_servers_/CMakeFiles/CMakeTmp'
Building C object CMakeFiles/cmTC_21ad9.dir/CheckFunctionExists.c.o
/sw/workstations/apps/linux-ubuntu18.04-ivybridge/intel-oneapi-compilers/2021.4.0/gcc-7.5.0/sqbobreknfie6u3gabzli6kfi3yox7as/compiler/2021.4.0/linux/bin/intel64/icc   -fPIC -DCHECK_FUNCTION_EXISTS=pthread_create   -o CMakeFiles/cmTC_21ad9.dir/CheckFunctionExists.c.o   -c /usr/share/cmake-3.10/Modules/CheckFunctionExists.c
Linking C executable cmTC_21ad9
/usr/bin/cmake -E cmake_link_script CMakeFiles/cmTC_21ad9.dir/link.txt --verbose=1
/sw/workstations/apps/linux-ubuntu18.04-ivybridge/intel-oneapi-compilers/2021.4.0/gcc-7.5.0/sqbobreknfie6u3gabzli6kfi3yox7as/compiler/2021.4.0/linux/bin/intel64/icc -fPIC -DCHECK_FUNCTION_EXISTS=pthread_create     CMakeFiles/cmTC_21ad9.dir/CheckFunctionExists.c.o  -o cmTC_21ad9 -lpthreads 
ld: cannot find -lpthreads
CMakeFiles/cmTC_21ad9.dir/build.make:97: recipe for target 'cmTC_21ad9' failed
make[1]: *** [cmTC_21ad9] Error 1
make[1]: Leaving directory '/home/plotnips/Dropbox/PhD_proposal/work_with_david/Exawave_3_handover/simwave_export_to_ecrc_servers_/CMakeFiles/CMakeTmp'
Makefile:126: recipe for target 'cmTC_21ad9/fast' failed
make: *** [cmTC_21ad9/fast] Error 2


Performing C SOURCE FILE Test CMAKE_HAVE_LIBC_PTHREAD failed with the following output:
Change Dir: /home/plotnips/Dropbox/PhD_proposal/work_with_david/Exawave_3_handover/stencil_rtm/CMakeFiles/CMakeTmp

Run Build Command(s):/usr/bin/make -f Makefile cmTC_48291/fast && /usr/bin/make  -f CMakeFiles/cmTC_48291.dir/build.make CMakeFiles/cmTC_48291.dir/build
make[1]: Entering directory '/home/plotnips/Dropbox/PhD_proposal/work_with_david/Exawave_3_handover/stencil_rtm/CMakeFiles/CMakeTmp'
Building C object CMakeFiles/cmTC_48291.dir/src.c.o
/sw/workstations/apps/linux-ubuntu18.04-ivybridge/intel-oneapi-compilers/2021.4.0/gcc-7.5.0/sqbobreknfie6u3gabzli6kfi3yox7as/compiler/2021.4.0/linux/bin/intel64/icc -DCMAKE_HAVE_LIBC_PTHREAD  -fPIC  -MD -MT CMakeFiles/cmTC_48291.dir/src.c.o -MF CMakeFiles/cmTC_48291.dir/src.c.o.d -o CMakeFiles/cmTC_48291.dir/src.c.o -c /home/plotnips/Dropbox/PhD_proposal/work_with_david/Exawave_3_handover/stencil_rtm/CMakeFiles/CMakeTmp/src.c
Linking C executable cmTC_48291
/sw/workstations/apps/linux-ubuntu18.04-ivybridge/cmake/3.21.4/intel-20.0.4/vuy5v7it5f5hqrqa65ibf6uttrx2d3oj/bin/cmake -E cmake_link_script CMakeFiles/cmTC_48291.dir/link.txt --verbose=1
/sw/workstations/apps/linux-ubuntu18.04-ivybridge/intel-oneapi-compilers/2021.4.0/gcc-7.5.0/sqbobreknfie6u3gabzli6kfi3yox7as/compiler/2021.4.0/linux/bin/intel64/icc -fPIC  CMakeFiles/cmTC_48291.dir/src.c.o -o cmTC_48291 
CMakeFiles/cmTC_48291.dir/src.c.o: In function `main':
src.c:(.text+0x3b): undefined reference to `pthread_create'
src.c:(.text+0x44): undefined reference to `pthread_detach'
src.c:(.text+0x4d): undefined reference to `pthread_cancel'
src.c:(.text+0x58): undefined reference to `pthread_join'
src.c:(.text+0x63): undefined reference to `pthread_atfork'
CMakeFiles/cmTC_48291.dir/build.make:99: recipe for target 'cmTC_48291' failed
make[1]: *** [cmTC_48291] Error 1
make[1]: Leaving directory '/home/plotnips/Dropbox/PhD_proposal/work_with_david/Exawave_3_handover/stencil_rtm/CMakeFiles/CMakeTmp'
Makefile:127: recipe for target 'cmTC_48291/fast' failed
make: *** [cmTC_48291/fast] Error 2


Source file was:
#include <pthread.h>

static void* test_func(void* data)
{
  return data;
}

int main(void)
{
  pthread_t thread;
  pthread_create(&thread, NULL, test_func, NULL);
  pthread_detach(thread);
  pthread_cancel(thread);
  pthread_join(thread, NULL);
  pthread_atfork(NULL, NULL, NULL);
  pthread_exit(NULL);

  return 0;
}

